OpenGL Version: 4.5 (Core Profile) Mesa 25.2.8-0ubuntu0.24.04.2, GLSL: 4.50
OpenGL: Failed to load librashader: shaders will be disabled
ALSA lib confmisc.c:855:(parse_card) cannot find card '0'
ALSA lib conf.c:5208:(_snd_config_evaluate) function snd_func_card_inum returned error: No such file or directory
ALSA lib confmisc.c:422:(snd_func_concat) error evaluating strings
ALSA lib conf.c:5208:(_snd_config_evaluate) function snd_func_concat returned error: No such file or directory
ALSA lib confmisc.c:1342:(snd_func_refer) error evaluating name
ALSA lib conf.c:5208:(_snd_config_evaluate) function snd_func_refer returned error: No such file or directory
ALSA lib conf.c:5731:(snd_config_expand) Evaluate error: No such file or directory
ALSA lib pcm.c:2721:(snd_pcm_open_noupdate) Unknown PCM default
ALSA lib confmisc.c:855:(parse_card) cannot find card '0'
ALSA lib conf.c:5208:(_snd_config_evaluate) function snd_func_card_inum returned error: No such file or directory
ALSA lib confmisc.c:422:(snd_func_concat) error evaluating strings
ALSA lib conf.c:5208:(_snd_config_evaluate) function snd_func_concat returned error: No such file or directory
ALSA lib confmisc.c:1342:(snd_func_refer) error evaluating name
ALSA lib conf.c:5208:(_snd_config_evaluate) function snd_func_refer returned error: No such file or directory
ALSA lib conf.c:5731:(snd_config_expand) Evaluate error: No such file or directory
ALSA lib pcm.c:2721:(snd_pcm_open_noupdate) Unknown PCM default
Loaded gpsp
Vulkan Enabled: using paraLLEl-RDP
[gpSP]: rgba_buf=0x8039f9c8 (75 KB)
[gpSP]: gba_screen_pixels=0x0
N64 storage initialized
[gpSP]: gpSP N64 - GBA Emulator
[gpSP]: Initializing...
WARNING: Allocations beyond 4 MiB: this ROM requires the expansion pak to work properly.
WARNING: Call assert_memory_expanded() or is_memory_expanded() in main to disable this warning.
[gpSP]: Using built-in BIOS
[gpSP]: gamepak_code='BPEE' idle_loop_target_pc=0x080008ce
STUBS: watermark=18572 bytes, BE_SWAP=1
LD32[3]@0x80279a6c: 00040e02 00041780 00021582 00220825 38210003 1401fa7f 3c02801d 30817ffc
  +8: 00411021 8c427f80 00020e00 00022602 00240825 00022202 308400ff 00042400
JITSTUB scanning 18580 bytes (watermark 18572, +8 above it)
JITX arm rom 00000008
JITX arm rom 00000064
[gpSP]: boot.sav 425984 bytes, load OK
JITX thumb rom 080008ce
JITX thumb rom 080008c6
JIT xlat=4 hit=0 flush=2 chainmax=0 runaway=0
JIT badregion=0 lastbadpc=00000000
COUNT 56180621
TIME upd=1 vcount=0 frame=23100 ticks=2193730304 | icache calls=2 work=2 ticks=3K
JIT xlat=4 hit=0 flush=2 chainmax=0 runaway=0
JIT badregion=0 lastbadpc=00000000
COUNT 56200797
TIME upd=2 vcount=0 frame=23100 ticks=2193730570 | icache calls=2 work=2 ticks=3K
JIT xlat=4 hit=0 flush=2 chainmax=0 runaway=0
JIT badregion=0 lastbadpc=00000000
COUNT 56251817
TIME upd=3 vcount=0 frame=23100 ticks=2193731264 | icache calls=2 work=2 ticks=3K
JIT xlat=4 hit=0 flush=2 chainmax=0 runaway=0
JIT badregion=0 lastbadpc=00000000
COUNT 56270363
TIME upd=4 vcount=1 frame=23100 ticks=2193731536 | icache calls=2 work=2 ticks=3K
JIT xlat=4 hit=0 flush=2 chainmax=0 runaway=0
JIT badregion=0 lastbadpc=00000000
COUNT 56289526
TIME upd=5 vcount=1 frame=23100 ticks=2193731824 | icache calls=2 work=2 ticks=3K
JIT xlat=4 hit=0 flush=2 chainmax=0 runaway=0
JIT badregion=0 lastbadpc=00000000
COUNT 56308400
TIME upd=6 vcount=1 frame=23100 ticks=2193732496 | icache calls=2 work=2 ticks=3K
JIT xlat=4 hit=0 flush=2 chainmax=0 runaway=0
JIT badregion=0 lastbadpc=00000000
COUNT 56326660
TIME upd=7 vcount=2 frame=23100 ticks=2193732768 | icache calls=2 work=2 ticks=3K
JIT xlat=4 hit=0 flush=2 chainmax=0 runaway=0
JIT badregion=0 lastbadpc=00000000
COUNT 56345700
TIME upd=8 vcount=2 frame=23100 ticks=2193733078 | icache calls=2 work=2 ticks=3K
JIT xlat=4 hit=0 flush=2 chainmax=0 runaway=0
JIT badregion=0 lastbadpc=00000000
COUNT 56395661
TIME upd=50 vcount=16 frame=23100 ticks=2193750634 | icache calls=2 work=2 ticks=3K
JIT xlat=4 hit=0 flush=2 chainmax=0 runaway=0
JIT badregion=0 lastbadpc=00000000
COUNT 56449937
TIME upd=100 vcount=33 frame=23100 ticks=2193770960 | icache calls=2 work=2 ticks=3K
JIT xlat=4 hit=0 flush=2 chainmax=0 runaway=0
JIT badregion=0 lastbadpc=00000000
COUNT 56503921
TIME upd=150 vcount=50 frame=23100 ticks=2193791904 | icache calls=2 work=2 ticks=3K
JIT xlat=4 hit=0 flush=2 chainmax=0 runaway=0
JIT badregion=0 lastbadpc=00000000
COUNT 56557684
TIME upd=200 vcount=66 frame=23100 ticks=2193812576 | icache calls=2 work=2 ticks=3K
JIT xlat=4 hit=0 flush=2 chainmax=0 runaway=0
JIT badregion=0 lastbadpc=00000000
COUNT 56611438
TIME upd=250 vcount=83 frame=23100 ticks=2193833398 | icache calls=2 work=2 ticks=3K
JIT xlat=4 hit=0 flush=2 chainmax=0 runaway=0
JIT badregion=0 lastbadpc=00000000
COUNT 56664866
TIME upd=300 vcount=100 frame=23100 ticks=2193853504 | icache calls=2 work=2 ticks=3K
JIT xlat=4 hit=0 flush=2 chainmax=0 runaway=0
JIT badregion=0 lastbadpc=00000000
COUNT 56718441
TIME upd=350 vcount=117 frame=23100 ticks=2193874448 | icache calls=2 work=2 ticks=3K
JIT xlat=4 hit=0 flush=2 chainmax=0 runaway=0
JIT badregion=0 lastbadpc=00000000
COUNT 56772322
TIME upd=400 vcount=133 frame=23100 ticks=2193895120 | icache calls=2 work=2 ticks=3K
JITX arm rom 00000018
JITX arm rom 00000020
IMISS +0 hits +0 (0% miss)
ARESEMIT +764 (total 764)  <- ares recompiles of guest code
DMISS total=4260989 (+4260989) wb=2704860 | top: 10:668005(15%) 13:650483(15%) 22:414741(9%) 21:414740(9%) 20:409346(9%) 23:292234(6%)
RDPWORK syncs=0 prims=0 tris=0 px1=0 px2=0 pxfast=0 tmemwords=0 | per sync: 0 prims 0 px -> ~0 RDP cyc = 0.00 ms at 62.5MHz
DMISSFINE 80101800:651435(15%) 80135800:642417(15%) 805b6000:106499(2%) 805b5c00:28256(0%) 8061e800:22050(0%) 800fdc00:12818(0%) 807ff400:9949(0%) 807ff800:8667(0%) 80101400:8522(0%) 8020d000:6560(0%) 8020f800:6560(0%) 80213000:6560(0%)
DMISSPC 8009ef44:35953 8009ef54:35943 8009ef74:35942 8009ef64:35941 8009f04c:32768 8009f05c:32768 807ff630:27160 807ff698:26980
PCSAMPLE 8027ceec ra=8027ceec sp=807ff860
IMISS +0 hits +0 (0% miss)
ARESEMIT +2 (total 766)  <- ares recompiles of guest code
DMISS total=7180260 (+2919271) wb=4208655 | top: 10:1356220(46%) 13:1355087(46%) 20:39849(1%) 22:34455(1%) 21:34453(1%) 23:25382(0%)
RDPWORK syncs=0 prims=0 tris=0 px1=0 px2=0 pxfast=0 tmemwords=0 | per sync: 0 prims 0 px -> ~0 RDP cyc = 0.00 ms at 62.5MHz
DMISSFINE 80101800:1355767(46%) 80135800:1355087(46%) 800fdc00:1133(0%) 807ff800:679(0%) 801f9000:654(0%) 801f9800:654(0%) 801fb000:654(0%) 801fb800:654(0%) 801fd000:654(0%) 801fd800:654(0%) 801ff000:654(0%) 801ff800:654(0%)
DMISSPC 8004cd54:1355087 8004cd60:1355087 8027c67c:88543 8027c620:58124 8027c628:58124 802785d8:567 80278598:341 8004d064:227
PCSAMPLE 8027ced0 ra=80094564 sp=807ff860
IMISS +0 hits +0 (0% miss)
ARESEMIT +2 (total 768)  <- ares recompiles of guest code
DMISS total=9941074 (+2760814) wb=5589063 | top: 13:1380407(50%) 10:1380406(49%) 0f:1(0%)
RDPWORK syncs=0 prims=0 tris=0 px1=0 px2=0 pxfast=0 tmemwords=0 | per sync: 0 prims 0 px -> ~0 RDP cyc = 0.00 ms at 62.5MHz
DMISSFINE 80135800:1380407(50%) 80101800:1380406(49%) 800ff000:1(0%)
DMISSPC 8004cd54:1380407 8004cd60:1380406 802785d8:1
PCSAMPLE 8004cd60 ra=8004d084 sp=807ff7e8
IMISS +0 hits +0 (0% miss)
ARESEMIT +0 (total 768)  <- ares recompiles of guest code
DMISS total=12698329 (+2757255) wb=6967690 | top: 10:1378628(50%) 13:1378627(49%)
RDPWORK syncs=0 prims=0 tris=0 px1=0 px2=0 pxfast=0 tmemwords=0 | per sync: 0 prims 0 px -> ~0 RDP cyc = 0.00 ms at 62.5MHz
DMISSFINE 80101800:1378628(50%) 80135800:1378627(49%)
DMISSPC 8004cd60:1378628 8004cd54:1378627
PCSAMPLE 8027ced0 ra=80094564 sp=807ff860
IMISS +0 hits +0 (0% miss)
ARESEMIT +0 (total 768)  <- ares recompiles of guest code
DMISS total=15455583 (+2757254) wb=8346317 | top: 10:1378627(50%) 13:1378627(50%)
RDPWORK syncs=0 prims=0 tris=0 px1=0 px2=0 pxfast=0 tmemwords=0 | per sync: 0 prims 0 px -> ~0 RDP cyc = 0.00 ms at 62.5MHz
DMISSFINE 80101800:1378627(50%) 80135800:1378627(50%)
DMISSPC 8004cd54:1378627 8004cd60:1378627
PCSAMPLE 80278b04 ra=8027cf30 sp=807ff860
IMISS +0 hits +0 (0% miss)
ARESEMIT +0 (total 768)  <- ares recompiles of guest code
DMISS total=18212839 (+2757256) wb=9724945 | top: 10:1378628(50%) 13:1378628(50%)
RDPWORK syncs=0 prims=0 tris=0 px1=0 px2=0 pxfast=0 tmemwords=0 | per sync: 0 prims 0 px -> ~0 RDP cyc = 0.00 ms at 62.5MHz
DMISSFINE 80101800:1378628(50%) 80135800:1378628(50%)
DMISSPC 8004cd54:1378628 8004cd60:1378628
PCSAMPLE 8004cd8c ra=8004d084 sp=807ff7e8
IMISS +0 hits +0 (0% miss)
ARESEMIT +0 (total 768)  <- ares recompiles of guest code
DMISS total=20970093 (+2757254) wb=11103572 | top: 10:1378627(50%) 13:1378627(50%)
RDPWORK syncs=0 prims=0 tris=0 px1=0 px2=0 pxfast=0 tmemwords=0 | per sync: 0 prims 0 px -> ~0 RDP cyc = 0.00 ms at 62.5MHz
DMISSFINE 80101800:1378627(50%) 80135800:1378627(50%)
DMISSPC 8004cd54:1378627 8004cd60:1378627
PCSAMPLE 8027c758 ra=8027ceec sp=807ff860
IMISS +0 hits +0 (0% miss)
ARESEMIT +0 (total 768)  <- ares recompiles of guest code
DMISS total=23727347 (+2757254) wb=12482199 | top: 10:1378627(50%) 13:1378627(50%)
RDPWORK syncs=0 prims=0 tris=0 px1=0 px2=0 pxfast=0 tmemwords=0 | per sync: 0 prims 0 px -> ~0 RDP cyc = 0.00 ms at 62.5MHz
DMISSFINE 80101800:1378627(50%) 80135800:1378627(50%)
DMISSPC 8004cd54:1378627 8004cd60:1378627
PCSAMPLE 80278b14 ra=8027cf30 sp=807ff860
IMISS +0 hits +0 (0% miss)
ARESEMIT +0 (total 768)  <- ares recompiles of guest code
DMISS total=26484603 (+2757256) wb=13860827 | top: 10:1378628(50%) 13:1378628(50%)
RDPWORK syncs=0 prims=0 tris=0 px1=0 px2=0 pxfast=0 tmemwords=0 | per sync: 0 prims 0 px -> ~0 RDP cyc = 0.00 ms at 62.5MHz
DMISSFINE 80101800:1378628(50%) 80135800:1378628(50%)
DMISSPC 8004cd54:1378628 8004cd60:1378628
PCSAMPLE 8004cd8c ra=8004d084 sp=807ff7e8
IMISS +0 hits +0 (0% miss)
ARESEMIT +0 (total 768)  <- ares recompiles of guest code
DMISS total=29241857 (+2757254) wb=15239454 | top: 10:1378627(50%) 13:1378627(50%)
RDPWORK syncs=0 prims=0 tris=0 px1=0 px2=0 pxfast=0 tmemwords=0 | per sync: 0 prims 0 px -> ~0 RDP cyc = 0.00 ms at 62.5MHz
DMISSFINE 80101800:1378627(50%) 80135800:1378627(50%)
DMISSPC 8004cd54:1378627 8004cd60:1378627
PCSAMPLE 80278b5c ra=8027ceec sp=807ff860
PCSAMPLE 8027cf48 ra=8027cf48 sp=807ff860
PCSAMPLE 8004d084 ra=8004d084 sp=807ff820
PCSAMPLE 80278b4c ra=8027cef8 sp=807ff860
PCSAMPLE 8004d060 ra=80094564 sp=807ff860
PCSAMPLE 800023cc ra=8004d0e0 sp=807ff7e8
PCSAMPLE 80278b4c ra=8027cf04 sp=807ff860
PCSAMPLE 8004d060 ra=80094564 sp=807ff860
PCSAMPLE 8004d0e0 ra=8004d0e0 sp=807ff820
PCSAMPLE 802785d0 ra=8027cf10 sp=807ff860
PCSAMPLE 8004cd00 ra=8004d084 sp=807ff820
PCSAMPLE 80094564 ra=80094564 sp=807ff860
PCSAMPLE 802785c0 ra=8027cf1c sp=807ff860
PCSAMPLE 8004cd60 ra=8004d084 sp=807ff7e8
PCSAMPLE 8009459c ra=80094564 sp=807ff860
PCSAMPLE 8027c6fc ra=8027cf30 sp=807ff860
PCSAMPLE 8004cd60 ra=8004d084 sp=807ff7e8
PCSAMPLE 8009459c ra=80094564 sp=807ff860
PCSAMPLE 80278590 ra=8027cf30 sp=807ff860
PCSAMPLE 8004cd60 ra=8004d084 sp=807ff7e8
PCSAMPLE 8009459c ra=80094564 sp=807ff860
PCSAMPLE 80278590 ra=8027cf30 sp=807ff860
PCSAMPLE 8004cd60 ra=8004d084 sp=807ff7e8
PCSAMPLE 8027ced0 ra=80094564 sp=807ff860
PCSAMPLE 80278b04 ra=8027cf30 sp=807ff860
PCSAMPLE 8004cd60 ra=8004d084 sp=807ff7e8
PCSAMPLE 8027ced0 ra=80094564 sp=807ff860
PCSAMPLE 80278b04 ra=8027cf30 sp=807ff860
PCSAMPLE 8004cd8c ra=8004d084 sp=807ff7e8
PCSAMPLE 8027ced0 ra=80094564 sp=807ff860
PCSAMPLE 80278b04 ra=8027cf30 sp=807ff860
