Archive member included to satisfy reference by file (symbol)

/opt/libdragon/bin/../lib/gcc/mips64-elf/14.2.0/../../../../mips64-elf/lib/libdragon.a(n64sys.o)
                              cpu_threaded.o (symbol from plugin) (data_cache_hit_writeback_invalidate)
/opt/libdragon/bin/../lib/gcc/mips64-elf/14.2.0/../../../../mips64-elf/lib/libdragon.a(interrupt.o)
                              /opt/libdragon/bin/../lib/gcc/mips64-elf/14.2.0/../../../../mips64-elf/lib/libdragon.a(n64sys.o) (disable_interrupts)
/opt/libdragon/bin/../lib/gcc/mips64-elf/14.2.0/../../../../mips64-elf/lib/libdragon.a(entrypoint.o)
                              (_start)
/opt/libdragon/bin/../lib/gcc/mips64-elf/14.2.0/../../../../mips64-elf/lib/libdragon.a(debug.o)
                              n64/n64_main.o (symbol from plugin) (debug_init_usblog)
/opt/libdragon/bin/../lib/gcc/mips64-elf/14.2.0/../../../../mips64-elf/lib/libdragon.a(usb.o)
                              /opt/libdragon/bin/../lib/gcc/mips64-elf/14.2.0/../../../../mips64-elf/lib/libdragon.a(debug.o) (usb_write)
/opt/libdragon/bin/../lib/gcc/mips64-elf/14.2.0/../../../../mips64-elf/lib/libdragon.a(cart.o)
                              /opt/libdragon/bin/../lib/gcc/mips64-elf/14.2.0/../../../../mips64-elf/lib/libdragon.a(debug.o) (cart_init)
/opt/libdragon/bin/../lib/gcc/mips64-elf/14.2.0/../../../../mips64-elf/lib/libdragon.a(ff.o)
                              /opt/libdragon/bin/../lib/gcc/mips64-elf/14.2.0/../../../../mips64-elf/lib/libdragon.a(debug.o) (f_mount)
/opt/libdragon/bin/../lib/gcc/mips64-elf/14.2.0/../../../../mips64-elf/lib/libdragon.a(ffunicode.o)
                              /opt/libdragon/bin/../lib/gcc/mips64-elf/14.2.0/../../../../mips64-elf/lib/libdragon.a(ff.o) (ff_uni2oem)
/opt/libdragon/bin/../lib/gcc/mips64-elf/14.2.0/../../../../mips64-elf/lib/libdragon.a(dragonfs.o)
                              n64/n64_main.o (symbol from plugin) (dfs_init)
/opt/libdragon/bin/../lib/gcc/mips64-elf/14.2.0/../../../../mips64-elf/lib/libdragon.a(audio.o)
                              n64/n64_audio.o (symbol from plugin) (audio_init)
/opt/libdragon/bin/../lib/gcc/mips64-elf/14.2.0/../../../../mips64-elf/lib/libdragon.a(display.o)
                              n64/n64_video.o (symbol from plugin) (display_init)
/opt/libdragon/bin/../lib/gcc/mips64-elf/14.2.0/../../../../mips64-elf/lib/libdragon.a(surface.o)
                              /opt/libdragon/bin/../lib/gcc/mips64-elf/14.2.0/../../../../mips64-elf/lib/libdragon.a(display.o) (surface_alloc)
/opt/libdragon/bin/../lib/gcc/mips64-elf/14.2.0/../../../../mips64-elf/lib/libdragon.a(graphics.o)
                              n64/n64_video.o (symbol from plugin) (graphics_set_color)
/opt/libdragon/bin/../lib/gcc/mips64-elf/14.2.0/../../../../mips64-elf/lib/libdragon.a(rsp.o)
                              /opt/libdragon/bin/../lib/gcc/mips64-elf/14.2.0/../../../../mips64-elf/lib/libdragon.a(display.o) (__rsp_crash)
/opt/libdragon/bin/../lib/gcc/mips64-elf/14.2.0/../../../../mips64-elf/lib/libdragon.a(rsp_crash.o)
                              /opt/libdragon/bin/../lib/gcc/mips64-elf/14.2.0/../../../../mips64-elf/lib/libdragon.a(rsp.o) (rsp_crash_data_start)
/opt/libdragon/bin/../lib/gcc/mips64-elf/14.2.0/../../../../mips64-elf/lib/libdragon.a(inspector.o)
                              /opt/libdragon/bin/../lib/gcc/mips64-elf/14.2.0/../../../../mips64-elf/lib/libdragon.a(debug.o) (__inspector_assertion)
/opt/libdragon/bin/../lib/gcc/mips64-elf/14.2.0/../../../../mips64-elf/lib/libdragon.a(sprite.o)
                              /opt/libdragon/bin/../lib/gcc/mips64-elf/14.2.0/../../../../mips64-elf/lib/libdragon.a(graphics.o) (__sprite_upgrade)
/opt/libdragon/bin/../lib/gcc/mips64-elf/14.2.0/../../../../mips64-elf/lib/libdragon.a(dma.o)
                              /opt/libdragon/bin/../lib/gcc/mips64-elf/14.2.0/../../../../mips64-elf/lib/libdragon.a(debug.o) (io_accessible)
/opt/libdragon/bin/../lib/gcc/mips64-elf/14.2.0/../../../../mips64-elf/lib/libdragon.a(exception.o)
                              /opt/libdragon/bin/../lib/gcc/mips64-elf/14.2.0/../../../../mips64-elf/lib/libdragon.a(inspector.o) (__exception_dump_header)
/opt/libdragon/bin/../lib/gcc/mips64-elf/14.2.0/../../../../mips64-elf/lib/libdragon.a(do_ctors.o)
                              /opt/libdragon/bin/../lib/gcc/mips64-elf/14.2.0/../../../../mips64-elf/lib/libdragon.a(entrypoint.o) (__wrap___do_global_ctors)
/opt/libdragon/bin/../lib/gcc/mips64-elf/14.2.0/../../../../mips64-elf/lib/libdragon.a(dlfcn.o)
                              /opt/libdragon/bin/../lib/gcc/mips64-elf/14.2.0/../../../../mips64-elf/lib/libdragon.a(inspector.o) (__dl_list_head)
/opt/libdragon/bin/../lib/gcc/mips64-elf/14.2.0/../../../../mips64-elf/lib/libdragon.a(controller.o)
                              /opt/libdragon/bin/../lib/gcc/mips64-elf/14.2.0/../../../../mips64-elf/lib/libdragon.a(inspector.o) (controller_read)
[...]
Memory Configuration

Name             Origin             Length             Attributes
*default*        0x00000000         0xffffffff

Linker script and memory map

LOAD /opt/libdragon/bin/../lib/gcc/mips64-elf/14.2.0/crti.o
LOAD /opt/libdragon/bin/../lib/gcc/mips64-elf/14.2.0/crtbegin.o
LOAD main.o
LOAD /tmp/ccVTZKFF.ltrans0.ltrans.o
LOAD /tmp/ccVTZKFF.ltrans1.ltrans.o
LOAD /tmp/ccVTZKFF.ltrans2.ltrans.o
LOAD /tmp/ccVTZKFF.ltrans3.ltrans.o
LOAD /tmp/ccCJhs3G.debug.temp.o
LOAD /tmp/cc35xdnH.debug.temp.o
LOAD /tmp/cclU4Nfq.debug.temp.o
LOAD /tmp/ccqZJurc.debug.temp.o
LOAD /tmp/ccgp68sg.debug.temp.o
LOAD /tmp/ccg22DOU.debug.temp.o
LOAD /tmp/ccRIWvaR.debug.temp.o
LOAD /tmp/ccQ7PPfB.debug.temp.o
LOAD /tmp/cc3iow1q.debug.temp.o
LOAD /tmp/ccFAoJ5D.debug.temp.o
LOAD /tmp/ccOGr7iI.debug.temp.o
LOAD /tmp/ccPTDp6n.debug.temp.o
LOAD /tmp/ccQ3zvkV.debug.temp.o
LOAD /tmp/ccV8Vcv6.debug.temp.o
LOAD /tmp/ccGe20eJ.debug.temp.o
LOAD /tmp/ccqzeaeN.debug.temp.o
LOAD /tmp/ccLPJt2G.debug.temp.o
LOAD /tmp/ccF8hgC4.debug.temp.o
LOAD gba_memory.o
LOAD savestate.o
LOAD sound.o
LOAD cheats.o
LOAD serial.o
LOAD gbp.o
LOAD rfu.o
LOAD serial_proto.o
LOAD gba_cc_lut.o
LOAD memmap.o
LOAD video.o
LOAD cpu.o
LOAD cpu_threaded.o
LOAD bios_data.o
LOAD mips/mips_stub.o
LOAD mips/mips_interp.o
LOAD n64/n64_interp.o
LOAD n64/n64_main.o
LOAD n64/n64_video.o
LOAD n64/n64_audio.o
LOAD n64/n64_input.o
LOAD n64/n64_storage.o
LOAD /opt/libdragon/bin/../lib/gcc/mips64-elf/14.2.0/../../../../mips64-elf/lib/libdragon.a
LOAD /opt/libdragon/bin/../lib/gcc/mips64-elf/14.2.0/../../../../mips64-elf/lib/libm.a
LOAD /opt/libdragon/bin/../lib/gcc/mips64-elf/14.2.0/../../../../mips64-elf/lib/libdragonsys.a

.intvectors     0x80000000      0x188
                0x80000000                        . = ALIGN (0x20)
 *(.intvectors)
 .intvectors    0x80000000      0x188 /opt/libdragon/bin/../lib/gcc/mips64-elf/14.2.0/../../../../mips64-elf/lib/libdragon.a(inthandler.o)
                0x80000188                        __intvectors_end = .

.text           0x80000400    0xba1d0
                0x80000400                        __text_start = .
 *(.boot)
 .boot          0x80000400       0x68 /opt/libdragon/bin/../lib/gcc/mips64-elf/14.2.0/../../../../mips64-elf/lib/libdragon.a(entrypoint.o)
                0x80000400                _start
                0x80000470                        . = ALIGN (0x10)
 *fill*         0x80000468        0x8 
 *(.text)
 *fill*         0x80000470       0x10 
 .text          0x80000480     0xd860 /tmp/ccVTZKFF.ltrans0.ltrans.o
                0x800004a0                read_backup
                0x80000580                read_eeprom
                0x80002f00                write_eeprom
                0x800030c0                write_backup
                0x800033c0                write_gpio
                0x800042a0                reload_timing_info
                0x80004400                evict_gamepak_page.lto_priv.0
                0x800044e0                load_gamepak_page
                0x80004620                read_memory8
                0x800048e0                read_memory8s
                0x80004920                read_memory16
                0x80004bc0                read_memory16_signed
                0x80004e60                read_memory16s
                0x80004ea0                read_memory32
                0x8000a500                write_io_register16
                0x8000be40                write_io_register8
                0x8000bf00                write_memory8
                0x8000c040                write_io_register32
                0x8000c0e0                write_memory32
                0x8000c2c0                write_memory16
                0x8000c900                process_cheats
                0x8000cc40                update_gba
                0x8000d620                bson_contains_key
                0x8000d800                bson_find_key
                0x8000d9e0                bson_read_int32
                0x8000da60                bson_read_int32_array
                0x8000db40                init_noise_table.lto_priv.0
                0x8000dbe0                reset_sound
 .text          0x8000dce0    0x3ce00 /tmp/ccVTZKFF.ltrans1.ltrans.o
                0x8000dce0                emit_pmemld_stub.lto_priv.0
                0x8000e720                emit_pmemst_stub.lto_priv.0
                0x8000ebe0                emit_palette_hdl.lto_priv.0
                0x8000ef00                execute_spsr_restore_body
                0x8000f000                execute_store_cpsr_body
                0x8000f0e0                emit_openload_stub.lto_priv.0
                0x8000f360                emit_phand.lto_priv.0
                0x8000f460                block_lookup_translate_thumb
                0x8000f680                block_lookup_address_thumb
                0x8004a9e0                block_lookup_address_arm
                0x8004aa80                block_lookup_address_dual
 .text          0x8004aae0     0xad60 /tmp/ccVTZKFF.ltrans2.ltrans.o
                0x8004aae0                flush_translation_cache_ram
                0x8004aca0                translate_block_thumb
 .text          0x80055840      0x240 /tmp/ccVTZKFF.ltrans3.ltrans.o
                0x80055a60                rfu_net_send_data.constprop.0.isra.0
 .text          0x80055a80      0x980 mips/mips_stub.o
                0x80055a80                mips_update_gba
                0x80055b54                mips_cheat_hook
                0x80055c18                mips_indirect_branch_arm
                0x80055ca8                mips_indirect_branch_thumb
                0x80055d38                mips_indirect_branch_dual
                0x80055dc8                write_io_epilogue
                0x80055f0c                smc_write
                0x80055f5c                execute_read_cpsr
                0x80055f90                execute_read_spsr
                0x80055fa8                execute_swi
                0x80056088                execute_spsr_restore
                0x8005615c                execute_store_cpsr
                0x800562ac                execute_store_spsr
                0x800562d8                execute_arm_translate_internal
 .text          0x80056400      0x380 /opt/libdragon/bin/../lib/gcc/mips64-elf/14.2.0/../../../../mips64-elf/lib/libdragon.a(inthandler.o)
                0x80056400                inthandler
                0x80056780                inthandler_end
 .text          0x80056780      0x1c0 /opt/libdragon/bin/../lib/gcc/mips64-elf/14.2.0/../../../../mips64-elf/lib/libm.a(libm_a-s_floor.o)
                0x80056780                floor
 .text          0x80056940      0x110 /opt/libdragon/bin/../lib/gcc/mips64-elf/14.2.0/../../../../mips64-elf/lib/libm.a(libm_a-sf_floor.o)
                0x80056940                floorf
 .text          0x80056a50       0x18 /opt/libdragon/bin/../lib/gcc/mips64-elf/14.2.0/../../../../mips64-elf/lib/libc.a(libc_a-abort.o)
                0x80056a50                abort
 .text          0x80056a68       0x18 /opt/libdragon/bin/../lib/gcc/mips64-elf/14.2.0/../../../../mips64-elf/lib/libc.a(libc_a-calloc.o)
                0x80056a68                calloc
 .text          0x80056a80      0x120 /opt/libdragon/bin/../lib/gcc/mips64-elf/14.2.0/../../../../mips64-elf/lib/libc.a(libc_a-callocr.o)
                0x80056a80                _calloc_r
 .text          0x80056ba0       0x20 /opt/libdragon/bin/../lib/gcc/mips64-elf/14.2.0/../../../../mips64-elf/lib/libc.a(libc_a-malloc.o)
                0x80056ba0                malloc
                0x80056bb0                free
 .text          0x80056bc0      0x8c8 /opt/libdragon/bin/../lib/gcc/mips64-elf/14.2.0/../../../../mips64-elf/lib/libc.a(libc_a-mallocr.o)
                0x80056bc0                _malloc_r
 .text          0x80057488       0x20 /opt/libdragon/bin/../lib/gcc/mips64-elf/14.2.0/../../../../mips64-elf/lib/libc.a(libc_a-mlock.o)
                0x80057488                __malloc_lock
                0x80057498                __malloc_unlock
 .text          0x800574a8      0x600 /opt/libdragon/bin/../lib/gcc/mips64-elf/14.2.0/../../../../mips64-elf/lib/libc.a(libc_a-reallocr.o)
                0x800574a8                _realloc_r
 .text          0x80057aa8       0x18 /opt/libdragon/bin/../lib/gcc/mips64-elf/14.2.0/../../../../mips64-elf/lib/libc.a(libc_a-malign.o)
                0x80057aa8                memalign
 .text          0x80057ac0      0x200 /opt/libdragon/bin/../lib/gcc/mips64-elf/14.2.0/../../../../mips64-elf/lib/libc.a(libc_a-malignr.o)
                0x80057ac0                _memalign_r
 .text          0x80057cc0     0x2a08 /opt/libdragon/bin/../lib/gcc/mips64-elf/14.2.0/../../../../mips64-elf/lib/libc.a(libc_a-vfprintf.o)
                0x80057cc0                _vfprintf_r
                0x8005a5b0                vfprintf
 .text          0x8005a6c8       0x40 /opt/libdragon/bin/../lib/gcc/mips64-elf/14.2.0/../../../../mips64-elf/lib/libc.a(libc_a-sprint_r.o)
                0x8005a6c8                __sprint_r
 .text          0x8005a708      0x1b0 /opt/libdragon/bin/../lib/gcc/mips64-elf/14.2.0/../../../../mips64-elf/lib/libc.a(libc_a-fclose.o)
                0x8005a708                _fclose_r
                0x8005a8a8                fclose
 .text          0x8005a8b8      0x458 /opt/libdragon/bin/../lib/gcc/mips64-elf/14.2.0/../../../../mips64-elf/lib/libc.a(libc_a-fflush.o)
                0x8005a8b8                __sflush_r
                0x8005ab10                _fflush_r
                0x8005ac18                fflush
 .text          0x8005ad10      0x510 /opt/libdragon/bin/../lib/gcc/mips64-elf/14.2.0/../../../../mips64-elf/lib/libc.a(libc_a-findfp.o)
                0x8005afa8                __sfp
                0x8005b118                __sinit
                0x8005b190                __sfp_lock_acquire
                0x8005b1a0                __sfp_lock_release
                0x8005b1b0                __fp_lock_all
                0x8005b1e8                __fp_unlock_all
 .text          0x8005b220       0xc8 /opt/libdragon/bin/../lib/gcc/mips64-elf/14.2.0/../../../../mips64-elf/lib/libc.a(libc_a-flags.o)
                0x8005b220                __sflags
 .text          0x8005b2e8      0x1b8 /opt/libdragon/bin/../lib/gcc/mips64-elf/14.2.0/../../../../mips64-elf/lib/libc.a(libc_a-fopen.o)
                0x8005b2e8                _fopen_r
                0x8005b488                fopen
 .text          0x8005b4a0       0x68 /opt/libdragon/bin/../lib/gcc/mips64-elf/14.2.0/../../../../mips64-elf/lib/libc.a(libc_a-fprintf.o)
                0x8005b4a0                _fprintf_r
                0x8005b4c8                fprintf
 .text          0x8005b508      0x190 /opt/libdragon/bin/../lib/gcc/mips64-elf/14.2.0/../../../../mips64-elf/lib/libc.a(libc_a-fputc.o)
                0x8005b508                _fputc_r
                0x8005b5d0                fputc
 .text          0x8005b698      0x3d0 /opt/libdragon/bin/../lib/gcc/mips64-elf/14.2.0/../../../../mips64-elf/lib/libc.a(libc_a-fread.o)
                0x8005b698                _fread_r
                0x8005ba38                fread
 .text          0x8005ba68       0x20 /opt/libdragon/bin/../lib/gcc/mips64-elf/14.2.0/../../../../mips64-elf/lib/libc.a(libc_a-fseek.o)
                0x8005ba68                _fseek_r
                0x8005ba70                fseek
 .text          0x8005ba88       0x18 /opt/libdragon/bin/../lib/gcc/mips64-elf/14.2.0/../../../../mips64-elf/lib/libc.a(libc_a-ftell.o)
                0x8005ba88                _ftell_r
                0x8005ba90                ftell
 .text          0x8005baa0      0x508 /opt/libdragon/bin/../lib/gcc/mips64-elf/14.2.0/../../../../mips64-elf/lib/libc.a(libc_a-fvwrite.o)
                0x8005baa0                __sfvwrite_r
 .text          0x8005bfa8       0xc0 /opt/libdragon/bin/../lib/gcc/mips64-elf/14.2.0/../../../../mips64-elf/lib/libc.a(libc_a-fwalk.o)
                0x8005bfa8                _fwalk_sglue
 .text          0x8005c068      0x250 /opt/libdragon/bin/../lib/gcc/mips64-elf/14.2.0/../../../../mips64-elf/lib/libc.a(libc_a-fwrite.o)
                0x8005c068                _fwrite_r
                0x8005c288                fwrite
 .text          0x8005c2b8       0x78 /opt/libdragon/bin/../lib/gcc/mips64-elf/14.2.0/../../../../mips64-elf/lib/libc.a(libc_a-printf.o)
                0x8005c2b8                _printf_r
                0x8005c2f0                printf
 .text          0x8005c330      0x240 /opt/libdragon/bin/../lib/gcc/mips64-elf/14.2.0/../../../../mips64-elf/lib/libc.a(libc_a-putc.o)
                0x8005c330                _putc_r
                0x8005c440                putc
 .text          0x8005c570       0x20 /opt/libdragon/bin/../lib/gcc/mips64-elf/14.2.0/../../../../mips64-elf/lib/libc.a(libc_a-putchar.o)
                0x8005c570                _putchar_r
                0x8005c578                putchar
 .text          0x8005c590      0x1a8 /opt/libdragon/bin/../lib/gcc/mips64-elf/14.2.0/../../../../mips64-elf/lib/libc.a(libc_a-puts.o)
                0x8005c590                _puts_r
                0x8005c728                puts
 .text          0x8005c738      0x200 /opt/libdragon/bin/../lib/gcc/mips64-elf/14.2.0/../../../../mips64-elf/lib/libc.a(libc_a-refill.o)
                0x8005c760                __srefill_r
 .text          0x8005c938      0x2f0 /opt/libdragon/bin/../lib/gcc/mips64-elf/14.2.0/../../../../mips64-elf/lib/libc.a(libc_a-setvbuf.o)
                0x8005c938                setvbuf
 .text          0x8005cc28      0x1c8 /opt/libdragon/bin/../lib/gcc/mips64-elf/14.2.0/../../../../mips64-elf/lib/libc.a(libc_a-snprintf.o)
                0x8005cc28                _snprintf_r
                0x8005cd08                snprintf
 .text          0x8005cdf0       0xe0 /opt/libdragon/bin/../lib/gcc/mips64-elf/14.2.0/../../../../mips64-elf/lib/libc.a(libc_a-sprintf.o)
                0x8005cdf0                _sprintf_r
                0x8005ce58                sprintf
 .text          0x8005ced0      0x190 /opt/libdragon/bin/../lib/gcc/mips64-elf/14.2.0/../../../../mips64-elf/lib/libc.a(libc_a-stdio.o)
                0x8005ced0                __sread
                0x8005cf28                __seofread
                0x8005cf30                __swrite
                0x8005cff0                __sseek
                0x8005d058                __sclose
 .text          0x8005d060       0x30 /opt/libdragon/bin/../lib/gcc/mips64-elf/14.2.0/../../../../mips64-elf/lib/libc.a(libc_a-vprintf.o)
                0x8005d060                vprintf
                0x8005d078                _vprintf_r
 .text          0x8005d090      0x1d0 /opt/libdragon/bin/../lib/gcc/mips64-elf/14.2.0/../../../../mips64-elf/lib/libc.a(libc_a-wbuf.o)
                0x8005d090                __swbuf_r
                0x8005d248                __swbuf
 .text          0x8005d260      0x1e0 /opt/libdragon/bin/../lib/gcc/mips64-elf/14.2.0/../../../../mips64-elf/lib/libc.a(libc_a-wsetup.o)
                0x8005d260                __swsetup_r
 .text          0x8005d440      0x550 /opt/libdragon/bin/../lib/gcc/mips64-elf/14.2.0/../../../../mips64-elf/lib/libc.a(libc_a-fseeko.o)
                0x8005d440                _fseeko_r
                0x8005d978                fseeko
 .text          0x8005d990      0x1e8 /opt/libdragon/bin/../lib/gcc/mips64-elf/14.2.0/../../../../mips64-elf/lib/libc.a(libc_a-ftello.o)
                0x8005d990                _ftello_r
                0x8005db68                ftello
 .text          0x8005db78       0xf0 /opt/libdragon/bin/../lib/gcc/mips64-elf/14.2.0/../../../../mips64-elf/lib/libc.a(libc_a-memchr.o)
                0x8005db78                memchr
 .text          0x8005dc68       0x80 /opt/libdragon/bin/../lib/gcc/mips64-elf/14.2.0/../../../../mips64-elf/lib/libc.a(libc_a-memcmp.o)
                0x8005dc68                memcmp
 .text          0x8005dce8      0x168 /opt/libdragon/bin/../lib/gcc/mips64-elf/14.2.0/../../../../mips64-elf/lib/libc.a(libc_a-memmove.o)
                0x8005dce8                memmove
 .text          0x8005de50       0x98 /opt/libdragon/bin/../lib/gcc/mips64-elf/14.2.0/../../../../mips64-elf/lib/libc.a(libc_a-strcat.o)
                0x8005de50                strcat
 .text          0x8005dee8      0x188 /opt/libdragon/bin/../lib/gcc/mips64-elf/14.2.0/../../../../mips64-elf/lib/libc.a(libc_a-strchr.o)
                0x8005dee8                strchr
 .text          0x8005e070       0xa8 /opt/libdragon/bin/../lib/gcc/mips64-elf/14.2.0/../../../../mips64-elf/lib/libc.a(libc_a-strcpy.o)
                0x8005e070                strcpy
 .text          0x8005e118       0xc8 /opt/libdragon/bin/../lib/gcc/mips64-elf/14.2.0/../../../../mips64-elf/lib/libc.a(libc_a-strncmp.o)
                0x8005e118                strncmp
 .text          0x8005e1e0       0x70 /opt/libdragon/bin/../lib/gcc/mips64-elf/14.2.0/../../../../mips64-elf/lib/libc.a(libc_a-strrchr.o)
                0x8005e1e0                strrchr
 .text          0x8005e250      0xbb8 /opt/libdragon/bin/../lib/gcc/mips64-elf/14.2.0/../../../../mips64-elf/lib/libc.a(libc_a-strstr.o)
                0x8005eb08                strstr
 .text          0x8005ee08      0x598 /opt/libdragon/bin/../lib/gcc/mips64-elf/14.2.0/../../../../mips64-elf/lib/libc.a(libc_a-signal.o)
                0x8005ee08                _init_signal_r
                0x8005ee70                _signal_r
                0x8005ef20                _raise_r
                0x8005efd8                __sigtramp_r
                0x8005f0c8                raise
                0x8005f190                signal
                0x8005f248                _init_signal
                0x8005f2b8                __sigtramp
 .text          0x8005f3a0       0x10 /opt/libdragon/bin/../lib/gcc/mips64-elf/14.2.0/../../../../mips64-elf/lib/libc.a(libc_a-lcltime.o)
                0x8005f3a0                localtime
 .text          0x8005f3b0      0x4b0 /opt/libdragon/bin/../lib/gcc/mips64-elf/14.2.0/../../../../mips64-elf/lib/libc.a(libc_a-lcltime_r.o)
                0x8005f3b0                localtime_r
 .text          0x8005f860       0x50 /opt/libdragon/bin/../lib/gcc/mips64-elf/14.2.0/../../../../mips64-elf/lib/libc.a(libc_a-time.o)
                0x8005f860                time
 .text          0x8005f8b0      0x330 /opt/libdragon/bin/../lib/gcc/mips64-elf/14.2.0/../../../../mips64-elf/lib/libc.a(libc_a-tzcalc_limits.o)
                0x8005f8b0                __tzcalc_limits
 .text          0x8005fbe0       0x20 /opt/libdragon/bin/../lib/gcc/mips64-elf/14.2.0/../../../../mips64-elf/lib/libc.a(libc_a-tzlock.o)
                0x8005fbe0                __tz_lock
                0x8005fbf0                __tz_unlock
 .text          0x8005fc00       0x30 /opt/libdragon/bin/../lib/gcc/mips64-elf/14.2.0/../../../../mips64-elf/lib/libc.a(libc_a-tzset.o)
                0x8005fc00                _tzset_unlocked
                0x8005fc08                tzset
 .text          0x8005fc30      0x6f8 /opt/libdragon/bin/../lib/gcc/mips64-elf/14.2.0/../../../../mips64-elf/lib/libc.a(libc_a-tzset_r.o)
                0x8005fc30                _tzset_unlocked_r
                0x800602f8                _tzset_r
 .text          0x80060328       0x28 /opt/libdragon/bin/../lib/gcc/mips64-elf/14.2.0/../../../../mips64-elf/lib/libc.a(libc_a-localeconv.o)
                0x80060328                __localeconv_l
                0x80060330                _localeconv_r
                0x80060340                localeconv
 .text          0x80060350       0x50 /opt/libdragon/bin/../lib/gcc/mips64-elf/14.2.0/../../../../mips64-elf/lib/libc.a(libc_a-closer.o)
                0x80060350                _close_r
 .text          0x800603a0       0x58 /opt/libdragon/bin/../lib/gcc/mips64-elf/14.2.0/../../../../mips64-elf/lib/libc.a(libc_a-fstatr.o)
                0x800603a0                _fstat_r
 .text          0x800603f8       0x58 /opt/libdragon/bin/../lib/gcc/mips64-elf/14.2.0/../../../../mips64-elf/lib/libc.a(libc_a-gettimeofdayr.o)
                0x800603f8                _gettimeofday_r
 .text          0x80060450       0x60 /opt/libdragon/bin/../lib/gcc/mips64-elf/14.2.0/../../../../mips64-elf/lib/libc.a(libc_a-lseekr.o)
                0x80060450                _lseek_r
 .text          0x800604b0       0x60 /opt/libdragon/bin/../lib/gcc/mips64-elf/14.2.0/../../../../mips64-elf/lib/libc.a(libc_a-openr.o)
                0x800604b0                _open_r
 .text          0x80060510       0x60 /opt/libdragon/bin/../lib/gcc/mips64-elf/14.2.0/../../../../mips64-elf/lib/libc.a(libc_a-readr.o)
                0x80060510                _read_r
 .text          0x80060570       0x60 /opt/libdragon/bin/../lib/gcc/mips64-elf/14.2.0/../../../../mips64-elf/lib/libc.a(libc_a-signalr.o)
                0x80060570                _kill_r
                0x800605c8                _getpid_r
 .text          0x800605d0       0x50 /opt/libdragon/bin/../lib/gcc/mips64-elf/14.2.0/../../../../mips64-elf/lib/libc.a(libc_a-sbrkr.o)
                0x800605d0                _sbrk_r
 .text          0x80060620       0x60 /opt/libdragon/bin/../lib/gcc/mips64-elf/14.2.0/../../../../mips64-elf/lib/libc.a(libc_a-writer.o)
                0x80060620                _write_r
 .text          0x80060680        0x8 /opt/libdragon/bin/../lib/gcc/mips64-elf/14.2.0/../../../../mips64-elf/lib/libc.a(libc_a-errno.o)
                0x80060680                __errno
 .text          0x80060688       0x50 /opt/libdragon/bin/../lib/gcc/mips64-elf/14.2.0/../../../../mips64-elf/lib/libc.a(libc_a-lock.o)
                0x80060688                __retarget_lock_init
                0x80060690                __retarget_lock_init_recursive
                0x80060698                __retarget_lock_close
                0x800606a0                __retarget_lock_close_recursive
                0x800606a8                __retarget_lock_acquire
                0x800606b0                __retarget_lock_acquire_recursive
                0x800606b8                __retarget_lock_try_acquire
                0x800606c0                __retarget_lock_try_acquire_recursive
                0x800606c8                __retarget_lock_release
                0x800606d0                __retarget_lock_release_recursive
 .text          0x800606d8       0x18 /opt/libdragon/bin/../lib/gcc/mips64-elf/14.2.0/../../../../mips64-elf/lib/libc.a(libc_a-strlen.o)
                0x800606d8                strlen
 .text          0x800606f0      0x240 /opt/libdragon/bin/../lib/gcc/mips64-elf/14.2.0/../../../../mips64-elf/lib/libc.a(libc_a-strcmp.o)
                0x800606f0                strcmp
 .text          0x80060930      0x11c /opt/libdragon/bin/../lib/gcc/mips64-elf/14.2.0/../../../../mips64-elf/lib/libc.a(libc_a-memset.o)
                0x80060930                memset
 .text          0x80060a4c      0x370 /opt/libdragon/bin/../lib/gcc/mips64-elf/14.2.0/../../../../mips64-elf/lib/libc.a(libc_a-memcpy.o)
                0x80060a4c                memcpy
 *fill*         0x80060dbc        0x4 
 .text          0x80060dc0     0x1810 /opt/libdragon/bin/../lib/gcc/mips64-elf/14.2.0/../../../../mips64-elf/lib/libc.a(libc_a-dtoa.o)
                0x80061010                _dtoa_r
 .text          0x800625d0      0x470 /opt/libdragon/bin/../lib/gcc/mips64-elf/14.2.0/../../../../mips64-elf/lib/libc.a(libc_a-freer.o)
                0x800625d0                _malloc_trim_r
                0x80062710                _free_r
 .text          0x80062a40      0x150 /opt/libdragon/bin/../lib/gcc/mips64-elf/14.2.0/../../../../mips64-elf/lib/libc.a(libc_a-getenv_r.o)
                0x80062a40                _findenv_r
                0x80062b70                _getenv_r
 .text          0x80062b90     0x1480 /opt/libdragon/bin/../lib/gcc/mips64-elf/14.2.0/../../../../mips64-elf/lib/libc.a(libc_a-mprec.o)
                0x80062b90                _Balloc
                0x80062c40                _Bfree
                0x80062c70                __multadd
                0x80062dc8                __s2b
                0x80062f48                __hi0bits
                0x80062ff0                __lo0bits
                0x80063108                __i2b
                0x800631e0                __multiply
                0x80063468                __pow5mult
                0x800635d0                __lshift
                0x80063788                __mcmp
                0x800637f0                __mdiff
                0x80063a68                __ulp
                0x80063b18                __b2d
                0x80063cb0                __d2b
                0x80063e08                __ratio
                0x80063ec8                _mprec_log10
                0x80063f08                __copybits
                0x80063f90                __any_on
 .text          0x80064010      0x250 /opt/libdragon/bin/../lib/gcc/mips64-elf/14.2.0/../../../../mips64-elf/lib/libc.a(libc_a-strtoul.o)
                0x80064228                _strtoul_r
                0x80064230                strtoul_l
                0x80064248                strtoul
 .text          0x80064260      0x108 /opt/libdragon/bin/../lib/gcc/mips64-elf/14.2.0/../../../../mips64-elf/lib/libc.a(libc_a-siscanf.o)
                0x80064260                siscanf
                0x800642e0                _siscanf_r
 .text          0x80064368     0x19a8 /opt/libdragon/bin/../lib/gcc/mips64-elf/14.2.0/../../../../mips64-elf/lib/libc.a(libc_a-svfiscanf.o)
                0x80064368                _sungetc_r
                0x80064488                __ssrefill_r
                0x80064500                _sfread_r
                0x80064698                __ssvfiscanf_r
 .text          0x80065d10     0x2718 /opt/libdragon/bin/../lib/gcc/mips64-elf/14.2.0/../../../../mips64-elf/lib/libc.a(libc_a-svfprintf.o)
                0x80065d10                _svfprintf_r
 .text          0x80068428       0xc8 /opt/libdragon/bin/../lib/gcc/mips64-elf/14.2.0/../../../../mips64-elf/lib/libc.a(libc_a-ssprint_r.o)
                0x80068428                __ssprint_r
 .text          0x800684f0      0x230 /opt/libdragon/bin/../lib/gcc/mips64-elf/14.2.0/../../../../mips64-elf/lib/libc.a(libc_a-makebuf.o)
                0x800684f0                __smakebuf_r
                0x80068670                __swhatbuf_r
 .text          0x80068720      0x100 /opt/libdragon/bin/../lib/gcc/mips64-elf/14.2.0/../../../../mips64-elf/lib/libc.a(libc_a-sccl.o)
                0x80068720                __sccl
 .text          0x80068820      0x378 /opt/libdragon/bin/../lib/gcc/mips64-elf/14.2.0/../../../../mips64-elf/lib/libc.a(libc_a-ungetc.o)
                0x80068820                __submore
                0x800688f0                _ungetc_r
                0x80068b80                ungetc
 .text          0x80068b98       0x40 /opt/libdragon/bin/../lib/gcc/mips64-elf/14.2.0/../../../../mips64-elf/lib/libc.a(libc_a-strnlen.o)
                0x80068b98                strnlen
 .text          0x80068bd8       0x10 /opt/libdragon/bin/../lib/gcc/mips64-elf/14.2.0/../../../../mips64-elf/lib/libc.a(libc_a-gettzinfo.o)
                0x80068bd8                __gettzinfo
 .text          0x80068be8      0x438 /opt/libdragon/bin/../lib/gcc/mips64-elf/14.2.0/../../../../mips64-elf/lib/libc.a(libc_a-gmtime_r.o)
                0x80068be8                gmtime_r
 .text          0x80069020      0x120 /opt/libdragon/bin/../lib/gcc/mips64-elf/14.2.0/../../../../mips64-elf/lib/libc.a(libc_a-locale.o)
                0x80069020                _setlocale_r
                0x800690a8                __locale_mb_cur_max
                0x800690b8                setlocale
 .text          0x80069140       0x50 /opt/libdragon/bin/../lib/gcc/mips64-elf/14.2.0/../../../../mips64-elf/lib/libc.a(libc_a-isattyr.o)
                0x80069140                _isatty_r
 .text          0x80069190       0x20 /opt/libdragon/bin/../lib/gcc/mips64-elf/14.2.0/../../../../mips64-elf/lib/libc.a(libc_a-envlock.o)
                0x80069190                __env_lock
                0x800691a0                __env_unlock
 .text          0x800691b0       0x70 /opt/libdragon/bin/../lib/gcc/mips64-elf/14.2.0/../../../../mips64-elf/lib/libc.a(libc_a-mbtowc_r.o)
                0x800691b0                _mbtowc_r
                0x800691c0                __ascii_mbtowc
 .text          0x80069220      0x278 /opt/libdragon/bin/../lib/gcc/mips64-elf/14.2.0/../../../../mips64-elf/lib/libc.a(libc_a-strtol.o)
                0x80069460                _strtol_r
                0x80069468                strtol_l
                0x80069480                strtol
 .text          0x80069498       0x48 /opt/libdragon/bin/../lib/gcc/mips64-elf/14.2.0/../../../../mips64-elf/lib/libc.a(libc_a-wctomb_r.o)
                0x80069498                _wctomb_r
                0x800694a8                __ascii_wctomb
 .text          0x800694e0      0x258 /opt/libdragon/bin/../lib/gcc/mips64-elf/14.2.0/../../../../mips64-elf/lib/libc.a(libc_a-strtoll.o)
                0x80069700                _strtoll_r
                0x80069708                strtoll_l
                0x80069720                strtoll
 .text          0x80069738      0x270 /opt/libdragon/bin/../lib/gcc/mips64-elf/14.2.0/../../../../mips64-elf/lib/libc.a(libc_a-strtoull.o)
                0x80069970                _strtoull_r
                0x80069978                strtoull_l
                0x80069990                strtoull
 .text          0x800699a8      0x128 /opt/libdragon/bin/../lib/gcc/mips64-elf/14.2.0/../../../../mips64-elf/lib/libc.a(libc_a-mbrtowc.o)
                0x800699a8                _mbrtowc_r
                0x80069a38                mbrtowc
 .text          0x80069ad0        0x8 /opt/libdragon/bin/../lib/gcc/mips64-elf/14.2.0/../../../../mips64-elf/lib/libc.a(libc_a-iswspace.o)
                0x80069ad0                iswspace
 .text          0x80069ad8       0x28 /opt/libdragon/bin/../lib/gcc/mips64-elf/14.2.0/../../../../mips64-elf/lib/libc.a(libc_a-iswspace_l.o)
                0x80069ad8                iswspace_l
 .text          0x80069b00      0x188 /opt/libdragon/bin/../lib/gcc/mips64-elf/14.2.0/../../../../mips64-elf/lib/libc.a(libc_a-ssputs_r.o)
                0x80069b00                __ssputs_r
 .text          0x80069c88       0x60 /opt/libdragon/bin/../lib/gcc/mips64-elf/14.2.0/../../../../mips64-elf/lib/libc.a(libc_a-strcasecmp.o)
                0x80069c88                strcasecmp
 .text          0x80069ce8      0x220 /opt/libdragon/bin/../lib/gcc/mips64-elf/14.2.0/../../../../mips64-elf/lib/libc.a(libc_a-strncpy.o)
                0x80069ce8                strncpy
 .text          0x80069f08       0x30 /opt/libdragon/bin/../lib/gcc/mips64-elf/14.2.0/libgcc.a(_bswapsi2.o)
                0x80069f08                __bswapsi2
 *(.text.*)
 *fill*         0x80069f38        0x8 
 .text.startup  0x80069f40     0x27c0 /tmp/ccVTZKFF.ltrans3.ltrans.o
                0x80069f40                main
 .text._Z22render_scanline_bitmapIL8rendtype1EmLj5EtLj160ELj128EL11bm_rendmode1ELb1EEvmmPvPKt
                0x8006c700      0x160 video.o
 .text._Z22render_scanline_bitmapIL8rendtype1EmLj5EtLj160ELj128EL11bm_rendmode0ELb1EEvmmPvPKt
                0x8006c860      0x160 video.o
 .text._Z22render_scanline_bitmapIL8rendtype1EmLj5EtLj160ELj128EL11bm_rendmode2ELb0EEvmmPvPKt
                0x8006c9c0      0x160 video.o
 .text._Z22render_scanline_bitmapIL8rendtype1EmLj5EtLj160ELj128EL11bm_rendmode1ELb0EEvmmPvPKt
                0x8006cb20      0x140 video.o
 .text._Z22render_scanline_bitmapIL8rendtype1EmLj5EtLj160ELj128EL11bm_rendmode0ELb0EEvmmPvPKt
                0x8006cc60      0x140 video.o
 .text._Z22render_scanline_bitmapIL8rendtype1EmLj4EhLj240ELj160EL11bm_rendmode1ELb1EEvmmPvPKt
                0x8006cda0      0x180 video.o
 .text._Z22render_scanline_bitmapIL8rendtype1EmLj4EhLj240ELj160EL11bm_rendmode0ELb1EEvmmPvPKt
                0x8006cf20      0x180 video.o
 .text._Z22render_scanline_bitmapIL8rendtype1EmLj4EhLj240ELj160EL11bm_rendmode2ELb0EEvmmPvPKt
                0x8006d0a0      0x160 video.o
 .text._Z22render_scanline_bitmapIL8rendtype1EmLj4EhLj240ELj160EL11bm_rendmode1ELb0EEvmmPvPKt
                0x8006d200      0x140 video.o
 .text._Z22render_scanline_bitmapIL8rendtype1EmLj4EhLj240ELj160EL11bm_rendmode0ELb0EEvmmPvPKt
                0x8006d340      0x160 video.o
 .text._Z22render_scanline_bitmapIL8rendtype1EmLj3EtLj240ELj160EL11bm_rendmode1ELb1EEvmmPvPKt
                0x8006d4a0      0x140 video.o
 .text._Z22render_scanline_bitmapIL8rendtype1EmLj3EtLj240ELj160EL11bm_rendmode0ELb1EEvmmPvPKt
                0x8006d5e0      0x160 video.o
 .text._Z22render_scanline_bitmapIL8rendtype1EmLj3EtLj240ELj160EL11bm_rendmode2ELb0EEvmmPvPKt
                0x8006d740      0x120 video.o
 .text._Z22render_scanline_bitmapIL8rendtype1EmLj3EtLj240ELj160EL11bm_rendmode1ELb0EEvmmPvPKt
                0x8006d860      0x120 video.o
 .text._Z22render_scanline_bitmapIL8rendtype1EmLj3EtLj240ELj160EL11bm_rendmode0ELb0EEvmmPvPKt
                0x8006d980      0x120 video.o
 .text._Z22render_scanline_bitmapIL8rendtype0EtLj5EtLj160ELj128EL11bm_rendmode1ELb1EEvmmPvPKt
                0x8006daa0      0x160 video.o
 .text._Z22render_scanline_bitmapIL8rendtype0EtLj5EtLj160ELj128EL11bm_rendmode0ELb1EEvmmPvPKt
                0x8006dc00      0x160 video.o
 .text._Z22render_scanline_bitmapIL8rendtype0EtLj5EtLj160ELj128EL11bm_rendmode2ELb0EEvmmPvPKt
                0x8006dd60      0x160 video.o
 .text._Z22render_scanline_bitmapIL8rendtype0EtLj5EtLj160ELj128EL11bm_rendmode1ELb0EEvmmPvPKt
                0x8006dec0      0x140 video.o
 .text._Z22render_scanline_bitmapIL8rendtype0EtLj5EtLj160ELj128EL11bm_rendmode0ELb0EEvmmPvPKt
                0x8006e000      0x140 video.o
 .text._Z22render_scanline_bitmapIL8rendtype0EtLj4EhLj240ELj160EL11bm_rendmode1ELb1EEvmmPvPKt
                0x8006e140      0x160 video.o
 .text._Z22render_scanline_bitmapIL8rendtype0EtLj4EhLj240ELj160EL11bm_rendmode0ELb1EEvmmPvPKt
                0x8006e2a0      0x160 video.o
 .text._Z22render_scanline_bitmapIL8rendtype0EtLj4EhLj240ELj160EL11bm_rendmode2ELb0EEvmmPvPKt
                0x8006e400      0x140 video.o
 .text._Z22render_scanline_bitmapIL8rendtype0EtLj4EhLj240ELj160EL11bm_rendmode1ELb0EEvmmPvPKt
                0x8006e540      0x120 video.o
 .text._Z22render_scanline_bitmapIL8rendtype0EtLj4EhLj240ELj160EL11bm_rendmode0ELb0EEvmmPvPKt
                0x8006e660      0x140 video.o
 .text._Z22render_scanline_bitmapIL8rendtype0EtLj3EtLj240ELj160EL11bm_rendmode1ELb1EEvmmPvPKt
                0x8006e7a0      0x140 video.o
 .text._Z22render_scanline_bitmapIL8rendtype0EtLj3EtLj240ELj160EL11bm_rendmode0ELb1EEvmmPvPKt
                0x8006e8e0      0x160 video.o
 .text._Z22render_scanline_bitmapIL8rendtype0EtLj3EtLj240ELj160EL11bm_rendmode2ELb0EEvmmPvPKt
                0x8006ea40      0x120 video.o
 .text._Z22render_scanline_bitmapIL8rendtype0EtLj3EtLj240ELj160EL11bm_rendmode1ELb0EEvmmPvPKt
                0x8006eb60      0x120 video.o
 .text._Z22render_scanline_bitmapIL8rendtype0EtLj3EtLj240ELj160EL11bm_rendmode0ELb0EEvmmPvPKt
                0x8006ec80      0x120 video.o
 .text._Z22render_scanline_bitmapIL8rendtype1EtLj4EhLj240ELj160EL11bm_rendmode1ELb1EEvmmPvPKt
                0x8006eda0      0x180 video.o
 .text._Z22render_scanline_bitmapIL8rendtype1EtLj4EhLj240ELj160EL11bm_rendmode0ELb1EEvmmPvPKt
                0x8006ef20      0x180 video.o
 .text._Z22render_scanline_bitmapIL8rendtype1EtLj4EhLj240ELj160EL11bm_rendmode2ELb0EEvmmPvPKt
                0x8006f0a0      0x160 video.o
 .text._Z22render_scanline_bitmapIL8rendtype1EtLj4EhLj240ELj160EL11bm_rendmode1ELb0EEvmmPvPKt
                0x8006f200      0x140 video.o
 .text._Z22render_scanline_bitmapIL8rendtype1EtLj4EhLj240ELj160EL11bm_rendmode0ELb0EEvmmPvPKt
                0x8006f340      0x160 video.o
 .text._Z22render_scanline_affineImL8rendtype1ELb0EEvmmmPvPKt
                0x8006f4a0       0xc0 video.o
 .text._Z22render_scanline_affineImL8rendtype1ELb1EEvmmmPvPKt
                0x8006f560       0xc0 video.o
 .text._Z22render_scanline_affineImL8rendtype2ELb0EEvmmmPvPKt
                0x8006f620       0xc0 video.o
 .text._Z22render_scanline_affineImL8rendtype2ELb1EEvmmmPvPKt
                0x8006f6e0       0xc0 video.o
 .text._Z22render_scanline_affineItL8rendtype1ELb0EEvmmmPvPKt
                0x8006f7a0       0xc0 video.o
 .text._Z22render_scanline_affineItL8rendtype1ELb1EEvmmmPvPKt
                0x8006f860       0xc0 video.o
 .text._Z24render_affine_backgroundItL8rendtype1ELb1ELb0ELb0ELb1EEvmmmPKhmS2_PvPKt
                0x8006f920      0x220 video.o
 .text._Z22render_scanline_affineItL8rendtype0ELb0EEvmmmPvPKt
                0x8006fb40       0xc0 video.o
 .text._Z22render_scanline_affineItL8rendtype0ELb1EEvmmmPvPKt
                0x8006fc00       0xc0 video.o
 .text._ZL16render_w_effectsmmPtmPK19layer_render_struct
                0x8006fcc0      0xec0 video.o
 .text._ZL9order_objm
                0x80070b80      0x380 video.o
 .text._Z22render_scanline_bitmapIL8rendtype2EmLj4EhLj240ELj160EL11bm_rendmode0ELb0EEvmmPvPKt
                0x80070f00      0x160 video.o
 .text._Z13render_objectItL8rendtype0ELb1ELb0EEvlmPT_mmtPKt.constprop.0.isra.0
                0x80071060      0x2a0 video.o
 .text._Z13render_objectItL8rendtype3ELb1ELb0EEvlmPT_mmtPKt.constprop.0.isra.0
                0x80071300      0x280 video.o
 .text._Z13render_objectItL8rendtype3ELb1ELb1EEvlmPT_mmtPKt.constprop.0.isra.0
                0x80071580      0x2c0 video.o
 .text._Z13render_objectItL8rendtype1ELb1ELb0EEvlmPT_mmtPKt.constprop.0.isra.0
                0x80071840      0x2a0 video.o
 .text._Z13render_objectImL8rendtype1ELb1ELb0EEvlmPT_mmtPKt.constprop.0.isra.0
                0x80071ae0      0x2a0 video.o
 .text._Z22render_scanline_bitmapIL8rendtype2EmLj4EhLj240ELj160EL11bm_rendmode1ELb1EEvmmPvPKt
                0x80071d80      0x180 video.o
 .text._Z22render_scanline_bitmapIL8rendtype2EmLj4EhLj240ELj160EL11bm_rendmode0ELb1EEvmmPvPKt
                0x80071f00      0x180 video.o
 .text._Z22render_scanline_bitmapIL8rendtype2EmLj4EhLj240ELj160EL11bm_rendmode2ELb0EEvmmPvPKt
                0x80072080      0x160 video.o
 .text._Z22render_scanline_bitmapIL8rendtype2EmLj4EhLj240ELj160EL11bm_rendmode1ELb0EEvmmPvPKt
                0x800721e0      0x140 video.o
 .text._Z13render_objectItL8rendtype1ELb1ELb1EEvlmPT_mmtPKt.constprop.0.isra.0
                0x80072320      0x300 video.o
 .text._Z13render_objectItL8rendtype0ELb1ELb1EEvlmPT_mmtPKt.constprop.0.isra.0
                0x80072620      0x2c0 video.o
 .text._Z13render_objectImL8rendtype1ELb1ELb1EEvlmPT_mmtPKt.constprop.0.isra.0
                0x800728e0      0x2e0 video.o
 .text._Z13render_objectItL8rendtype3ELb0ELb0EEvlmPT_mmtPKt.isra.0
                0x80072bc0      0x260 video.o
 .text._Z13render_objectItL8rendtype3ELb0ELb1EEvlmPT_mmtPKt.isra.0
                0x80072e20      0x280 video.o
 .text._Z13render_objectImL8rendtype1ELb0ELb0EEvlmPT_mmtPKt.isra.0
                0x800730a0      0x2a0 video.o
 .text._Z13render_objectItL8rendtype1ELb0ELb0EEvlmPT_mmtPKt.isra.0
                0x80073340      0x2a0 video.o
 .text._Z13render_objectItL8rendtype0ELb0ELb0EEvlmPT_mmtPKt.isra.0
                0x800735e0      0x2c0 video.o
 .text._Z13render_objectImL8rendtype1ELb0ELb1EEvlmPT_mmtPKt.isra.0
                0x800738a0      0x2a0 video.o
 .text._Z20render_scanline_objsImL8rendtype1EEvmmmPvPKt.isra.0
                0x80073b40     0x1940 video.o
 .text._Z13render_objectItL8rendtype1ELb0ELb1EEvlmPT_mmtPKt.isra.0
                0x80075480      0x2a0 video.o
 .text._Z20render_scanline_objsItL8rendtype1EEvmmmPvPKt.isra.0
                0x80075720     0x1960 video.o
 .text._Z13render_objectItL8rendtype0ELb0ELb1EEvlmPT_mmtPKt.isra.0
                0x80077080      0x2c0 video.o
 .text._Z13render_objectImL8rendtype2ELb1ELb0EEvlmPT_mmtPKt.constprop.0.isra.0
                0x80077340      0x320 video.o
 .text._Z13render_objectImL8rendtype2ELb1ELb1EEvlmPT_mmtPKt.constprop.0.isra.0
                0x80077660      0x340 video.o
 .text._Z20render_scanline_textItL8rendtype1ELb0EEvmmmPvPKt
                0x800779a0     0x1060 video.o
 .text._Z20render_scanline_textImL8rendtype1ELb0EEvmmmPvPKt
                0x80078a00     0x1020 video.o
 .text._Z13render_objectImL8rendtype2ELb0ELb0EEvlmPT_mmtPKt.isra.0
                0x80079a20      0x340 video.o
 .text._Z20render_scanline_textItL8rendtype1ELb1EEvmmmPvPKt
                0x80079d60     0x1240 video.o
 .text._Z20render_scanline_textImL8rendtype1ELb1EEvmmmPvPKt
                0x8007afa0     0x11a0 video.o
 .text._Z20render_scanline_textItL8rendtype0ELb0EEvmmmPvPKt
                0x8007c140     0x1060 video.o
 .text._Z20render_scanline_textImL8rendtype2ELb0EEvmmmPvPKt
                0x8007d1a0     0x10e0 video.o
 .text._Z13render_objectImL8rendtype2ELb0ELb1EEvlmPT_mmtPKt.isra.0
                0x8007e280      0x340 video.o
 .text._Z20render_scanline_objsImL8rendtype2EEvmmmPvPKt.isra.0
                0x8007e5c0     0x1b20 video.o
 .text._Z20render_scanline_textImL8rendtype2ELb1EEvmmmPvPKt
                0x800800e0     0x1240 video.o
 .text._Z20render_scanline_textItL8rendtype0ELb1EEvmmmPvPKt
                0x80081320     0x1220 video.o
 .text._Z20bitmap_render_layersIL8rendtype1ELS0_1EtEvmmPT1_m
                0x80082540      0x280 video.o
 .text._Z18tile_render_layersIL8rendtype1ELS0_1EtEvmmPT1_m
                0x800827c0      0x240 video.o
                0x800827c0                _Z18tile_render_layersIL8rendtype1ELS0_1EtEvmmPT1_m
 .text._Z20bitmap_render_layersIL8rendtype2ELS0_2EmEvmmPT1_m
                0x80082a00      0x280 video.o
 .text._Z20bitmap_render_layersIL8rendtype1ELS0_2EmEvmmPT1_m
                0x80082c80      0x2a0 video.o
 .text._Z22render_scanline_bitmapIL8rendtype2EmLj3EtLj240ELj160EL11bm_rendmode0ELb0EEvmmPvPKt
                0x80082f20      0x120 video.o
 .text._Z22render_scanline_bitmapIL8rendtype1EtLj3EtLj240ELj160EL11bm_rendmode0ELb0EEvmmPvPKt
                0x80083040      0x120 video.o
 .text._Z22render_scanline_bitmapIL8rendtype2EmLj3EtLj240ELj160EL11bm_rendmode1ELb0EEvmmPvPKt
                0x80083160      0x120 video.o
 .text._Z22render_scanline_bitmapIL8rendtype1EtLj3EtLj240ELj160EL11bm_rendmode1ELb0EEvmmPvPKt
                0x80083280      0x120 video.o
 .text._Z18tile_render_layersIL8rendtype1ELS0_2EmEvmmPT1_m
                0x800833a0      0x2e0 video.o
                0x800833a0                _Z18tile_render_layersIL8rendtype1ELS0_2EmEvmmPT1_m
 .text._Z18tile_render_layersIL8rendtype2ELS0_2EmEvmmPT1_m
                0x80083680      0x340 video.o
                0x80083680                _Z18tile_render_layersIL8rendtype2ELS0_2EmEvmmPT1_m
 .text._Z24render_affine_backgroundItL8rendtype0ELb0ELb1ELb0ELb0EEvmmmPKhmS2_PvPKt
                0x800839c0      0x120 video.o
 .text._Z24render_affine_backgroundItL8rendtype0ELb1ELb1ELb0ELb0EEvmmmPKhmS2_PvPKt
                0x80083ae0      0x140 video.o
 .text._Z22render_scanline_bitmapIL8rendtype2EmLj5EtLj160ELj128EL11bm_rendmode0ELb0EEvmmPvPKt
                0x80083c20      0x140 video.o
 .text._Z22render_scanline_bitmapIL8rendtype1EtLj5EtLj160ELj128EL11bm_rendmode0ELb0EEvmmPvPKt
                0x80083d60      0x140 video.o
 .text._Z24render_affine_backgroundImL8rendtype1ELb0ELb1ELb0ELb0EEvmmmPKhmS2_PvPKt
                0x80083ea0      0x160 video.o
 .text._Z24render_affine_backgroundItL8rendtype1ELb0ELb1ELb0ELb0EEvmmmPKhmS2_PvPKt
                0x80084000      0x160 video.o
 .text._Z22render_scanline_bitmapIL8rendtype2EmLj5EtLj160ELj128EL11bm_rendmode1ELb0EEvmmPvPKt
                0x80084160      0x140 video.o
 .text._Z22render_scanline_bitmapIL8rendtype1EtLj5EtLj160ELj128EL11bm_rendmode1ELb0EEvmmPvPKt
                0x800842a0      0x140 video.o
 .text._Z24render_affine_backgroundImL8rendtype2ELb0ELb1ELb0ELb0EEvmmmPKhmS2_PvPKt
                0x800843e0      0x160 video.o
 .text._Z24render_affine_backgroundItL8rendtype0ELb0ELb1ELb1ELb0EEvmmmPKhmS2_PvPKt
                0x80084540      0x120 video.o
 .text._Z24render_affine_backgroundItL8rendtype0ELb1ELb1ELb1ELb0EEvmmmPKhmS2_PvPKt
                0x80084660      0x140 video.o
 .text._Z24render_affine_backgroundImL8rendtype1ELb1ELb1ELb0ELb0EEvmmmPKhmS2_PvPKt
                0x800847a0      0x180 video.o
 .text._Z24render_affine_backgroundItL8rendtype1ELb1ELb1ELb0ELb0EEvmmmPKhmS2_PvPKt
                0x80084920      0x180 video.o
 .text._Z24render_affine_backgroundImL8rendtype2ELb1ELb1ELb0ELb0EEvmmmPKhmS2_PvPKt
                0x80084aa0      0x180 video.o
 .text._Z24render_affine_backgroundImL8rendtype1ELb0ELb1ELb1ELb0EEvmmmPKhmS2_PvPKt
                0x80084c20      0x160 video.o
 .text._Z24render_affine_backgroundItL8rendtype1ELb0ELb1ELb1ELb0EEvmmmPKhmS2_PvPKt
                0x80084d80      0x160 video.o
 .text._Z24render_affine_backgroundImL8rendtype2ELb0ELb1ELb1ELb0EEvmmmPKhmS2_PvPKt
                0x80084ee0      0x160 video.o
 .text._Z24render_affine_backgroundItL8rendtype0ELb0ELb0ELb1ELb0EEvmmmPKhmS2_PvPKt
                0x80085040      0x160 video.o
 .text._Z24render_affine_backgroundImL8rendtype1ELb1ELb1ELb1ELb0EEvmmmPKhmS2_PvPKt
                0x800851a0      0x180 video.o
 .text._Z24render_affine_backgroundItL8rendtype1ELb1ELb1ELb1ELb0EEvmmmPKhmS2_PvPKt
                0x80085320      0x180 video.o
 .text._Z22render_scanline_bitmapIL8rendtype2EmLj3EtLj240ELj160EL11bm_rendmode0ELb1EEvmmPvPKt
                0x800854a0      0x160 video.o
 .text._Z22render_scanline_bitmapIL8rendtype1EtLj3EtLj240ELj160EL11bm_rendmode0ELb1EEvmmPvPKt
                0x80085600      0x160 video.o
 .text._Z24render_affine_backgroundImL8rendtype2ELb1ELb1ELb1ELb0EEvmmmPKhmS2_PvPKt
                0x80085760      0x180 video.o
 .text._Z24render_affine_backgroundImL8rendtype1ELb0ELb0ELb1ELb0EEvmmmPKhmS2_PvPKt
                0x800858e0      0x1a0 video.o
 .text._Z24render_affine_backgroundItL8rendtype1ELb0ELb0ELb1ELb0EEvmmmPKhmS2_PvPKt
                0x80085a80      0x1a0 video.o
 .text._Z24render_affine_backgroundImL8rendtype2ELb0ELb0ELb1ELb0EEvmmmPKhmS2_PvPKt
                0x80085c20      0x1a0 video.o
 .text._Z24render_affine_backgroundItL8rendtype0ELb1ELb0ELb1ELb0EEvmmmPKhmS2_PvPKt
                0x80085dc0      0x1c0 video.o
 .text._Z22render_scanline_bitmapIL8rendtype2EmLj3EtLj240ELj160EL11bm_rendmode1ELb1EEvmmPvPKt
                0x80085f80      0x140 video.o
 .text._Z22render_scanline_bitmapIL8rendtype1EtLj3EtLj240ELj160EL11bm_rendmode1ELb1EEvmmPvPKt
                0x800860c0      0x140 video.o
 .text._Z24render_affine_backgroundImL8rendtype1ELb1ELb0ELb1ELb0EEvmmmPKhmS2_PvPKt
                0x80086200      0x1e0 video.o
 .text._Z24render_affine_backgroundImL8rendtype2ELb1ELb0ELb1ELb0EEvmmmPKhmS2_PvPKt
                0x800863e0      0x1e0 video.o
 .text._Z24render_affine_backgroundItL8rendtype1ELb1ELb0ELb1ELb0EEvmmmPKhmS2_PvPKt
                0x800865c0      0x200 video.o
 .text._Z22render_scanline_bitmapIL8rendtype0EtLj4EhLj240ELj160EL11bm_rendmode2ELb1EEvmmPvPKt
                0x800867c0      0x140 video.o
 .text._Z22render_scanline_bitmapIL8rendtype2EmLj5EtLj160ELj128EL11bm_rendmode0ELb1EEvmmPvPKt
                0x80086900      0x160 video.o
 .text._Z22render_scanline_bitmapIL8rendtype1EtLj5EtLj160ELj128EL11bm_rendmode0ELb1EEvmmPvPKt
                0x80086a60      0x160 video.o
 .text._Z24render_affine_backgroundItL8rendtype0ELb0ELb0ELb0ELb0EEvmmmPKhmS2_PvPKt
                0x80086bc0      0x160 video.o
 .text._Z22render_scanline_bitmapIL8rendtype2EmLj5EtLj160ELj128EL11bm_rendmode1ELb1EEvmmPvPKt
                0x80086d20      0x160 video.o
 .text._Z22render_scanline_bitmapIL8rendtype1EtLj5EtLj160ELj128EL11bm_rendmode1ELb1EEvmmPvPKt
                0x80086e80      0x160 video.o
 .text._Z24render_affine_backgroundItL8rendtype0ELb0ELb1ELb0ELb1EEvmmmPKhmS2_PvPKt
                0x80086fe0      0x160 video.o
 .text._Z24render_affine_backgroundItL8rendtype0ELb1ELb1ELb0ELb1EEvmmmPKhmS2_PvPKt
                0x80087140      0x180 video.o
 .text._Z24render_affine_backgroundImL8rendtype1ELb0ELb0ELb0ELb0EEvmmmPKhmS2_PvPKt
                0x800872c0      0x180 video.o
 .text._Z24render_affine_backgroundItL8rendtype1ELb0ELb0ELb0ELb0EEvmmmPKhmS2_PvPKt
                0x80087440      0x180 video.o
 .text._Z24render_affine_backgroundImL8rendtype1ELb0ELb1ELb0ELb1EEvmmmPKhmS2_PvPKt
                0x800875c0      0x180 video.o
 .text._Z24render_affine_backgroundItL8rendtype1ELb0ELb1ELb0ELb1EEvmmmPKhmS2_PvPKt
                0x80087740      0x180 video.o
 .text._Z24render_affine_backgroundImL8rendtype2ELb0ELb0ELb0ELb0EEvmmmPKhmS2_PvPKt
                0x800878c0      0x180 video.o
 .text._Z24render_affine_backgroundItL8rendtype0ELb1ELb0ELb0ELb0EEvmmmPKhmS2_PvPKt
                0x80087a40      0x1a0 video.o
 .text._Z24render_affine_backgroundImL8rendtype2ELb0ELb1ELb0ELb1EEvmmmPKhmS2_PvPKt
                0x80087be0      0x1a0 video.o
 .text._Z24render_affine_backgroundItL8rendtype0ELb0ELb1ELb1ELb1EEvmmmPKhmS2_PvPKt
                0x80087d80      0x180 video.o
 .text._Z24render_affine_backgroundItL8rendtype0ELb1ELb1ELb1ELb1EEvmmmPKhmS2_PvPKt
                0x80087f00      0x1a0 video.o
 .text._Z24render_affine_backgroundImL8rendtype1ELb1ELb1ELb0ELb1EEvmmmPKhmS2_PvPKt
                0x800880a0      0x1a0 video.o
 .text._Z24render_affine_backgroundItL8rendtype1ELb1ELb1ELb0ELb1EEvmmmPKhmS2_PvPKt
                0x80088240      0x1a0 video.o
 .text._Z22render_scanline_bitmapIL8rendtype1EmLj4EhLj240ELj160EL11bm_rendmode2ELb1EEvmmPvPKt
                0x800883e0      0x160 video.o
 .text._Z22render_scanline_bitmapIL8rendtype1EtLj4EhLj240ELj160EL11bm_rendmode2ELb1EEvmmPvPKt
                0x80088540      0x160 video.o
 .text._Z24render_affine_backgroundImL8rendtype2ELb1ELb1ELb0ELb1EEvmmmPKhmS2_PvPKt
                0x800886a0      0x1a0 video.o
 .text._Z24render_affine_backgroundImL8rendtype1ELb1ELb0ELb0ELb0EEvmmmPKhmS2_PvPKt
                0x80088840      0x1c0 video.o
 .text._Z24render_affine_backgroundImL8rendtype1ELb0ELb1ELb1ELb1EEvmmmPKhmS2_PvPKt
                0x80088a00      0x1a0 video.o
 .text._Z24render_affine_backgroundItL8rendtype1ELb0ELb1ELb1ELb1EEvmmmPKhmS2_PvPKt
                0x80088ba0      0x1a0 video.o
 .text._Z24render_affine_backgroundImL8rendtype2ELb1ELb0ELb0ELb0EEvmmmPKhmS2_PvPKt
                0x80088d40      0x1c0 video.o
 .text._Z24render_affine_backgroundItL8rendtype1ELb1ELb0ELb0ELb0EEvmmmPKhmS2_PvPKt
                0x80088f00      0x1e0 video.o
 .text._Z24render_affine_backgroundImL8rendtype2ELb0ELb1ELb1ELb1EEvmmmPKhmS2_PvPKt
                0x800890e0      0x1a0 video.o
 .text._Z24render_affine_backgroundItL8rendtype0ELb0ELb0ELb1ELb1EEvmmmPKhmS2_PvPKt
                0x80089280      0x1e0 video.o
 .text._Z24render_affine_backgroundImL8rendtype1ELb1ELb1ELb1ELb1EEvmmmPKhmS2_PvPKt
                0x80089460      0x1c0 video.o
 .text._Z24render_affine_backgroundItL8rendtype1ELb1ELb1ELb1ELb1EEvmmmPKhmS2_PvPKt
                0x80089620      0x1c0 video.o
 .text._Z22render_scanline_bitmapIL8rendtype2EmLj4EhLj240ELj160EL11bm_rendmode2ELb1EEvmmPvPKt
                0x800897e0      0x160 video.o
 .text._Z24render_affine_backgroundImL8rendtype2ELb1ELb1ELb1ELb1EEvmmmPKhmS2_PvPKt
                0x80089940      0x1c0 video.o
 .text._Z24render_affine_backgroundImL8rendtype1ELb0ELb0ELb1ELb1EEvmmmPKhmS2_PvPKt
                0x80089b00      0x200 video.o
 .text._Z24render_affine_backgroundItL8rendtype1ELb0ELb0ELb1ELb1EEvmmmPKhmS2_PvPKt
                0x80089d00      0x200 video.o
 .text._Z24render_affine_backgroundImL8rendtype2ELb0ELb0ELb1ELb1EEvmmmPKhmS2_PvPKt
                0x80089f00      0x200 video.o
 .text._Z24render_affine_backgroundItL8rendtype0ELb1ELb0ELb1ELb1EEvmmmPKhmS2_PvPKt
                0x8008a100      0x200 video.o
 .text._Z24render_affine_backgroundImL8rendtype1ELb1ELb0ELb1ELb1EEvmmmPKhmS2_PvPKt
                0x8008a300      0x240 video.o
 .text._Z24render_affine_backgroundImL8rendtype2ELb1ELb0ELb1ELb1EEvmmmPKhmS2_PvPKt
                0x8008a540      0x260 video.o
 .text._Z24render_affine_backgroundItL8rendtype1ELb1ELb0ELb1ELb1EEvmmmPKhmS2_PvPKt
                0x8008a7a0      0x260 video.o
 .text._Z24render_affine_backgroundItL8rendtype0ELb0ELb0ELb0ELb1EEvmmmPKhmS2_PvPKt
                0x8008aa00      0x180 video.o
 .text._Z24render_affine_backgroundImL8rendtype1ELb0ELb0ELb0ELb1EEvmmmPKhmS2_PvPKt
                0x8008ab80      0x1c0 video.o
 .text._Z24render_affine_backgroundItL8rendtype1ELb0ELb0ELb0ELb1EEvmmmPKhmS2_PvPKt
                0x8008ad40      0x1c0 video.o
 .text._Z24render_affine_backgroundImL8rendtype2ELb0ELb0ELb0ELb1EEvmmmPKhmS2_PvPKt
                0x8008af00      0x1c0 video.o
 .text._Z24render_affine_backgroundItL8rendtype0ELb1ELb0ELb0ELb1EEvmmmPKhmS2_PvPKt
                0x8008b0c0      0x1e0 video.o
 .text._Z24render_affine_backgroundImL8rendtype1ELb1ELb0ELb0ELb1EEvmmmPKhmS2_PvPKt
                0x8008b2a0      0x200 video.o
 .text._Z24render_affine_backgroundImL8rendtype2ELb1ELb0ELb0ELb1EEvmmmPKhmS2_PvPKt
                0x8008b4a0      0x220 video.o
 .text._Z22render_scanline_bitmapIL8rendtype1EmLj3EtLj240ELj160EL11bm_rendmode2ELb1EEvmmPvPKt
                0x8008b6c0      0x120 video.o
 .text._Z22render_scanline_bitmapIL8rendtype2EmLj3EtLj240ELj160EL11bm_rendmode2ELb0EEvmmPvPKt
                0x8008b7e0      0x120 video.o
 .text._Z22render_scanline_bitmapIL8rendtype2EmLj3EtLj240ELj160EL11bm_rendmode2ELb1EEvmmPvPKt
                0x8008b900      0x120 video.o
 .text._Z22render_scanline_bitmapIL8rendtype0EtLj3EtLj240ELj160EL11bm_rendmode2ELb1EEvmmPvPKt
                0x8008ba20      0x120 video.o
 .text._Z22render_scanline_bitmapIL8rendtype1EtLj3EtLj240ELj160EL11bm_rendmode2ELb0EEvmmPvPKt
                0x8008bb40      0x120 video.o
 .text._Z22render_scanline_bitmapIL8rendtype1EtLj3EtLj240ELj160EL11bm_rendmode2ELb1EEvmmPvPKt
                0x8008bc60      0x120 video.o
 .text._Z22render_scanline_bitmapIL8rendtype1EmLj5EtLj160ELj128EL11bm_rendmode2ELb1EEvmmPvPKt
                0x8008bd80      0x160 video.o
 .text._Z22render_scanline_bitmapIL8rendtype2EmLj5EtLj160ELj128EL11bm_rendmode2ELb0EEvmmPvPKt
                0x8008bee0      0x160 video.o
 .text._Z22render_scanline_bitmapIL8rendtype2EmLj5EtLj160ELj128EL11bm_rendmode2ELb1EEvmmPvPKt
                0x8008c040      0x160 video.o
 .text._Z22render_scanline_bitmapIL8rendtype0EtLj5EtLj160ELj128EL11bm_rendmode2ELb1EEvmmPvPKt
                0x8008c1a0      0x160 video.o
 .text._Z22render_scanline_bitmapIL8rendtype1EtLj5EtLj160ELj128EL11bm_rendmode2ELb0EEvmmPvPKt
                0x8008c300      0x160 video.o
 .text._Z22render_scanline_bitmapIL8rendtype1EtLj5EtLj160ELj128EL11bm_rendmode2ELb1EEvmmPvPKt
                0x8008c460      0x160 video.o
 .text.video_reload_counters
                0x8008c5c0      0x160 video.o
                0x8008c5c0                video_reload_counters
 .text._Z20render_scanline_objsItL8rendtype0EEvmmmPvPKt
                0x8008c720     0x1a00 video.o
                0x8008c720                _Z20render_scanline_objsItL8rendtype0EEvmmmPvPKt
 .text._Z20bitmap_render_layersIL8rendtype0ELS0_0EtEvmmPT1_m
                0x8008e120      0x260 video.o
 .text._ZL27render_scanline_conditionalmmPtm
                0x8008e380      0x1e0 video.o
 .text._Z20render_scanline_objsItL8rendtype3EEvmmmPvPKt.isra.0
                0x8008e560     0x18a0 video.o
 .text._Z20render_window_n_passIXadL_ZL21render_windowout_passPtmmEELj1EEvS0_mm
                0x8008fe00      0x2a0 video.o
 .text._Z20render_window_n_passIXadL_ZL21render_windowobj_passPtmmEELj1EEvS0_mm
                0x800900a0      0x320 video.o
 .text.update_scanline
                0x800903c0      0xa00 video.o
                0x800903c0                update_scanline
 .text._Z18tile_render_layersIL8rendtype0ELS0_0EtEvmmPT1_m
                0x80090dc0      0x220 video.o
                0x80090dc0                _Z18tile_render_layersIL8rendtype0ELS0_0EtEvmmPT1_m
 .text.set_cpu_mode
                0x80090fe0      0x140 cpu.o
                0x80090fe0                set_cpu_mode
 .text.check_interrupt
                0x80091120       0x80 cpu.o
                0x80091120                check_interrupt
 .text.check_and_raise_interrupts
                0x800911a0       0xe0 cpu.o
                0x800911a0                check_and_raise_interrupts
 .text.flag_interrupt
                0x80091280       0x80 cpu.o
                0x80091280                flag_interrupt
 .text.execute_arm
                0x80091300    0x12020 cpu.o
                0x80091300                execute_arm
 .text.init_cpu
                0x800a3320      0x100 cpu.o
                0x800a3320                init_cpu
 .text.data_cache_hit_writeback
                0x800a3420       0x60 /opt/libdragon/bin/../lib/gcc/mips64-elf/14.2.0/../../../../mips64-elf/lib/libdragon.a(n64sys.o)
                0x800a3420                data_cache_hit_writeback
 .text.data_cache_hit_invalidate
                0x800a3480       0x80 /opt/libdragon/bin/../lib/gcc/mips64-elf/14.2.0/../../../../mips64-elf/lib/libdragon.a(n64sys.o)
                0x800a3480                data_cache_hit_invalidate
 .text.data_cache_hit_writeback_invalidate
                0x800a3500       0x60 /opt/libdragon/bin/../lib/gcc/mips64-elf/14.2.0/../../../../mips64-elf/lib/libdragon.a(n64sys.o)
                0x800a3500                data_cache_hit_writeback_invalidate
 .text.inst_cache_hit_invalidate
                0x800a3560       0x60 /opt/libdragon/bin/../lib/gcc/mips64-elf/14.2.0/../../../../mips64-elf/lib/libdragon.a(n64sys.o)
                0x800a3560                inst_cache_hit_invalidate
 .text.inst_cache_invalidate_all
                0x800a35c0       0x20 /opt/libdragon/bin/../lib/gcc/mips64-elf/14.2.0/../../../../mips64-elf/lib/libdragon.a(n64sys.o)
                0x800a35c0                inst_cache_invalidate_all
 .text.malloc_uncached
                0x800a35e0       0x60 /opt/libdragon/bin/../lib/gcc/mips64-elf/14.2.0/../../../../mips64-elf/lib/libdragon.a(n64sys.o)
                0x800a35e0                malloc_uncached
 .text.malloc_uncached_aligned
                0x800a3640       0x80 /opt/libdragon/bin/../lib/gcc/mips64-elf/14.2.0/../../../../mips64-elf/lib/libdragon.a(n64sys.o)
                0x800a3640                malloc_uncached_aligned
 .text.free_uncached
                0x800a36c0       0x20 /opt/libdragon/bin/../lib/gcc/mips64-elf/14.2.0/../../../../mips64-elf/lib/libdragon.a(n64sys.o)
                0x800a36c0                free_uncached
 .text.get_ticks
                0x800a36e0       0x40 /opt/libdragon/bin/../lib/gcc/mips64-elf/14.2.0/../../../../mips64-elf/lib/libdragon.a(n64sys.o)
                0x800a36e0                get_ticks
 .text.wait_ms  0x800a3720       0x40 /opt/libdragon/bin/../lib/gcc/mips64-elf/14.2.0/../../../../mips64-elf/lib/libdragon.a(n64sys.o)
                0x800a3720                wait_ms
 .text.startup.__init_cop1
                0x800a3760       0x40 /opt/libdragon/bin/../lib/gcc/mips64-elf/14.2.0/../../../../mips64-elf/lib/libdragon.a(n64sys.o)
                0x800a3760                __init_cop1
 .text.__MI_handler
                0x800a37a0      0x220 /opt/libdragon/bin/../lib/gcc/mips64-elf/14.2.0/../../../../mips64-elf/lib/libdragon.a(interrupt.o)
                0x800a37a0                __MI_handler
 .text.__MI_BB_handler
                0x800a39c0      0x2c0 /opt/libdragon/bin/../lib/gcc/mips64-elf/14.2.0/../../../../mips64-elf/lib/libdragon.a(interrupt.o)
                0x800a39c0                __MI_BB_handler
 .text.__TI_handler
                0x800a3c80       0x60 /opt/libdragon/bin/../lib/gcc/mips64-elf/14.2.0/../../../../mips64-elf/lib/libdragon.a(interrupt.o)
                0x800a3c80                __TI_handler
 .text.__CART_handler
                0x800a3ce0       0xe0 /opt/libdragon/bin/../lib/gcc/mips64-elf/14.2.0/../../../../mips64-elf/lib/libdragon.a(interrupt.o)
                0x800a3ce0                __CART_handler
 .text.__RESET_handler
                0x800a3dc0       0x60 /opt/libdragon/bin/../lib/gcc/mips64-elf/14.2.0/../../../../mips64-elf/lib/libdragon.a(interrupt.o)
                0x800a3dc0                __RESET_handler
 .text.register_AI_handler
                0x800a3e20       0x60 /opt/libdragon/bin/../lib/gcc/mips64-elf/14.2.0/../../../../mips64-elf/lib/libdragon.a(interrupt.o)
                0x800a3e20                register_AI_handler
 .text.register_VI_handler
                0x800a3e80       0x60 /opt/libdragon/bin/../lib/gcc/mips64-elf/14.2.0/../../../../mips64-elf/lib/libdragon.a(interrupt.o)
                0x800a3e80                register_VI_handler
 .text.unregister_VI_handler
                0x800a3ee0       0x60 /opt/libdragon/bin/../lib/gcc/mips64-elf/14.2.0/../../../../mips64-elf/lib/libdragon.a(interrupt.o)
                0x800a3ee0                unregister_VI_handler
 .text.register_DP_handler
                0x800a3f40       0x60 /opt/libdragon/bin/../lib/gcc/mips64-elf/14.2.0/../../../../mips64-elf/lib/libdragon.a(interrupt.o)
                0x800a3f40                register_DP_handler
 .text.register_SI_handler
                0x800a3fa0       0x60 /opt/libdragon/bin/../lib/gcc/mips64-elf/14.2.0/../../../../mips64-elf/lib/libdragon.a(interrupt.o)
                0x800a3fa0                register_SI_handler
 .text.register_SP_handler
                0x800a4000       0x60 /opt/libdragon/bin/../lib/gcc/mips64-elf/14.2.0/../../../../mips64-elf/lib/libdragon.a(interrupt.o)
                0x800a4000                register_SP_handler
 .text.register_TI_handler
                0x800a4060       0x60 /opt/libdragon/bin/../lib/gcc/mips64-elf/14.2.0/../../../../mips64-elf/lib/libdragon.a(interrupt.o)
                0x800a4060                register_TI_handler
 .text.register_RESET_handler
                0x800a40c0       0x80 /opt/libdragon/bin/../lib/gcc/mips64-elf/14.2.0/../../../../mips64-elf/lib/libdragon.a(interrupt.o)
                0x800a40c0                register_RESET_handler
 .text.set_AI_interrupt
                0x800a4140       0x20 /opt/libdragon/bin/../lib/gcc/mips64-elf/14.2.0/../../../../mips64-elf/lib/libdragon.a(interrupt.o)
                0x800a4140                set_AI_interrupt
 .text.set_VI_interrupt
                0x800a4160       0x40 /opt/libdragon/bin/../lib/gcc/mips64-elf/14.2.0/../../../../mips64-elf/lib/libdragon.a(interrupt.o)
                0x800a4160                set_VI_interrupt
 .text.set_DP_interrupt
                0x800a41a0       0x20 /opt/libdragon/bin/../lib/gcc/mips64-elf/14.2.0/../../../../mips64-elf/lib/libdragon.a(interrupt.o)
                0x800a41a0                set_DP_interrupt
 .text.set_SI_interrupt
                0x800a41c0       0x20 /opt/libdragon/bin/../lib/gcc/mips64-elf/14.2.0/../../../../mips64-elf/lib/libdragon.a(interrupt.o)
                0x800a41c0                set_SI_interrupt
 .text.set_SP_interrupt
                0x800a41e0       0x20 /opt/libdragon/bin/../lib/gcc/mips64-elf/14.2.0/../../../../mips64-elf/lib/libdragon.a(interrupt.o)
                0x800a41e0                set_SP_interrupt
 .text.set_TI_interrupt
                0x800a4200       0x40 /opt/libdragon/bin/../lib/gcc/mips64-elf/14.2.0/../../../../mips64-elf/lib/libdragon.a(interrupt.o)
                0x800a4200                set_TI_interrupt
 .text.startup.__init_interrupts
                0x800a4240       0x60 /opt/libdragon/bin/../lib/gcc/mips64-elf/14.2.0/../../../../mips64-elf/lib/libdragon.a(interrupt.o)
                0x800a4240                __init_interrupts
 .text.disable_interrupts
                0x800a42a0       0x40 /opt/libdragon/bin/../lib/gcc/mips64-elf/14.2.0/../../../../mips64-elf/lib/libdragon.a(interrupt.o)
                0x800a42a0                disable_interrupts
 .text.enable_interrupts
                0x800a42e0       0x80 /opt/libdragon/bin/../lib/gcc/mips64-elf/14.2.0/../../../../mips64-elf/lib/libdragon.a(interrupt.o)
                0x800a42e0                enable_interrupts
 .text.get_interrupts_state
                0x800a4360       0x20 /opt/libdragon/bin/../lib/gcc/mips64-elf/14.2.0/../../../../mips64-elf/lib/libdragon.a(interrupt.o)
                0x800a4360                get_interrupts_state
 .text.exception_reset_time
                0x800a4380       0x20 /opt/libdragon/bin/../lib/gcc/mips64-elf/14.2.0/../../../../mips64-elf/lib/libdragon.a(interrupt.o)
                0x800a4380                exception_reset_time
 .text.__stderr_write
                0x800a43a0       0x80 /opt/libdragon/bin/../lib/gcc/mips64-elf/14.2.0/../../../../mips64-elf/lib/libdragon.a(debug.o)
 .text.usblog_write
                0x800a4420       0x20 /opt/libdragon/bin/../lib/gcc/mips64-elf/14.2.0/../../../../mips64-elf/lib/libdragon.a(debug.o)
 .text.isviewer_write
                0x800a4440       0xe0 /opt/libdragon/bin/../lib/gcc/mips64-elf/14.2.0/../../../../mips64-elf/lib/libdragon.a(debug.o)
 .text.cb.0     0x800a4520       0xa0 /opt/libdragon/bin/../lib/gcc/mips64-elf/14.2.0/../../../../mips64-elf/lib/libdragon.a(debug.o)
 .text.debug_init_usblog
                0x800a45c0       0xe0 /opt/libdragon/bin/../lib/gcc/mips64-elf/14.2.0/../../../../mips64-elf/lib/libdragon.a(debug.o)
                0x800a45c0                debug_init_usblog
 .text.debug_init_isviewer
                0x800a46a0       0xe0 /opt/libdragon/bin/../lib/gcc/mips64-elf/14.2.0/../../../../mips64-elf/lib/libdragon.a(debug.o)
                0x800a46a0                debug_init_isviewer
 .text.debug_assert_func_f
                0x800a4780       0xe0 /opt/libdragon/bin/../lib/gcc/mips64-elf/14.2.0/../../../../mips64-elf/lib/libdragon.a(debug.o)
                0x800a4780                debug_assert_func_f
 .text.debug_assert_func
                0x800a4860       0x20 /opt/libdragon/bin/../lib/gcc/mips64-elf/14.2.0/../../../../mips64-elf/lib/libdragon.a(debug.o)
                0x800a4860                debug_assert_func
 .text.debug_hexdump
                0x800a4880      0x280 /opt/libdragon/bin/../lib/gcc/mips64-elf/14.2.0/../../../../mips64-elf/lib/libdragon.a(debug.o)
                0x800a4880                debug_hexdump
 .text.__debug_backtrace
                0x800a4b00      0x120 /opt/libdragon/bin/../lib/gcc/mips64-elf/14.2.0/../../../../mips64-elf/lib/libdragon.a(debug.o)
                0x800a4b00                __debug_backtrace
 .text.debug_backtrace
                0x800a4c20       0x20 /opt/libdragon/bin/../lib/gcc/mips64-elf/14.2.0/../../../../mips64-elf/lib/libdragon.a(debug.o)
                0x800a4c20                debug_backtrace
 .text.usb_64drive_read
                0x800a4c40       0x60 /opt/libdragon/bin/../lib/gcc/mips64-elf/14.2.0/../../../../mips64-elf/lib/libdragon.a(usb.o)
 .text.usb_64drive_poll
                0x800a4ca0      0x1a0 /opt/libdragon/bin/../lib/gcc/mips64-elf/14.2.0/../../../../mips64-elf/lib/libdragon.a(usb.o)
 .text.usb_everdrive_usbbusy
                0x800a4e40       0xe0 /opt/libdragon/bin/../lib/gcc/mips64-elf/14.2.0/../../../../mips64-elf/lib/libdragon.a(usb.o)
 .text.usb_everdrive_readusb
                0x800a4f20       0xc0 /opt/libdragon/bin/../lib/gcc/mips64-elf/14.2.0/../../../../mips64-elf/lib/libdragon.a(usb.o)
 .text.usb_everdrive_poll
                0x800a4fe0      0x220 /opt/libdragon/bin/../lib/gcc/mips64-elf/14.2.0/../../../../mips64-elf/lib/libdragon.a(usb.o)
 .text.usb_everdrive_write
                0x800a5200      0x1c0 /opt/libdragon/bin/../lib/gcc/mips64-elf/14.2.0/../../../../mips64-elf/lib/libdragon.a(usb.o)
 .text.usb_everdrive_read
                0x800a53c0       0x60 /opt/libdragon/bin/../lib/gcc/mips64-elf/14.2.0/../../../../mips64-elf/lib/libdragon.a(usb.o)
 .text.usb_sc64_read
                0x800a5420       0x60 /opt/libdragon/bin/../lib/gcc/mips64-elf/14.2.0/../../../../mips64-elf/lib/libdragon.a(usb.o)
 .text.usb_sc64_poll
                0x800a5480      0x160 /opt/libdragon/bin/../lib/gcc/mips64-elf/14.2.0/../../../../mips64-elf/lib/libdragon.a(usb.o)
 .text.usb_write
                0x800a55e0       0x40 /opt/libdragon/bin/../lib/gcc/mips64-elf/14.2.0/../../../../mips64-elf/lib/libdragon.a(usb.o)
                0x800a55e0                usb_write
 .text.usb_sendheartbeat
                0x800a5620       0x60 /opt/libdragon/bin/../lib/gcc/mips64-elf/14.2.0/../../../../mips64-elf/lib/libdragon.a(usb.o)
                0x800a5620                usb_sendheartbeat
 .text.usb_initialize
                0x800a5680      0x1e0 /opt/libdragon/bin/../lib/gcc/mips64-elf/14.2.0/../../../../mips64-elf/lib/libdragon.a(usb.o)
                0x800a5680                usb_initialize
 .text.usb_64drive_wait
                0x800a5860       0xc0 /opt/libdragon/bin/../lib/gcc/mips64-elf/14.2.0/../../../../mips64-elf/lib/libdragon.a(usb.o)
                0x800a5860                usb_64drive_wait
 .text.usb_64drive_write
                0x800a5920      0x240 /opt/libdragon/bin/../lib/gcc/mips64-elf/14.2.0/../../../../mips64-elf/lib/libdragon.a(usb.o)
 .text.usb_sc64_execute_cmd
                0x800a5b60       0xc0 /opt/libdragon/bin/../lib/gcc/mips64-elf/14.2.0/../../../../mips64-elf/lib/libdragon.a(usb.o)
                0x800a5b60                usb_sc64_execute_cmd
 .text.usb_sc64_write
                0x800a5c20      0x2c0 /opt/libdragon/bin/../lib/gcc/mips64-elf/14.2.0/../../../../mips64-elf/lib/libdragon.a(usb.o)
 .text.get_next_token
                0x800a5ee0       0xc0 /opt/libdragon/bin/../lib/gcc/mips64-elf/14.2.0/../../../../mips64-elf/lib/libdragon.a(dragonfs.o)
 .text.__fstat  0x800a5fa0       0x40 /opt/libdragon/bin/../lib/gcc/mips64-elf/14.2.0/../../../../mips64-elf/lib/libdragon.a(dragonfs.o)
 .text.lookup_file
                0x800a5fe0      0x260 /opt/libdragon/bin/../lib/gcc/mips64-elf/14.2.0/../../../../mips64-elf/lib/libdragon.a(dragonfs.o)
 .text.__close  0x800a6240       0x40 /opt/libdragon/bin/../lib/gcc/mips64-elf/14.2.0/../../../../mips64-elf/lib/libdragon.a(dragonfs.o)
 .text.__ioctl  0x800a6280       0x60 /opt/libdragon/bin/../lib/gcc/mips64-elf/14.2.0/../../../../mips64-elf/lib/libdragon.a(dragonfs.o)
 .text.recurse_path
                0x800a62e0      0x3e0 /opt/libdragon/bin/../lib/gcc/mips64-elf/14.2.0/../../../../mips64-elf/lib/libdragon.a(dragonfs.o)
 .text.__findnext
                0x800a66c0      0x100 /opt/libdragon/bin/../lib/gcc/mips64-elf/14.2.0/../../../../mips64-elf/lib/libdragon.a(dragonfs.o)
 .text.__dfs_findfirst
                0x800a67c0       0xe0 /opt/libdragon/bin/../lib/gcc/mips64-elf/14.2.0/../../../../mips64-elf/lib/libdragon.a(dragonfs.o)
 .text.__findfirst
                0x800a68a0       0x60 /opt/libdragon/bin/../lib/gcc/mips64-elf/14.2.0/../../../../mips64-elf/lib/libdragon.a(dragonfs.o)
 .text.__lseek  0x800a6900       0xa0 /opt/libdragon/bin/../lib/gcc/mips64-elf/14.2.0/../../../../mips64-elf/lib/libdragon.a(dragonfs.o)
 .text.dfs_open
                0x800a69a0      0x1a0 /opt/libdragon/bin/../lib/gcc/mips64-elf/14.2.0/../../../../mips64-elf/lib/libdragon.a(dragonfs.o)
                0x800a69a0                dfs_open
 .text.__open   0x800a6b40       0xc0 /opt/libdragon/bin/../lib/gcc/mips64-elf/14.2.0/../../../../mips64-elf/lib/libdragon.a(dragonfs.o)
 .text.dfs_read
                0x800a6c00      0x1a0 /opt/libdragon/bin/../lib/gcc/mips64-elf/14.2.0/../../../../mips64-elf/lib/libdragon.a(dragonfs.o)
                0x800a6c00                dfs_read
 .text.__read   0x800a6da0       0x20 /opt/libdragon/bin/../lib/gcc/mips64-elf/14.2.0/../../../../mips64-elf/lib/libdragon.a(dragonfs.o)
 .text.dfs_init
                0x800a6dc0      0x220 /opt/libdragon/bin/../lib/gcc/mips64-elf/14.2.0/../../../../mips64-elf/lib/libdragon.a(dragonfs.o)
                0x800a6dc0                dfs_init
 .text.audio_callback.part.0
                0x800a6fe0      0x1e0 /opt/libdragon/bin/../lib/gcc/mips64-elf/14.2.0/../../../../mips64-elf/lib/libdragon.a(audio.o)
 .text.audio_callback
                0x800a71c0       0x60 /opt/libdragon/bin/../lib/gcc/mips64-elf/14.2.0/../../../../mips64-elf/lib/libdragon.a(audio.o)
 .text.audio_init
                0x800a7220      0x200 /opt/libdragon/bin/../lib/gcc/mips64-elf/14.2.0/../../../../mips64-elf/lib/libdragon.a(audio.o)
                0x800a7220                audio_init
 .text.__display_callback
                0x800a7420      0x140 /opt/libdragon/bin/../lib/gcc/mips64-elf/14.2.0/../../../../mips64-elf/lib/libdragon.a(display.o)
 .text.display_show.part.0
                0x800a7560      0x1a0 /opt/libdragon/bin/../lib/gcc/mips64-elf/14.2.0/../../../../mips64-elf/lib/libdragon.a(display.o)
 .text.display_init
                0x800a7700      0x5c0 /opt/libdragon/bin/../lib/gcc/mips64-elf/14.2.0/../../../../mips64-elf/lib/libdragon.a(display.o)
                0x800a7700                display_init
 .text.display_close
                0x800a7cc0      0x100 /opt/libdragon/bin/../lib/gcc/mips64-elf/14.2.0/../../../../mips64-elf/lib/libdragon.a(display.o)
                0x800a7cc0                display_close
 .text.display_try_get
                0x800a7dc0       0xc0 /opt/libdragon/bin/../lib/gcc/mips64-elf/14.2.0/../../../../mips64-elf/lib/libdragon.a(display.o)
                0x800a7dc0                display_try_get
 .text.display_get
                0x800a7e80      0x100 /opt/libdragon/bin/../lib/gcc/mips64-elf/14.2.0/../../../../mips64-elf/lib/libdragon.a(display.o)
                0x800a7e80                display_get
 .text.display_show
                0x800a7f80       0x20 /opt/libdragon/bin/../lib/gcc/mips64-elf/14.2.0/../../../../mips64-elf/lib/libdragon.a(display.o)
                0x800a7f80                display_show
 .text.display_show_force
                0x800a7fa0       0x40 /opt/libdragon/bin/../lib/gcc/mips64-elf/14.2.0/../../../../mips64-elf/lib/libdragon.a(display.o)
                0x800a7fa0                display_show_force
 .text.display_get_bitdepth
                0x800a7fe0       0x20 /opt/libdragon/bin/../lib/gcc/mips64-elf/14.2.0/../../../../mips64-elf/lib/libdragon.a(display.o)
                0x800a7fe0                display_get_bitdepth
 .text.tex_format_name
                0x800a8000       0x40 /opt/libdragon/bin/../lib/gcc/mips64-elf/14.2.0/../../../../mips64-elf/lib/libdragon.a(surface.o)
                0x800a8000                tex_format_name
 .text.surface_alloc
                0x800a8040       0xe0 /opt/libdragon/bin/../lib/gcc/mips64-elf/14.2.0/../../../../mips64-elf/lib/libdragon.a(surface.o)
                0x800a8040                surface_alloc
 .text.surface_free
                0x800a8120       0x80 /opt/libdragon/bin/../lib/gcc/mips64-elf/14.2.0/../../../../mips64-elf/lib/libdragon.a(surface.o)
                0x800a8120                surface_free
 .text.graphics_draw_character.part.0
                0x800a81a0      0x4e0 /opt/libdragon/bin/../lib/gcc/mips64-elf/14.2.0/../../../../mips64-elf/lib/libdragon.a(graphics.o)
 .text.graphics_set_color
                0x800a8680       0x20 /opt/libdragon/bin/../lib/gcc/mips64-elf/14.2.0/../../../../mips64-elf/lib/libdragon.a(graphics.o)
                0x800a8680                graphics_set_color
 .text.graphics_draw_box
                0x800a86a0      0x120 /opt/libdragon/bin/../lib/gcc/mips64-elf/14.2.0/../../../../mips64-elf/lib/libdragon.a(graphics.o)
                0x800a86a0                graphics_draw_box
 .text.graphics_fill_screen
                0x800a87c0       0x80 /opt/libdragon/bin/../lib/gcc/mips64-elf/14.2.0/../../../../mips64-elf/lib/libdragon.a(graphics.o)
                0x800a87c0                graphics_fill_screen
 .text.graphics_set_default_font
                0x800a8840       0x20 /opt/libdragon/bin/../lib/gcc/mips64-elf/14.2.0/../../../../mips64-elf/lib/libdragon.a(graphics.o)
                0x800a8840                graphics_set_default_font
 .text.graphics_draw_character
                0x800a8860       0x20 /opt/libdragon/bin/../lib/gcc/mips64-elf/14.2.0/../../../../mips64-elf/lib/libdragon.a(graphics.o)
                0x800a8860                graphics_draw_character
 .text.graphics_draw_text
                0x800a8880      0x120 /opt/libdragon/bin/../lib/gcc/mips64-elf/14.2.0/../../../../mips64-elf/lib/libdragon.a(graphics.o)
                0x800a8880                graphics_draw_text
 .text.rsp_load_code
                0x800a89a0      0x100 /opt/libdragon/bin/../lib/gcc/mips64-elf/14.2.0/../../../../mips64-elf/lib/libdragon.a(rsp.o)
                0x800a89a0                rsp_load_code
 .text.rsp_load_data
                0x800a8aa0       0xe0 /opt/libdragon/bin/../lib/gcc/mips64-elf/14.2.0/../../../../mips64-elf/lib/libdragon.a(rsp.o)
                0x800a8aa0                rsp_load_data
 .text.rsp_load
                0x800a8b80       0x60 /opt/libdragon/bin/../lib/gcc/mips64-elf/14.2.0/../../../../mips64-elf/lib/libdragon.a(rsp.o)
                0x800a8b80                rsp_load
 .text.rsp_read_code
                0x800a8be0       0xe0 /opt/libdragon/bin/../lib/gcc/mips64-elf/14.2.0/../../../../mips64-elf/lib/libdragon.a(rsp.o)
                0x800a8be0                rsp_read_code
 .text.rsp_read_data
                0x800a8cc0       0xe0 /opt/libdragon/bin/../lib/gcc/mips64-elf/14.2.0/../../../../mips64-elf/lib/libdragon.a(rsp.o)
                0x800a8cc0                rsp_read_data
 .text.__rsp_run_async
                0x800a8da0       0x40 /opt/libdragon/bin/../lib/gcc/mips64-elf/14.2.0/../../../../mips64-elf/lib/libdragon.a(rsp.o)
                0x800a8da0                __rsp_run_async
 .text.__rsp_crash
                0x800a8de0      0xc40 /opt/libdragon/bin/../lib/gcc/mips64-elf/14.2.0/../../../../mips64-elf/lib/libdragon.a(rsp.o)
                0x800a8de0                __rsp_crash
 .text.__rsp_check_assert
                0x800a9a20       0x80 /opt/libdragon/bin/../lib/gcc/mips64-elf/14.2.0/../../../../mips64-elf/lib/libdragon.a(rsp.o)
                0x800a9a20                __rsp_check_assert
 .text.rsp_wait
                0x800a9aa0      0x100 /opt/libdragon/bin/../lib/gcc/mips64-elf/14.2.0/../../../../mips64-elf/lib/libdragon.a(rsp.o)
                0x800a9aa0                rsp_wait
 .text.rsp_run  0x800a9ba0       0x60 /opt/libdragon/bin/../lib/gcc/mips64-elf/14.2.0/../../../../mips64-elf/lib/libdragon.a(rsp.o)
                0x800a9ba0                rsp_run
 .text.cb.2     0x800a9c00       0x60 /opt/libdragon/bin/../lib/gcc/mips64-elf/14.2.0/../../../../mips64-elf/lib/libdragon.a(inspector.o)
 .text.cb.1     0x800a9c60       0x60 /opt/libdragon/bin/../lib/gcc/mips64-elf/14.2.0/../../../../mips64-elf/lib/libdragon.a(inspector.o)
 .text.cb.0     0x800a9cc0      0x120 /opt/libdragon/bin/../lib/gcc/mips64-elf/14.2.0/../../../../mips64-elf/lib/libdragon.a(inspector.o)
 .text.cb.3     0x800a9de0      0x120 /opt/libdragon/bin/../lib/gcc/mips64-elf/14.2.0/../../../../mips64-elf/lib/libdragon.a(inspector.o)
 .text.inspector_stdout
                0x800a9f00      0x300 /opt/libdragon/bin/../lib/gcc/mips64-elf/14.2.0/../../../../mips64-elf/lib/libdragon.a(inspector.o)
 .text.title    0x800aa200       0xa0 /opt/libdragon/bin/../lib/gcc/mips64-elf/14.2.0/../../../../mips64-elf/lib/libdragon.a(inspector.o)
 .text.mips_disasm
                0x800aa2a0      0x820 /opt/libdragon/bin/../lib/gcc/mips64-elf/14.2.0/../../../../mips64-elf/lib/libdragon.a(inspector.o)
 .text.inspector
                0x800aaac0      0xcc0 /opt/libdragon/bin/../lib/gcc/mips64-elf/14.2.0/../../../../mips64-elf/lib/libdragon.a(inspector.o)
 .text.handler.4
                0x800ab780       0x40 /opt/libdragon/bin/../lib/gcc/mips64-elf/14.2.0/../../../../mips64-elf/lib/libdragon.a(inspector.o)
 .text.__inspector_exception
                0x800ab7c0       0x20 /opt/libdragon/bin/../lib/gcc/mips64-elf/14.2.0/../../../../mips64-elf/lib/libdragon.a(inspector.o)
                0x800ab7c0                __inspector_exception
 .text.__inspector_assertion
                0x800ab7e0       0x20 /opt/libdragon/bin/../lib/gcc/mips64-elf/14.2.0/../../../../mips64-elf/lib/libdragon.a(inspector.o)
                0x800ab7e0                __inspector_assertion
 .text.startup.__inspector_init
                0x800ab800       0x20 /opt/libdragon/bin/../lib/gcc/mips64-elf/14.2.0/../../../../mips64-elf/lib/libdragon.a(inspector.o)
                0x800ab800                __inspector_init
 .text.dma_write_raw_async.part.0
                0x800ab820       0x40 /opt/libdragon/bin/../lib/gcc/mips64-elf/14.2.0/../../../../mips64-elf/lib/libdragon.a(dma.o)
 .text.dma_read_async
                0x800ab860      0x4e0 /opt/libdragon/bin/../lib/gcc/mips64-elf/14.2.0/../../../../mips64-elf/lib/libdragon.a(dma.o)
                0x800ab860                dma_read_async
 .text.dma_read
                0x800abd40       0x40 /opt/libdragon/bin/../lib/gcc/mips64-elf/14.2.0/../../../../mips64-elf/lib/libdragon.a(dma.o)
                0x800abd40                dma_read
 .text.dma_write
                0x800abd80       0xa0 /opt/libdragon/bin/../lib/gcc/mips64-elf/14.2.0/../../../../mips64-elf/lib/libdragon.a(dma.o)
                0x800abd80                dma_write
 .text.io_read  0x800abe20       0x60 /opt/libdragon/bin/../lib/gcc/mips64-elf/14.2.0/../../../../mips64-elf/lib/libdragon.a(dma.o)
                0x800abe20                io_read
 .text.io_write
                0x800abe80       0x60 /opt/libdragon/bin/../lib/gcc/mips64-elf/14.2.0/../../../../mips64-elf/lib/libdragon.a(dma.o)
                0x800abe80                io_write
 .text.cb.0     0x800abee0       0x40 /opt/libdragon/bin/../lib/gcc/mips64-elf/14.2.0/../../../../mips64-elf/lib/libdragon.a(exception.o)
 .text.cb.1     0x800abf20       0x80 /opt/libdragon/bin/../lib/gcc/mips64-elf/14.2.0/../../../../mips64-elf/lib/libdragon.a(exception.o)
 .text.is_unmapped_kx64
                0x800abfa0      0x1e0 /opt/libdragon/bin/../lib/gcc/mips64-elf/14.2.0/../../../../mips64-elf/lib/libdragon.a(exception.o)
 .text.__get_exception_name.isra.0
                0x800ac180      0x440 /opt/libdragon/bin/../lib/gcc/mips64-elf/14.2.0/../../../../mips64-elf/lib/libdragon.a(exception.o)
 .text.__exception_dump_header
                0x800ac5c0      0x340 /opt/libdragon/bin/../lib/gcc/mips64-elf/14.2.0/../../../../mips64-elf/lib/libdragon.a(exception.o)
                0x800ac5c0                __exception_dump_header
 .text.__exception_dump_gpr
                0x800ac900      0x180 /opt/libdragon/bin/../lib/gcc/mips64-elf/14.2.0/../../../../mips64-elf/lib/libdragon.a(exception.o)
                0x800ac900                __exception_dump_gpr
 .text.__exception_dump_fpr
                0x800aca80      0x2e0 /opt/libdragon/bin/../lib/gcc/mips64-elf/14.2.0/../../../../mips64-elf/lib/libdragon.a(exception.o)
                0x800aca80                __exception_dump_fpr
 .text.exception_default_handler
                0x800acd60      0x1a0 /opt/libdragon/bin/../lib/gcc/mips64-elf/14.2.0/../../../../mips64-elf/lib/libdragon.a(exception.o)
                0x800acd60                exception_default_handler
 .text.__onCriticalException
                0x800acf00       0x80 /opt/libdragon/bin/../lib/gcc/mips64-elf/14.2.0/../../../../mips64-elf/lib/libdragon.a(exception.o)
                0x800acf00                __onCriticalException
 .text.register_syscall_handler
                0x800acf80      0x1a0 /opt/libdragon/bin/../lib/gcc/mips64-elf/14.2.0/../../../../mips64-elf/lib/libdragon.a(exception.o)
                0x800acf80                register_syscall_handler
 .text.__onSyscallException
                0x800ad120      0x180 /opt/libdragon/bin/../lib/gcc/mips64-elf/14.2.0/../../../../mips64-elf/lib/libdragon.a(exception.o)
                0x800ad120                __onSyscallException
 .text.__register_frame_info
                0x800ad2a0       0x20 /opt/libdragon/bin/../lib/gcc/mips64-elf/14.2.0/../../../../mips64-elf/lib/libdragon.a(do_ctors.o)
                0x800ad2a0                __register_frame_info
 .text.__wrap___do_global_ctors
                0x800ad2c0       0xe0 /opt/libdragon/bin/../lib/gcc/mips64-elf/14.2.0/../../../../mips64-elf/lib/libdragon.a(do_ctors.o)
                0x800ad2c0                __wrap___do_global_ctors
 .text.controller_read
                0x800ad3a0       0x20 /opt/libdragon/bin/../lib/gcc/mips64-elf/14.2.0/../../../../mips64-elf/lib/libdragon.a(controller.o)
                0x800ad3a0                controller_read
 .text.joybus_accessory_calculate_addr_checksum
                0x800ad3c0       0x60 /opt/libdragon/bin/../lib/gcc/mips64-elf/14.2.0/../../../../mips64-elf/lib/libdragon.a(joybus_accessory.o)
                0x800ad3c0                joybus_accessory_calculate_addr_checksum
 .text.joybus_accessory_calculate_data_crc
                0x800ad420       0xa0 /opt/libdragon/bin/../lib/gcc/mips64-elf/14.2.0/../../../../mips64-elf/lib/libdragon.a(joybus_accessory.o)
                0x800ad420                joybus_accessory_calculate_data_crc
 .text.joybus_accessory_compare_data_crc
                0x800ad4c0       0x60 /opt/libdragon/bin/../lib/gcc/mips64-elf/14.2.0/../../../../mips64-elf/lib/libdragon.a(joybus_accessory.o)
                0x800ad4c0                joybus_accessory_compare_data_crc
 .text.joybus_accessory_read_async
                0x800ad520       0xe0 /opt/libdragon/bin/../lib/gcc/mips64-elf/14.2.0/../../../../mips64-elf/lib/libdragon.a(joybus_accessory.o)
                0x800ad520                joybus_accessory_read_async
 .text.joybus_accessory_write_async
                0x800ad600      0x120 /opt/libdragon/bin/../lib/gcc/mips64-elf/14.2.0/../../../../mips64-elf/lib/libdragon.a(joybus_accessory.o)
                0x800ad600                joybus_accessory_write_async
 .text.joybus_msg_send
                0x800ad720       0x80 /opt/libdragon/bin/../lib/gcc/mips64-elf/14.2.0/../../../../mips64-elf/lib/libdragon.a(joybus.o)
 .text.callback.0
                0x800ad7a0       0x80 /opt/libdragon/bin/../lib/gcc/mips64-elf/14.2.0/../../../../mips64-elf/lib/libdragon.a(joybus.o)
 .text.si_interrupt
                0x800ad820      0x1a0 /opt/libdragon/bin/../lib/gcc/mips64-elf/14.2.0/../../../../mips64-elf/lib/libdragon.a(joybus.o)
 .text.startup.__joybus_init
                0x800ad9c0       0x60 /opt/libdragon/bin/../lib/gcc/mips64-elf/14.2.0/../../../../mips64-elf/lib/libdragon.a(joybus.o)
                0x800ad9c0                __joybus_init
 .text.joybus_exec_async
                0x800ada20      0x1a0 /opt/libdragon/bin/../lib/gcc/mips64-elf/14.2.0/../../../../mips64-elf/lib/libdragon.a(joybus.o)
                0x800ada20                joybus_exec_async
 .text.joybus_exec
                0x800adbc0      0x140 /opt/libdragon/bin/../lib/gcc/mips64-elf/14.2.0/../../../../mips64-elf/lib/libdragon.a(joybus.o)
                0x800adbc0                joybus_exec
 .text.joypad_inputs_from_n64_controller_read
                0x800add00       0xc0 /opt/libdragon/bin/../lib/gcc/mips64-elf/14.2.0/../../../../mips64-elf/lib/libdragon.a(joypad.o)
 .text.joypad_gcn_origin_callback
                0x800addc0       0xe0 /opt/libdragon/bin/../lib/gcc/mips64-elf/14.2.0/../../../../mips64-elf/lib/libdragon.a(joypad.o)
 .text.joypad_read_callback
                0x800adea0       0x60 /opt/libdragon/bin/../lib/gcc/mips64-elf/14.2.0/../../../../mips64-elf/lib/libdragon.a(joypad.o)
 .text.joybus_input_read_n64_controllers
                0x800adf00       0xe0 /opt/libdragon/bin/../lib/gcc/mips64-elf/14.2.0/../../../../mips64-elf/lib/libdragon.a(joypad.o)
 .text.joypad_device_changed
                0x800adfe0       0x80 /opt/libdragon/bin/../lib/gcc/mips64-elf/14.2.0/../../../../mips64-elf/lib/libdragon.a(joypad.o)
 .text.joypad_identify_callback
                0x800ae060      0x2a0 /opt/libdragon/bin/../lib/gcc/mips64-elf/14.2.0/../../../../mips64-elf/lib/libdragon.a(joypad.o)
 .text.joypad_read_async.part.0
                0x800ae300      0x220 /opt/libdragon/bin/../lib/gcc/mips64-elf/14.2.0/../../../../mips64-elf/lib/libdragon.a(joypad.o)
 .text.joypad_identify_async.part.0
                0x800ae520      0x140 /opt/libdragon/bin/../lib/gcc/mips64-elf/14.2.0/../../../../mips64-elf/lib/libdragon.a(joypad.o)
 .text.joypad_poll.part.0
                0x800ae660      0x520 /opt/libdragon/bin/../lib/gcc/mips64-elf/14.2.0/../../../../mips64-elf/lib/libdragon.a(joypad.o)
 .text.joypad_vi_interrupt_callback
                0x800aeb80       0xa0 /opt/libdragon/bin/../lib/gcc/mips64-elf/14.2.0/../../../../mips64-elf/lib/libdragon.a(joypad.o)
 .text.joypad_reset_interrupt_callback
                0x800aec20      0x2c0 /opt/libdragon/bin/../lib/gcc/mips64-elf/14.2.0/../../../../mips64-elf/lib/libdragon.a(joypad.o)
 .text.joypad_init
                0x800aeee0      0x1e0 /opt/libdragon/bin/../lib/gcc/mips64-elf/14.2.0/../../../../mips64-elf/lib/libdragon.a(joypad.o)
                0x800aeee0                joypad_init
 .text.joypad_poll
                0x800af0c0       0x60 /opt/libdragon/bin/../lib/gcc/mips64-elf/14.2.0/../../../../mips64-elf/lib/libdragon.a(joypad.o)
                0x800af0c0                joypad_poll
 .text.joypad_get_inputs
                0x800af120       0xa0 /opt/libdragon/bin/../lib/gcc/mips64-elf/14.2.0/../../../../mips64-elf/lib/libdragon.a(joypad.o)
                0x800af120                joypad_get_inputs
 .text.joypad_get_buttons
                0x800af1c0       0xa0 /opt/libdragon/bin/../lib/gcc/mips64-elf/14.2.0/../../../../mips64-elf/lib/libdragon.a(joypad.o)
                0x800af1c0                joypad_get_buttons
 .text.joypad_get_buttons_pressed
                0x800af260       0xa0 /opt/libdragon/bin/../lib/gcc/mips64-elf/14.2.0/../../../../mips64-elf/lib/libdragon.a(joypad.o)
                0x800af260                joypad_get_buttons_pressed
 .text.__rdpq_interrupt
                0x800af300       0xa0 /opt/libdragon/bin/../lib/gcc/mips64-elf/14.2.0/../../../../mips64-elf/lib/libdragon.a(rdpq.o)
 .text.rdpq_assert_handler
                0x800af3a0       0xa0 /opt/libdragon/bin/../lib/gcc/mips64-elf/14.2.0/../../../../mips64-elf/lib/libdragon.a(rdpq.o)
 .text.rdpq_set_tile
                0x800af440      0x2a0 /opt/libdragon/bin/../lib/gcc/mips64-elf/14.2.0/../../../../mips64-elf/lib/libdragon.a(rdpq.o)
                0x800af440                rdpq_set_tile
 .text.__rdpq_block_next_buffer
                0x800af6e0      0x1e0 /opt/libdragon/bin/../lib/gcc/mips64-elf/14.2.0/../../../../mips64-elf/lib/libdragon.a(rdpq.o)
                0x800af6e0                __rdpq_block_next_buffer
 .text.rdpq_fence
                0x800af8c0      0x140 /opt/libdragon/bin/../lib/gcc/mips64-elf/14.2.0/../../../../mips64-elf/lib/libdragon.a(rdpq.o)
                0x800af8c0                rdpq_fence
 .text.__rdpq_block_reserve
                0x800afa00      0x120 /opt/libdragon/bin/../lib/gcc/mips64-elf/14.2.0/../../../../mips64-elf/lib/libdragon.a(rdpq.o)
                0x800afa00                __rdpq_block_reserve
 .text.__rdpq_block_update
                0x800afb20      0x120 /opt/libdragon/bin/../lib/gcc/mips64-elf/14.2.0/../../../../mips64-elf/lib/libdragon.a(rdpq.o)
                0x800afb20                __rdpq_block_update
 .text.__rdpq_write8
                0x800afc40       0xe0 /opt/libdragon/bin/../lib/gcc/mips64-elf/14.2.0/../../../../mips64-elf/lib/libdragon.a(rdpq.o)
                0x800afc40                __rdpq_write8
 .text.__rdpq_autosync_change
                0x800afd20      0x140 /opt/libdragon/bin/../lib/gcc/mips64-elf/14.2.0/../../../../mips64-elf/lib/libdragon.a(rdpq.o)
                0x800afd20                __rdpq_autosync_change
 .text.__rdpq_write8_syncchange
                0x800afe60       0x60 /opt/libdragon/bin/../lib/gcc/mips64-elf/14.2.0/../../../../mips64-elf/lib/libdragon.a(rdpq.o)
                0x800afe60                __rdpq_write8_syncchange
 .text.__rdpq_fixup_write8_syncchange
                0x800afec0      0x140 /opt/libdragon/bin/../lib/gcc/mips64-elf/14.2.0/../../../../mips64-elf/lib/libdragon.a(rdpq.o)
                0x800afec0                __rdpq_fixup_write8_syncchange
 .text.__rdpq_write8_syncchangeuse
                0x800b0000       0x80 /opt/libdragon/bin/../lib/gcc/mips64-elf/14.2.0/../../../../mips64-elf/lib/libdragon.a(rdpq.o)
                0x800b0000                __rdpq_write8_syncchangeuse
 .text.__rdpq_set_scissor
                0x800b0080      0x100 /opt/libdragon/bin/../lib/gcc/mips64-elf/14.2.0/../../../../mips64-elf/lib/libdragon.a(rdpq.o)
                0x800b0080                __rdpq_set_scissor
 .text.__rdpq_set_fill_color
                0x800b0180      0x100 /opt/libdragon/bin/../lib/gcc/mips64-elf/14.2.0/../../../../mips64-elf/lib/libdragon.a(rdpq.o)
                0x800b0180                __rdpq_set_fill_color
 .text.__rdpq_set_color_image
                0x800b0280      0x140 /opt/libdragon/bin/../lib/gcc/mips64-elf/14.2.0/../../../../mips64-elf/lib/libdragon.a(rdpq.o)
                0x800b0280                __rdpq_set_color_image
 .text.rdpq_set_color_image
                0x800b03c0      0x200 /opt/libdragon/bin/../lib/gcc/mips64-elf/14.2.0/../../../../mips64-elf/lib/libdragon.a(rdpq.o)
                0x800b03c0                rdpq_set_color_image
 .text.rdpq_set_z_image
                0x800b05c0       0xc0 /opt/libdragon/bin/../lib/gcc/mips64-elf/14.2.0/../../../../mips64-elf/lib/libdragon.a(rdpq.o)
                0x800b05c0                rdpq_set_z_image
 .text.rdpq_set_texture_image
                0x800b0680      0x160 /opt/libdragon/bin/../lib/gcc/mips64-elf/14.2.0/../../../../mips64-elf/lib/libdragon.a(rdpq.o)
                0x800b0680                rdpq_set_texture_image
 .text.__rdpq_set_other_modes
                0x800b07e0      0x140 /opt/libdragon/bin/../lib/gcc/mips64-elf/14.2.0/../../../../mips64-elf/lib/libdragon.a(rdpq.o)
                0x800b07e0                __rdpq_set_other_modes
 .text.rdpq_init
                0x800b0920      0x1c0 /opt/libdragon/bin/../lib/gcc/mips64-elf/14.2.0/../../../../mips64-elf/lib/libdragon.a(rdpq.o)
                0x800b0920                rdpq_init
 .text.rdpq_sync_full
                0x800b0ae0      0x120 /opt/libdragon/bin/../lib/gcc/mips64-elf/14.2.0/../../../../mips64-elf/lib/libdragon.a(rdpq.o)
                0x800b0ae0                rdpq_sync_full
 .text.__rdpq_fill_rectangle