Archive member included to satisfy reference by file (symbol)

/opt/libdragon/bin/../lib/gcc/mips64-elf/14.2.0/../../../../mips64-elf/lib/libdragon.a(n64sys.o)
                              cpu_threaded.o (data_cache_hit_writeback_invalidate)
/opt/libdragon/bin/../lib/gcc/mips64-elf/14.2.0/../../../../mips64-elf/lib/libdragon.a(interrupt.o)
                              /opt/libdragon/bin/../lib/gcc/mips64-elf/14.2.0/../../../../mips64-elf/lib/libdragon.a(n64sys.o) (disable_interrupts)
/opt/libdragon/bin/../lib/gcc/mips64-elf/14.2.0/../../../../mips64-elf/lib/libdragon.a(entrypoint.o)
                              (_start)
/opt/libdragon/bin/../lib/gcc/mips64-elf/14.2.0/../../../../mips64-elf/lib/libdragon.a(debug.o)
                              n64/n64_main.o (debug_init_usblog)
/opt/libdragon/bin/../lib/gcc/mips64-elf/14.2.0/../../../../mips64-elf/lib/libdragon.a(usb.o)
                              /opt/libdragon/bin/../lib/gcc/mips64-elf/14.2.0/../../../../mips64-elf/lib/libdragon.a(debug.o) (usb_write)
/opt/libdragon/bin/../lib/gcc/mips64-elf/14.2.0/../../../../mips64-elf/lib/libdragon.a(cart.o)
                              /opt/libdragon/bin/../lib/gcc/mips64-elf/14.2.0/../../../../mips64-elf/lib/libdragon.a(debug.o) (cart_init)
/opt/libdragon/bin/../lib/gcc/mips64-elf/14.2.0/../../../../mips64-elf/lib/libdragon.a(ff.o)
                              /opt/libdragon/bin/../lib/gcc/mips64-elf/14.2.0/../../../../mips64-elf/lib/libdragon.a(debug.o) (f_mount)
/opt/libdragon/bin/../lib/gcc/mips64-elf/14.2.0/../../../../mips64-elf/lib/libdragon.a(ffunicode.o)
                              /opt/libdragon/bin/../lib/gcc/mips64-elf/14.2.0/../../../../mips64-elf/lib/libdragon.a(ff.o) (ff_uni2oem)
/opt/libdragon/bin/../lib/gcc/mips64-elf/14.2.0/../../../../mips64-elf/lib/libdragon.a(dragonfs.o)
                              n64/n64_main.o (dfs_init)
/opt/libdragon/bin/../lib/gcc/mips64-elf/14.2.0/../../../../mips64-elf/lib/libdragon.a(audio.o)
                              n64/n64_audio.o (audio_init)
/opt/libdragon/bin/../lib/gcc/mips64-elf/14.2.0/../../../../mips64-elf/lib/libdragon.a(display.o)
                              n64/n64_video.o (display_init)
/opt/libdragon/bin/../lib/gcc/mips64-elf/14.2.0/../../../../mips64-elf/lib/libdragon.a(surface.o)
                              /opt/libdragon/bin/../lib/gcc/mips64-elf/14.2.0/../../../../mips64-elf/lib/libdragon.a(display.o) (surface_alloc)
/opt/libdragon/bin/../lib/gcc/mips64-elf/14.2.0/../../../../mips64-elf/lib/libdragon.a(graphics.o)
                              n64/n64_video.o (graphics_set_color)
/opt/libdragon/bin/../lib/gcc/mips64-elf/14.2.0/../../../../mips64-elf/lib/libdragon.a(rsp.o)
                              /opt/libdragon/bin/../lib/gcc/mips64-elf/14.2.0/../../../../mips64-elf/lib/libdragon.a(display.o) (__rsp_crash)
/opt/libdragon/bin/../lib/gcc/mips64-elf/14.2.0/../../../../mips64-elf/lib/libdragon.a(rsp_crash.o)
                              /opt/libdragon/bin/../lib/gcc/mips64-elf/14.2.0/../../../../mips64-elf/lib/libdragon.a(rsp.o) (rsp_crash_data_start)
/opt/libdragon/bin/../lib/gcc/mips64-elf/14.2.0/../../../../mips64-elf/lib/libdragon.a(inspector.o)
                              /opt/libdragon/bin/../lib/gcc/mips64-elf/14.2.0/../../../../mips64-elf/lib/libdragon.a(debug.o) (__inspector_assertion)
/opt/libdragon/bin/../lib/gcc/mips64-elf/14.2.0/../../../../mips64-elf/lib/libdragon.a(sprite.o)
                              /opt/libdragon/bin/../lib/gcc/mips64-elf/14.2.0/../../../../mips64-elf/lib/libdragon.a(graphics.o) (__sprite_upgrade)
/opt/libdragon/bin/../lib/gcc/mips64-elf/14.2.0/../../../../mips64-elf/lib/libdragon.a(dma.o)
                              /opt/libdragon/bin/../lib/gcc/mips64-elf/14.2.0/../../../../mips64-elf/lib/libdragon.a(debug.o) (io_accessible)
/opt/libdragon/bin/../lib/gcc/mips64-elf/14.2.0/../../../../mips64-elf/lib/libdragon.a(exception.o)
                              /opt/libdragon/bin/../lib/gcc/mips64-elf/14.2.0/../../../../mips64-elf/lib/libdragon.a(inspector.o) (__exception_dump_header)
/opt/libdragon/bin/../lib/gcc/mips64-elf/14.2.0/../../../../mips64-elf/lib/libdragon.a(do_ctors.o)
                              /opt/libdragon/bin/../lib/gcc/mips64-elf/14.2.0/../../../../mips64-elf/lib/libdragon.a(entrypoint.o) (__wrap___do_global_ctors)
/opt/libdragon/bin/../lib/gcc/mips64-elf/14.2.0/../../../../mips64-elf/lib/libdragon.a(dlfcn.o)
                              /opt/libdragon/bin/../lib/gcc/mips64-elf/14.2.0/../../../../mips64-elf/lib/libdragon.a(inspector.o) (__dl_list_head)
/opt/libdragon/bin/../lib/gcc/mips64-elf/14.2.0/../../../../mips64-elf/lib/libdragon.a(controller.o)
                              /opt/libdragon/bin/../lib/gcc/mips64-elf/14.2.0/../../../../mips64-elf/lib/libdragon.a(inspector.o) (controller_read)
/opt/libdragon/bin/../lib/gcc/mips64-elf/14.2.0/../../../../mips64-elf/lib/libdragon.a(joybus_accessory.o)
[...]
Memory Configuration

Name             Origin             Length             Attributes
*default*        0x00000000         0xffffffff

Linker script and memory map

LOAD /opt/libdragon/bin/../lib/gcc/mips64-elf/14.2.0/crti.o
LOAD /opt/libdragon/bin/../lib/gcc/mips64-elf/14.2.0/crtbegin.o
LOAD main.o
LOAD gba_memory.o
LOAD savestate.o
LOAD sound.o
LOAD cheats.o
LOAD serial.o
LOAD gbp.o
LOAD rfu.o
LOAD serial_proto.o
LOAD gba_cc_lut.o
LOAD memmap.o
LOAD video.o
LOAD cpu.o
LOAD cpu_threaded.o
LOAD bios_data.o
LOAD mips/mips_stub.o
LOAD mips/mips_interp.o
LOAD n64/n64_interp.o
LOAD n64/n64_main.o
LOAD n64/n64_video.o
LOAD n64/n64_audio.o
LOAD n64/n64_input.o
LOAD n64/n64_storage.o
LOAD /opt/libdragon/bin/../lib/gcc/mips64-elf/14.2.0/../../../../mips64-elf/lib/libdragon.a
LOAD /opt/libdragon/bin/../lib/gcc/mips64-elf/14.2.0/../../../../mips64-elf/lib/libm.a
LOAD /opt/libdragon/bin/../lib/gcc/mips64-elf/14.2.0/../../../../mips64-elf/lib/libdragonsys.a

.intvectors     0x80000000      0x188
                0x80000000                        . = ALIGN (0x20)
 *(.intvectors)
 .intvectors    0x80000000      0x188 /opt/libdragon/bin/../lib/gcc/mips64-elf/14.2.0/../../../../mips64-elf/lib/libdragon.a(inthandler.o)
                0x80000188                        __intvectors_end = .

.text           0x80000400    0xcbaf0
                0x80000400                        __text_start = .
 *(.boot)
 .boot          0x80000400       0x68 /opt/libdragon/bin/../lib/gcc/mips64-elf/14.2.0/../../../../mips64-elf/lib/libdragon.a(entrypoint.o)
                0x80000400                _start
                0x80000470                        . = ALIGN (0x10)
 *fill*         0x80000468        0x8 
 *(.text)
 *fill*         0x80000470       0x10 
 .text          0x80000480      0x980 mips/mips_stub.o
                0x80000480                mips_update_gba
                0x80000554                mips_cheat_hook
                0x80000618                mips_indirect_branch_arm
                0x800006a8                mips_indirect_branch_thumb
                0x80000738                mips_indirect_branch_dual
                0x800007c8                write_io_epilogue
                0x8000090c                smc_write
                0x8000095c                execute_read_cpsr
                0x80000990                execute_read_spsr
                0x800009a8                execute_swi
                0x80000a88                execute_spsr_restore
                0x80000b5c                execute_store_cpsr
                0x80000cac                execute_store_spsr
                0x80000cd8                execute_arm_translate_internal
 .text          0x80000e00      0x200 mips/mips_interp.o
                0x80000e00                execute_thumb_inner
                0x80000f00                thumb_inner_next
                0x80000f80                thumb_inner_c_fallback
 .text          0x80001000      0x380 /opt/libdragon/bin/../lib/gcc/mips64-elf/14.2.0/../../../../mips64-elf/lib/libdragon.a(inthandler.o)
                0x80001000                inthandler
                0x80001380                inthandler_end
 .text          0x80001380      0x1c0 /opt/libdragon/bin/../lib/gcc/mips64-elf/14.2.0/../../../../mips64-elf/lib/libm.a(libm_a-s_floor.o)
                0x80001380                floor
 .text          0x80001540      0x110 /opt/libdragon/bin/../lib/gcc/mips64-elf/14.2.0/../../../../mips64-elf/lib/libm.a(libm_a-sf_floor.o)
                0x80001540                floorf
 .text          0x80001650       0x18 /opt/libdragon/bin/../lib/gcc/mips64-elf/14.2.0/../../../../mips64-elf/lib/libc.a(libc_a-abort.o)
                0x80001650                abort
 .text          0x80001668       0x18 /opt/libdragon/bin/../lib/gcc/mips64-elf/14.2.0/../../../../mips64-elf/lib/libc.a(libc_a-calloc.o)
                0x80001668                calloc
 .text          0x80001680      0x120 /opt/libdragon/bin/../lib/gcc/mips64-elf/14.2.0/../../../../mips64-elf/lib/libc.a(libc_a-callocr.o)
                0x80001680                _calloc_r
 .text          0x800017a0       0x20 /opt/libdragon/bin/../lib/gcc/mips64-elf/14.2.0/../../../../mips64-elf/lib/libc.a(libc_a-malloc.o)
                0x800017a0                malloc
                0x800017b0                free
 .text          0x800017c0      0x8c8 /opt/libdragon/bin/../lib/gcc/mips64-elf/14.2.0/../../../../mips64-elf/lib/libc.a(libc_a-mallocr.o)
                0x800017c0                _malloc_r
 .text          0x80002088       0x20 /opt/libdragon/bin/../lib/gcc/mips64-elf/14.2.0/../../../../mips64-elf/lib/libc.a(libc_a-mlock.o)
                0x80002088                __malloc_lock
                0x80002098                __malloc_unlock
 .text          0x800020a8      0x600 /opt/libdragon/bin/../lib/gcc/mips64-elf/14.2.0/../../../../mips64-elf/lib/libc.a(libc_a-reallocr.o)
                0x800020a8                _realloc_r
 .text          0x800026a8       0x18 /opt/libdragon/bin/../lib/gcc/mips64-elf/14.2.0/../../../../mips64-elf/lib/libc.a(libc_a-malign.o)
                0x800026a8                memalign
 .text          0x800026c0      0x200 /opt/libdragon/bin/../lib/gcc/mips64-elf/14.2.0/../../../../mips64-elf/lib/libc.a(libc_a-malignr.o)
                0x800026c0                _memalign_r
 .text          0x800028c0     0x2a08 /opt/libdragon/bin/../lib/gcc/mips64-elf/14.2.0/../../../../mips64-elf/lib/libc.a(libc_a-vfprintf.o)
                0x800028c0                _vfprintf_r
                0x800051b0                vfprintf
 .text          0x800052c8       0x40 /opt/libdragon/bin/../lib/gcc/mips64-elf/14.2.0/../../../../mips64-elf/lib/libc.a(libc_a-sprint_r.o)
                0x800052c8                __sprint_r
 .text          0x80005308      0x1b0 /opt/libdragon/bin/../lib/gcc/mips64-elf/14.2.0/../../../../mips64-elf/lib/libc.a(libc_a-fclose.o)
                0x80005308                _fclose_r
                0x800054a8                fclose
 .text          0x800054b8      0x458 /opt/libdragon/bin/../lib/gcc/mips64-elf/14.2.0/../../../../mips64-elf/lib/libc.a(libc_a-fflush.o)
                0x800054b8                __sflush_r
                0x80005710                _fflush_r
                0x80005818                fflush
 .text          0x80005910      0x510 /opt/libdragon/bin/../lib/gcc/mips64-elf/14.2.0/../../../../mips64-elf/lib/libc.a(libc_a-findfp.o)
                0x80005ba8                __sfp
                0x80005d18                __sinit
                0x80005d90                __sfp_lock_acquire
                0x80005da0                __sfp_lock_release
                0x80005db0                __fp_lock_all
                0x80005de8                __fp_unlock_all
 .text          0x80005e20       0xc8 /opt/libdragon/bin/../lib/gcc/mips64-elf/14.2.0/../../../../mips64-elf/lib/libc.a(libc_a-flags.o)
                0x80005e20                __sflags
 .text          0x80005ee8      0x1b8 /opt/libdragon/bin/../lib/gcc/mips64-elf/14.2.0/../../../../mips64-elf/lib/libc.a(libc_a-fopen.o)
                0x80005ee8                _fopen_r
                0x80006088                fopen
 .text          0x800060a0       0x68 /opt/libdragon/bin/../lib/gcc/mips64-elf/14.2.0/../../../../mips64-elf/lib/libc.a(libc_a-fprintf.o)
                0x800060a0                _fprintf_r
                0x800060c8                fprintf
 .text          0x80006108      0x190 /opt/libdragon/bin/../lib/gcc/mips64-elf/14.2.0/../../../../mips64-elf/lib/libc.a(libc_a-fputc.o)
                0x80006108                _fputc_r
                0x800061d0                fputc
 .text          0x80006298      0x3d0 /opt/libdragon/bin/../lib/gcc/mips64-elf/14.2.0/../../../../mips64-elf/lib/libc.a(libc_a-fread.o)
                0x80006298                _fread_r
                0x80006638                fread
 .text          0x80006668       0x20 /opt/libdragon/bin/../lib/gcc/mips64-elf/14.2.0/../../../../mips64-elf/lib/libc.a(libc_a-fseek.o)
                0x80006668                _fseek_r
                0x80006670                fseek
 .text          0x80006688       0x18 /opt/libdragon/bin/../lib/gcc/mips64-elf/14.2.0/../../../../mips64-elf/lib/libc.a(libc_a-ftell.o)
                0x80006688                _ftell_r
                0x80006690                ftell
 .text          0x800066a0      0x508 /opt/libdragon/bin/../lib/gcc/mips64-elf/14.2.0/../../../../mips64-elf/lib/libc.a(libc_a-fvwrite.o)
                0x800066a0                __sfvwrite_r
 .text          0x80006ba8       0xc0 /opt/libdragon/bin/../lib/gcc/mips64-elf/14.2.0/../../../../mips64-elf/lib/libc.a(libc_a-fwalk.o)
                0x80006ba8                _fwalk_sglue
 .text          0x80006c68      0x250 /opt/libdragon/bin/../lib/gcc/mips64-elf/14.2.0/../../../../mips64-elf/lib/libc.a(libc_a-fwrite.o)
                0x80006c68                _fwrite_r
                0x80006e88                fwrite
 .text          0x80006eb8       0x78 /opt/libdragon/bin/../lib/gcc/mips64-elf/14.2.0/../../../../mips64-elf/lib/libc.a(libc_a-printf.o)
                0x80006eb8                _printf_r
                0x80006ef0                printf
 .text          0x80006f30      0x240 /opt/libdragon/bin/../lib/gcc/mips64-elf/14.2.0/../../../../mips64-elf/lib/libc.a(libc_a-putc.o)
                0x80006f30                _putc_r
                0x80007040                putc
 .text          0x80007170       0x20 /opt/libdragon/bin/../lib/gcc/mips64-elf/14.2.0/../../../../mips64-elf/lib/libc.a(libc_a-putchar.o)
                0x80007170                _putchar_r
                0x80007178                putchar
 .text          0x80007190      0x1a8 /opt/libdragon/bin/../lib/gcc/mips64-elf/14.2.0/../../../../mips64-elf/lib/libc.a(libc_a-puts.o)
                0x80007190                _puts_r
                0x80007328                puts
 .text          0x80007338      0x200 /opt/libdragon/bin/../lib/gcc/mips64-elf/14.2.0/../../../../mips64-elf/lib/libc.a(libc_a-refill.o)
                0x80007360                __srefill_r
 .text          0x80007538      0x2f0 /opt/libdragon/bin/../lib/gcc/mips64-elf/14.2.0/../../../../mips64-elf/lib/libc.a(libc_a-setvbuf.o)
                0x80007538                setvbuf
 .text          0x80007828      0x1c8 /opt/libdragon/bin/../lib/gcc/mips64-elf/14.2.0/../../../../mips64-elf/lib/libc.a(libc_a-snprintf.o)
                0x80007828                _snprintf_r
                0x80007908                snprintf
 .text          0x800079f0       0xe0 /opt/libdragon/bin/../lib/gcc/mips64-elf/14.2.0/../../../../mips64-elf/lib/libc.a(libc_a-sprintf.o)
                0x800079f0                _sprintf_r
                0x80007a58                sprintf
 .text          0x80007ad0      0x190 /opt/libdragon/bin/../lib/gcc/mips64-elf/14.2.0/../../../../mips64-elf/lib/libc.a(libc_a-stdio.o)
                0x80007ad0                __sread
                0x80007b28                __seofread
                0x80007b30                __swrite
                0x80007bf0                __sseek
                0x80007c58                __sclose
 .text          0x80007c60       0x30 /opt/libdragon/bin/../lib/gcc/mips64-elf/14.2.0/../../../../mips64-elf/lib/libc.a(libc_a-vprintf.o)
                0x80007c60                vprintf
                0x80007c78                _vprintf_r
 .text          0x80007c90      0x1d0 /opt/libdragon/bin/../lib/gcc/mips64-elf/14.2.0/../../../../mips64-elf/lib/libc.a(libc_a-wbuf.o)
                0x80007c90                __swbuf_r
                0x80007e48                __swbuf
 .text          0x80007e60      0x1e0 /opt/libdragon/bin/../lib/gcc/mips64-elf/14.2.0/../../../../mips64-elf/lib/libc.a(libc_a-wsetup.o)
                0x80007e60                __swsetup_r
 .text          0x80008040      0x550 /opt/libdragon/bin/../lib/gcc/mips64-elf/14.2.0/../../../../mips64-elf/lib/libc.a(libc_a-fseeko.o)
                0x80008040                _fseeko_r
                0x80008578                fseeko
 .text          0x80008590      0x1e8 /opt/libdragon/bin/../lib/gcc/mips64-elf/14.2.0/../../../../mips64-elf/lib/libc.a(libc_a-ftello.o)
                0x80008590                _ftello_r
                0x80008768                ftello
 .text          0x80008778       0xf0 /opt/libdragon/bin/../lib/gcc/mips64-elf/14.2.0/../../../../mips64-elf/lib/libc.a(libc_a-memchr.o)
                0x80008778                memchr
 .text          0x80008868       0x80 /opt/libdragon/bin/../lib/gcc/mips64-elf/14.2.0/../../../../mips64-elf/lib/libc.a(libc_a-memcmp.o)
                0x80008868                memcmp
 .text          0x800088e8      0x168 /opt/libdragon/bin/../lib/gcc/mips64-elf/14.2.0/../../../../mips64-elf/lib/libc.a(libc_a-memmove.o)
                0x800088e8                memmove
 .text          0x80008a50       0x60 /opt/libdragon/bin/../lib/gcc/mips64-elf/14.2.0/../../../../mips64-elf/lib/libc.a(libc_a-strcasecmp.o)
                0x80008a50                strcasecmp
 .text          0x80008ab0       0x98 /opt/libdragon/bin/../lib/gcc/mips64-elf/14.2.0/../../../../mips64-elf/lib/libc.a(libc_a-strcat.o)
                0x80008ab0                strcat
 .text          0x80008b48      0x188 /opt/libdragon/bin/../lib/gcc/mips64-elf/14.2.0/../../../../mips64-elf/lib/libc.a(libc_a-strchr.o)
                0x80008b48                strchr
 .text          0x80008cd0       0xa8 /opt/libdragon/bin/../lib/gcc/mips64-elf/14.2.0/../../../../mips64-elf/lib/libc.a(libc_a-strcpy.o)
                0x80008cd0                strcpy
 .text          0x80008d78       0xc8 /opt/libdragon/bin/../lib/gcc/mips64-elf/14.2.0/../../../../mips64-elf/lib/libc.a(libc_a-strncmp.o)
                0x80008d78                strncmp
 .text          0x80008e40       0x70 /opt/libdragon/bin/../lib/gcc/mips64-elf/14.2.0/../../../../mips64-elf/lib/libc.a(libc_a-strrchr.o)
                0x80008e40                strrchr
 .text          0x80008eb0      0xbb8 /opt/libdragon/bin/../lib/gcc/mips64-elf/14.2.0/../../../../mips64-elf/lib/libc.a(libc_a-strstr.o)
                0x80009768                strstr
 .text          0x80009a68      0x598 /opt/libdragon/bin/../lib/gcc/mips64-elf/14.2.0/../../../../mips64-elf/lib/libc.a(libc_a-signal.o)
                0x80009a68                _init_signal_r
                0x80009ad0                _signal_r
                0x80009b80                _raise_r
                0x80009c38                __sigtramp_r
                0x80009d28                raise
                0x80009df0                signal
                0x80009ea8                _init_signal
                0x80009f18                __sigtramp
 .text          0x8000a000       0x10 /opt/libdragon/bin/../lib/gcc/mips64-elf/14.2.0/../../../../mips64-elf/lib/libc.a(libc_a-lcltime.o)
                0x8000a000                localtime
 .text          0x8000a010      0x4b0 /opt/libdragon/bin/../lib/gcc/mips64-elf/14.2.0/../../../../mips64-elf/lib/libc.a(libc_a-lcltime_r.o)
                0x8000a010                localtime_r
 .text          0x8000a4c0       0x50 /opt/libdragon/bin/../lib/gcc/mips64-elf/14.2.0/../../../../mips64-elf/lib/libc.a(libc_a-time.o)
                0x8000a4c0                time
 .text          0x8000a510      0x330 /opt/libdragon/bin/../lib/gcc/mips64-elf/14.2.0/../../../../mips64-elf/lib/libc.a(libc_a-tzcalc_limits.o)
                0x8000a510                __tzcalc_limits
 .text          0x8000a840       0x20 /opt/libdragon/bin/../lib/gcc/mips64-elf/14.2.0/../../../../mips64-elf/lib/libc.a(libc_a-tzlock.o)
                0x8000a840                __tz_lock
                0x8000a850                __tz_unlock
 .text          0x8000a860       0x30 /opt/libdragon/bin/../lib/gcc/mips64-elf/14.2.0/../../../../mips64-elf/lib/libc.a(libc_a-tzset.o)
                0x8000a860                _tzset_unlocked
                0x8000a868                tzset
 .text          0x8000a890      0x6f8 /opt/libdragon/bin/../lib/gcc/mips64-elf/14.2.0/../../../../mips64-elf/lib/libc.a(libc_a-tzset_r.o)
                0x8000a890                _tzset_unlocked_r
                0x8000af58                _tzset_r
 .text          0x8000af88       0x28 /opt/libdragon/bin/../lib/gcc/mips64-elf/14.2.0/../../../../mips64-elf/lib/libc.a(libc_a-localeconv.o)
                0x8000af88                __localeconv_l
                0x8000af90                _localeconv_r
                0x8000afa0                localeconv
 .text          0x8000afb0       0x50 /opt/libdragon/bin/../lib/gcc/mips64-elf/14.2.0/../../../../mips64-elf/lib/libc.a(libc_a-closer.o)
                0x8000afb0                _close_r
 .text          0x8000b000       0x58 /opt/libdragon/bin/../lib/gcc/mips64-elf/14.2.0/../../../../mips64-elf/lib/libc.a(libc_a-fstatr.o)
                0x8000b000                _fstat_r
 .text          0x8000b058       0x58 /opt/libdragon/bin/../lib/gcc/mips64-elf/14.2.0/../../../../mips64-elf/lib/libc.a(libc_a-gettimeofdayr.o)
                0x8000b058                _gettimeofday_r
 .text          0x8000b0b0       0x60 /opt/libdragon/bin/../lib/gcc/mips64-elf/14.2.0/../../../../mips64-elf/lib/libc.a(libc_a-lseekr.o)
                0x8000b0b0                _lseek_r
 .text          0x8000b110       0x60 /opt/libdragon/bin/../lib/gcc/mips64-elf/14.2.0/../../../../mips64-elf/lib/libc.a(libc_a-openr.o)
                0x8000b110                _open_r
 .text          0x8000b170       0x60 /opt/libdragon/bin/../lib/gcc/mips64-elf/14.2.0/../../../../mips64-elf/lib/libc.a(libc_a-readr.o)
                0x8000b170                _read_r
 .text          0x8000b1d0       0x60 /opt/libdragon/bin/../lib/gcc/mips64-elf/14.2.0/../../../../mips64-elf/lib/libc.a(libc_a-signalr.o)
                0x8000b1d0                _kill_r
                0x8000b228                _getpid_r
 .text          0x8000b230       0x50 /opt/libdragon/bin/../lib/gcc/mips64-elf/14.2.0/../../../../mips64-elf/lib/libc.a(libc_a-sbrkr.o)
                0x8000b230                _sbrk_r
 .text          0x8000b280       0x60 /opt/libdragon/bin/../lib/gcc/mips64-elf/14.2.0/../../../../mips64-elf/lib/libc.a(libc_a-writer.o)
                0x8000b280                _write_r
 .text          0x8000b2e0        0x8 /opt/libdragon/bin/../lib/gcc/mips64-elf/14.2.0/../../../../mips64-elf/lib/libc.a(libc_a-errno.o)
                0x8000b2e0                __errno
 .text          0x8000b2e8       0x50 /opt/libdragon/bin/../lib/gcc/mips64-elf/14.2.0/../../../../mips64-elf/lib/libc.a(libc_a-lock.o)
                0x8000b2e8                __retarget_lock_init
                0x8000b2f0                __retarget_lock_init_recursive
                0x8000b2f8                __retarget_lock_close
                0x8000b300                __retarget_lock_close_recursive
                0x8000b308                __retarget_lock_acquire
                0x8000b310                __retarget_lock_acquire_recursive
                0x8000b318                __retarget_lock_try_acquire
                0x8000b320                __retarget_lock_try_acquire_recursive
                0x8000b328                __retarget_lock_release
                0x8000b330                __retarget_lock_release_recursive
 .text          0x8000b338       0x18 /opt/libdragon/bin/../lib/gcc/mips64-elf/14.2.0/../../../../mips64-elf/lib/libc.a(libc_a-strlen.o)
                0x8000b338                strlen
 .text          0x8000b350      0x240 /opt/libdragon/bin/../lib/gcc/mips64-elf/14.2.0/../../../../mips64-elf/lib/libc.a(libc_a-strcmp.o)
                0x8000b350                strcmp
 .text          0x8000b590      0x220 /opt/libdragon/bin/../lib/gcc/mips64-elf/14.2.0/../../../../mips64-elf/lib/libc.a(libc_a-strncpy.o)
                0x8000b590                strncpy
 .text          0x8000b7b0      0x11c /opt/libdragon/bin/../lib/gcc/mips64-elf/14.2.0/../../../../mips64-elf/lib/libc.a(libc_a-memset.o)
                0x8000b7b0                memset
 .text          0x8000b8cc      0x370 /opt/libdragon/bin/../lib/gcc/mips64-elf/14.2.0/../../../../mips64-elf/lib/libc.a(libc_a-memcpy.o)
                0x8000b8cc                memcpy
 *fill*         0x8000bc3c        0x4 
 .text          0x8000bc40     0x1810 /opt/libdragon/bin/../lib/gcc/mips64-elf/14.2.0/../../../../mips64-elf/lib/libc.a(libc_a-dtoa.o)
                0x8000be90                _dtoa_r
 .text          0x8000d450      0x470 /opt/libdragon/bin/../lib/gcc/mips64-elf/14.2.0/../../../../mips64-elf/lib/libc.a(libc_a-freer.o)
                0x8000d450                _malloc_trim_r
                0x8000d590                _free_r
 .text          0x8000d8c0      0x150 /opt/libdragon/bin/../lib/gcc/mips64-elf/14.2.0/../../../../mips64-elf/lib/libc.a(libc_a-getenv_r.o)
                0x8000d8c0                _findenv_r
                0x8000d9f0                _getenv_r
 .text          0x8000da10     0x1480 /opt/libdragon/bin/../lib/gcc/mips64-elf/14.2.0/../../../../mips64-elf/lib/libc.a(libc_a-mprec.o)
                0x8000da10                _Balloc
                0x8000dac0                _Bfree
                0x8000daf0                __multadd
                0x8000dc48                __s2b
                0x8000ddc8                __hi0bits
                0x8000de70                __lo0bits
                0x8000df88                __i2b
                0x8000e060                __multiply
                0x8000e2e8                __pow5mult
                0x8000e450                __lshift
                0x8000e608                __mcmp
                0x8000e670                __mdiff
                0x8000e8e8                __ulp
                0x8000e998                __b2d
                0x8000eb30                __d2b
                0x8000ec88                __ratio
                0x8000ed48                _mprec_log10
                0x8000ed88                __copybits
                0x8000ee10                __any_on
 .text          0x8000ee90      0x250 /opt/libdragon/bin/../lib/gcc/mips64-elf/14.2.0/../../../../mips64-elf/lib/libc.a(libc_a-strtoul.o)
                0x8000f0a8                _strtoul_r
                0x8000f0b0                strtoul_l
                0x8000f0c8                strtoul
 .text          0x8000f0e0      0x108 /opt/libdragon/bin/../lib/gcc/mips64-elf/14.2.0/../../../../mips64-elf/lib/libc.a(libc_a-siscanf.o)
                0x8000f0e0                siscanf
                0x8000f160                _siscanf_r
 .text          0x8000f1e8     0x19a8 /opt/libdragon/bin/../lib/gcc/mips64-elf/14.2.0/../../../../mips64-elf/lib/libc.a(libc_a-svfiscanf.o)
                0x8000f1e8                _sungetc_r
                0x8000f308                __ssrefill_r
                0x8000f380                _sfread_r
                0x8000f518                __ssvfiscanf_r
 .text          0x80010b90     0x2718 /opt/libdragon/bin/../lib/gcc/mips64-elf/14.2.0/../../../../mips64-elf/lib/libc.a(libc_a-svfprintf.o)
                0x80010b90                _svfprintf_r
 .text          0x800132a8       0xc8 /opt/libdragon/bin/../lib/gcc/mips64-elf/14.2.0/../../../../mips64-elf/lib/libc.a(libc_a-ssprint_r.o)
                0x800132a8                __ssprint_r
 .text          0x80013370      0x230 /opt/libdragon/bin/../lib/gcc/mips64-elf/14.2.0/../../../../mips64-elf/lib/libc.a(libc_a-makebuf.o)
                0x80013370                __smakebuf_r
                0x800134f0                __swhatbuf_r
 .text          0x800135a0      0x100 /opt/libdragon/bin/../lib/gcc/mips64-elf/14.2.0/../../../../mips64-elf/lib/libc.a(libc_a-sccl.o)
                0x800135a0                __sccl
 .text          0x800136a0      0x378 /opt/libdragon/bin/../lib/gcc/mips64-elf/14.2.0/../../../../mips64-elf/lib/libc.a(libc_a-ungetc.o)
                0x800136a0                __submore
                0x80013770                _ungetc_r
                0x80013a00                ungetc
 .text          0x80013a18       0x40 /opt/libdragon/bin/../lib/gcc/mips64-elf/14.2.0/../../../../mips64-elf/lib/libc.a(libc_a-strnlen.o)
                0x80013a18                strnlen
 .text          0x80013a58       0x10 /opt/libdragon/bin/../lib/gcc/mips64-elf/14.2.0/../../../../mips64-elf/lib/libc.a(libc_a-gettzinfo.o)
                0x80013a58                __gettzinfo
 .text          0x80013a68      0x438 /opt/libdragon/bin/../lib/gcc/mips64-elf/14.2.0/../../../../mips64-elf/lib/libc.a(libc_a-gmtime_r.o)
                0x80013a68                gmtime_r
 .text          0x80013ea0      0x120 /opt/libdragon/bin/../lib/gcc/mips64-elf/14.2.0/../../../../mips64-elf/lib/libc.a(libc_a-locale.o)
                0x80013ea0                _setlocale_r
                0x80013f28                __locale_mb_cur_max
                0x80013f38                setlocale
 .text          0x80013fc0       0x50 /opt/libdragon/bin/../lib/gcc/mips64-elf/14.2.0/../../../../mips64-elf/lib/libc.a(libc_a-isattyr.o)
                0x80013fc0                _isatty_r
 .text          0x80014010       0x20 /opt/libdragon/bin/../lib/gcc/mips64-elf/14.2.0/../../../../mips64-elf/lib/libc.a(libc_a-envlock.o)
                0x80014010                __env_lock
                0x80014020                __env_unlock
 .text          0x80014030       0x70 /opt/libdragon/bin/../lib/gcc/mips64-elf/14.2.0/../../../../mips64-elf/lib/libc.a(libc_a-mbtowc_r.o)
                0x80014030                _mbtowc_r
                0x80014040                __ascii_mbtowc
 .text          0x800140a0      0x278 /opt/libdragon/bin/../lib/gcc/mips64-elf/14.2.0/../../../../mips64-elf/lib/libc.a(libc_a-strtol.o)
                0x800142e0                _strtol_r
                0x800142e8                strtol_l
                0x80014300                strtol
 .text          0x80014318       0x48 /opt/libdragon/bin/../lib/gcc/mips64-elf/14.2.0/../../../../mips64-elf/lib/libc.a(libc_a-wctomb_r.o)
                0x80014318                _wctomb_r
                0x80014328                __ascii_wctomb
 .text          0x80014360      0x258 /opt/libdragon/bin/../lib/gcc/mips64-elf/14.2.0/../../../../mips64-elf/lib/libc.a(libc_a-strtoll.o)
                0x80014580                _strtoll_r
                0x80014588                strtoll_l
                0x800145a0                strtoll
 .text          0x800145b8      0x270 /opt/libdragon/bin/../lib/gcc/mips64-elf/14.2.0/../../../../mips64-elf/lib/libc.a(libc_a-strtoull.o)
                0x800147f0                _strtoull_r
                0x800147f8                strtoull_l
                0x80014810                strtoull
 .text          0x80014828      0x128 /opt/libdragon/bin/../lib/gcc/mips64-elf/14.2.0/../../../../mips64-elf/lib/libc.a(libc_a-mbrtowc.o)
                0x80014828                _mbrtowc_r
                0x800148b8                mbrtowc
 .text          0x80014950        0x8 /opt/libdragon/bin/../lib/gcc/mips64-elf/14.2.0/../../../../mips64-elf/lib/libc.a(libc_a-iswspace.o)
                0x80014950                iswspace
 .text          0x80014958       0x28 /opt/libdragon/bin/../lib/gcc/mips64-elf/14.2.0/../../../../mips64-elf/lib/libc.a(libc_a-iswspace_l.o)
                0x80014958                iswspace_l
 .text          0x80014980      0x188 /opt/libdragon/bin/../lib/gcc/mips64-elf/14.2.0/../../../../mips64-elf/lib/libc.a(libc_a-ssputs_r.o)
                0x80014980                __ssputs_r
 .text          0x80014b08       0x30 /opt/libdragon/bin/../lib/gcc/mips64-elf/14.2.0/libgcc.a(_bswapsi2.o)
                0x80014b08                __bswapsi2
 *(.text.*)
 *fill*         0x80014b38        0x8 
 .text.rand_gen
                0x80014b40       0x40 main.o
                0x80014b40                rand_gen
 .text.rand_seed
                0x80014b80       0x40 main.o
                0x80014b80                rand_seed
 .text.init_main
                0x80014bc0       0x80 main.o
                0x80014bc0                init_main
 .text.update_gba
                0x80014c40      0x6e0 main.o
                0x80014c40                update_gba
 .text.reset_gba
                0x80015320       0x40 main.o
                0x80015320                reset_gba
 .text.evict_gamepak_page
                0x80015360       0xe0 gba_memory.o
 .text.trigger_timer
                0x80015440      0x220 gba_memory.o
 .text.reload_timing_info
                0x80015660      0x160 gba_memory.o
                0x80015660                reload_timing_info
 .text.read_backup
                0x800157c0       0xe0 gba_memory.o
                0x800157c0                read_backup
 .text.write_eeprom
                0x800158a0      0x1c0 gba_memory.o
                0x800158a0                write_eeprom
 .text.read_eeprom
                0x80015a60       0xc0 gba_memory.o
                0x80015a60                read_eeprom
 .text.write_backup
                0x80015b20      0x300 gba_memory.o
                0x80015b20                write_backup
 .text.update_gpio_romregs
                0x80015e20       0x60 gba_memory.o
                0x80015e20                update_gpio_romregs
 .text.write_rumble
                0x80015e80       0x40 gba_memory.o
                0x80015e80                write_rumble
 .text.write_gpio
                0x80015ec0      0x580 gba_memory.o
                0x80015ec0                write_gpio
 .text.load_gamepak_page
                0x80016440      0x140 gba_memory.o
                0x80016440                load_gamepak_page
 .text.read_memory8
                0x80016580      0x2c0 gba_memory.o
                0x80016580                read_memory8
 .text.read_memory8s
                0x80016840       0x40 gba_memory.o
                0x80016840                read_memory8s
 .text.read_memory16
                0x80016880      0x2a0 gba_memory.o
                0x80016880                read_memory16
 .text.read_memory16_signed
                0x80016b20      0x2a0 gba_memory.o
                0x80016b20                read_memory16_signed
 .text.read_memory16s
                0x80016dc0       0x40 gba_memory.o
                0x80016dc0                read_memory16s
 .text.read_memory32
                0x80016e00      0x2e0 gba_memory.o
                0x80016e00                read_memory32
 .text.dma_tf_loop32
                0x800170e0     0x25e0 gba_memory.o
                0x800170e0                dma_tf_loop32
 .text.dma_transfer_copy
                0x800196c0       0xa0 gba_memory.o
 .text.dma_transfer
                0x80019760      0x3c0 gba_memory.o
                0x80019760                dma_transfer
 .text.trigger_dma
                0x80019b20      0x360 gba_memory.o
 .text.write_io_register16
                0x80019e80      0xd40 gba_memory.o
                0x80019e80                write_io_register16
 .text.write_io_register8
                0x8001abc0       0xc0 gba_memory.o
                0x8001abc0                write_io_register8
 .text.write_memory8
                0x8001ac80      0x140 gba_memory.o
                0x8001ac80                write_memory8
 .text.write_io_register32
                0x8001adc0       0xa0 gba_memory.o
                0x8001adc0                write_io_register32
 .text.write_memory32
                0x8001ae60      0x1e0 gba_memory.o
                0x8001ae60                write_memory32
 .text.write_memory16
                0x8001b040      0x1c0 gba_memory.o
                0x8001b040                write_memory16
 .text.dma_tf_loop16
                0x8001b200     0x2640 gba_memory.o
                0x8001b200                dma_tf_loop16
 .text.init_gamepak_buffer
                0x8001d840       0xc0 gba_memory.o
                0x8001d840                init_gamepak_buffer
 .text.gamepak_must_swap
                0x8001d900       0x20 gba_memory.o
                0x8001d900                gamepak_must_swap
 .text.init_memory
                0x8001d920      0x2a0 gba_memory.o
                0x8001d920                init_memory
 .text.load_gamepak
                0x8001dbc0      0x3e0 gba_memory.o
                0x8001dbc0                load_gamepak
 .text.load_bios
                0x8001dfa0       0x60 gba_memory.o
                0x8001dfa0                load_bios
 .text.sound_timer_queue32
                0x8001e000       0x80 sound.o
                0x8001e000                sound_timer_queue32
 .text.sound_timer
                0x8001e080      0x300 sound.o
                0x8001e080                sound_timer
 .text.sound_reset_fifo
                0x8001e380       0x40 sound.o
                0x8001e380                sound_reset_fifo
 .text.render_gbc_sound
                0x8001e3c0     0x2340 sound.o
                0x8001e3c0                render_gbc_sound
 .text.reset_sound
                0x80020700      0x100 sound.o
                0x80020700                reset_sound
 .text.init_sound
                0x80020800       0xe0 sound.o
                0x80020800                init_sound
 .text.process_cheats
                0x800208e0      0x520 cheats.o
                0x800208e0                process_cheats
 .text.write_rcnt
                0x80020e00      0x160 serial.o
                0x80020e00                write_rcnt
 .text.write_siocnt
                0x80020f60      0x360 serial.o
                0x80020f60                write_siocnt
 .text.serial_next_event
                0x800212c0       0x20 serial.o
                0x800212c0                serial_next_event
 .text.update_serial
                0x800212e0      0x160 serial.o
                0x800212e0                update_serial
 .text.gbp_transfer
                0x80021440       0x80 gbp.o
                0x80021440                gbp_transfer
 .text.rfu_net_send_data.constprop.0
                0x800214c0       0xe0 rfu.o
 .text.rfu_process_command
                0x800215a0      0x9e0 rfu.o
 .text.rfu_reset
                0x80021f80       0x80 rfu.o
                0x80021f80                rfu_reset
 .text.rfu_transfer
                0x80022000      0x2a0 rfu.o
                0x80022000                rfu_transfer
 .text.rfu_update
                0x800222a0      0x260 rfu.o
                0x800222a0                rfu_update
 .text.process_awpeer_val
                0x80022500      0x120 serial_proto.o
 .text.process_awpeer
                0x80022620      0x140 serial_proto.o
 .text.serialaw_senddata
                0x80022760       0xe0 serial_proto.o
 .text.serialpoke_senddata
                0x80022840       0xc0 serial_proto.o
 .text.serialproto_reset
                0x80022900       0x20 serial_proto.o
                0x80022900                serialproto_reset
 .text.serialpoke_master_send
                0x80022920      0x340 serial_proto.o
                0x80022920                serialpoke_master_send
 .text.serialpoke_update
                0x80022c60      0x400 serial_proto.o
                0x80022c60                serialpoke_update
 .text.serialaw_master_send
                0x80023060      0x3a0 serial_proto.o
                0x80023060                serialaw_master_send
 .text.serialaw_update
                0x80023400      0x500 serial_proto.o
                0x80023400                serialaw_update
 .text._Z22render_scanline_bitmapIL8rendtype1EmLj5EtLj160ELj128EL11bm_rendmode1ELb1EEvmmPvPKt
                0x80023900      0x160 video.o
 .text._Z22render_scanline_bitmapIL8rendtype1EmLj5EtLj160ELj128EL11bm_rendmode0ELb1EEvmmPvPKt
                0x80023a60      0x160 video.o
 .text._Z22render_scanline_bitmapIL8rendtype1EmLj5EtLj160ELj128EL11bm_rendmode2ELb0EEvmmPvPKt
                0x80023bc0      0x160 video.o
 .text._Z22render_scanline_bitmapIL8rendtype1EmLj5EtLj160ELj128EL11bm_rendmode1ELb0EEvmmPvPKt
                0x80023d20      0x140 video.o
 .text._Z22render_scanline_bitmapIL8rendtype1EmLj5EtLj160ELj128EL11bm_rendmode0ELb0EEvmmPvPKt
                0x80023e60      0x140 video.o
 .text._Z22render_scanline_bitmapIL8rendtype1EmLj4EhLj240ELj160EL11bm_rendmode1ELb1EEvmmPvPKt
                0x80023fa0      0x180 video.o
 .text._Z22render_scanline_bitmapIL8rendtype1EmLj4EhLj240ELj160EL11bm_rendmode0ELb1EEvmmPvPKt
                0x80024120      0x180 video.o
 .text._Z22render_scanline_bitmapIL8rendtype1EmLj4EhLj240ELj160EL11bm_rendmode2ELb0EEvmmPvPKt
                0x800242a0      0x160 video.o
 .text._Z22render_scanline_bitmapIL8rendtype1EmLj4EhLj240ELj160EL11bm_rendmode1ELb0EEvmmPvPKt
                0x80024400      0x140 video.o
 .text._Z22render_scanline_bitmapIL8rendtype1EmLj4EhLj240ELj160EL11bm_rendmode0ELb0EEvmmPvPKt
                0x80024540      0x160 video.o
 .text._Z22render_scanline_bitmapIL8rendtype1EmLj3EtLj240ELj160EL11bm_rendmode1ELb1EEvmmPvPKt
                0x800246a0      0x140 video.o
 .text._Z22render_scanline_bitmapIL8rendtype1EmLj3EtLj240ELj160EL11bm_rendmode0ELb1EEvmmPvPKt
                0x800247e0      0x160 video.o
 .text._Z22render_scanline_bitmapIL8rendtype1EmLj3EtLj240ELj160EL11bm_rendmode2ELb0EEvmmPvPKt
                0x80024940      0x120 video.o
 .text._Z22render_scanline_bitmapIL8rendtype1EmLj3EtLj240ELj160EL11bm_rendmode1ELb0EEvmmPvPKt
                0x80024a60      0x120 video.o
 .text._Z22render_scanline_bitmapIL8rendtype1EmLj3EtLj240ELj160EL11bm_rendmode0ELb0EEvmmPvPKt
                0x80024b80      0x120 video.o
 .text._Z22render_scanline_bitmapIL8rendtype0EtLj5EtLj160ELj128EL11bm_rendmode1ELb1EEvmmPvPKt
                0x80024ca0      0x160 video.o
 .text._Z22render_scanline_bitmapIL8rendtype0EtLj5EtLj160ELj128EL11bm_rendmode0ELb1EEvmmPvPKt
                0x80024e00      0x160 video.o
 .text._Z22render_scanline_bitmapIL8rendtype0EtLj5EtLj160ELj128EL11bm_rendmode2ELb0EEvmmPvPKt
                0x80024f60      0x160 video.o
 .text._Z22render_scanline_bitmapIL8rendtype0EtLj5EtLj160ELj128EL11bm_rendmode1ELb0EEvmmPvPKt
                0x800250c0      0x140 video.o
 .text._Z22render_scanline_bitmapIL8rendtype0EtLj5EtLj160ELj128EL11bm_rendmode0ELb0EEvmmPvPKt
                0x80025200      0x140 video.o
 .text._Z22render_scanline_bitmapIL8rendtype0EtLj4EhLj240ELj160EL11bm_rendmode1ELb1EEvmmPvPKt
                0x80025340      0x160 video.o
 .text._Z22render_scanline_bitmapIL8rendtype0EtLj4EhLj240ELj160EL11bm_rendmode0ELb1EEvmmPvPKt
                0x800254a0      0x160 video.o
 .text._Z22render_scanline_bitmapIL8rendtype0EtLj4EhLj240ELj160EL11bm_rendmode2ELb0EEvmmPvPKt
                0x80025600      0x140 video.o
 .text._Z22render_scanline_bitmapIL8rendtype0EtLj4EhLj240ELj160EL11bm_rendmode1ELb0EEvmmPvPKt
                0x80025740      0x120 video.o
 .text._Z22render_scanline_bitmapIL8rendtype0EtLj4EhLj240ELj160EL11bm_rendmode0ELb0EEvmmPvPKt
                0x80025860      0x140 video.o
 .text._Z22render_scanline_bitmapIL8rendtype0EtLj3EtLj240ELj160EL11bm_rendmode1ELb1EEvmmPvPKt
                0x800259a0      0x140 video.o
 .text._Z22render_scanline_bitmapIL8rendtype0EtLj3EtLj240ELj160EL11bm_rendmode0ELb1EEvmmPvPKt
                0x80025ae0      0x160 video.o
 .text._Z22render_scanline_bitmapIL8rendtype0EtLj3EtLj240ELj160EL11bm_rendmode2ELb0EEvmmPvPKt
                0x80025c40      0x120 video.o
 .text._Z22render_scanline_bitmapIL8rendtype0EtLj3EtLj240ELj160EL11bm_rendmode1ELb0EEvmmPvPKt
                0x80025d60      0x120 video.o
 .text._Z22render_scanline_bitmapIL8rendtype0EtLj3EtLj240ELj160EL11bm_rendmode0ELb0EEvmmPvPKt
                0x80025e80      0x120 video.o
 .text._Z22render_scanline_bitmapIL8rendtype1EtLj4EhLj240ELj160EL11bm_rendmode1ELb1EEvmmPvPKt
                0x80025fa0      0x180 video.o
 .text._Z22render_scanline_bitmapIL8rendtype1EtLj4EhLj240ELj160EL11bm_rendmode0ELb1EEvmmPvPKt
                0x80026120      0x180 video.o
 .text._Z22render_scanline_bitmapIL8rendtype1EtLj4EhLj240ELj160EL11bm_rendmode2ELb0EEvmmPvPKt
                0x800262a0      0x160 video.o
 .text._Z22render_scanline_bitmapIL8rendtype1EtLj4EhLj240ELj160EL11bm_rendmode1ELb0EEvmmPvPKt
                0x80026400      0x140 video.o
 .text._Z22render_scanline_bitmapIL8rendtype1EtLj4EhLj240ELj160EL11bm_rendmode0ELb0EEvmmPvPKt
                0x80026540      0x160 video.o
 .text._Z22render_scanline_affineImL8rendtype1ELb0EEvmmmPvPKt
                0x800266a0       0xc0 video.o
 .text._Z22render_scanline_affineImL8rendtype1ELb1EEvmmmPvPKt
                0x80026760       0xc0 video.o
 .text._Z22render_scanline_affineImL8rendtype2ELb0EEvmmmPvPKt
                0x80026820       0xc0 video.o
 .text._Z22render_scanline_affineImL8rendtype2ELb1EEvmmmPvPKt
                0x800268e0       0xc0 video.o
 .text._Z22render_scanline_affineItL8rendtype1ELb0EEvmmmPvPKt
                0x800269a0       0xc0 video.o
 .text._Z22render_scanline_affineItL8rendtype1ELb1EEvmmmPvPKt
                0x80026a60       0xc0 video.o
 .text._Z24render_affine_backgroundItL8rendtype1ELb1ELb0ELb0ELb1EEvmmmPKhmS2_PvPKt
                0x80026b20      0x220 video.o
 .text._Z22render_scanline_affineItL8rendtype0ELb0EEvmmmPvPKt
                0x80026d40       0xc0 video.o
 .text._Z22render_scanline_affineItL8rendtype0ELb1EEvmmmPvPKt
                0x80026e00       0xc0 video.o
 .text._ZL16render_w_effectsmmPtmPK19layer_render_struct
                0x80026ec0      0xec0 video.o
 .text._ZL9order_objm
                0x80027d80      0x380 video.o
 .text._Z22render_scanline_bitmapIL8rendtype2EmLj4EhLj240ELj160EL11bm_rendmode0ELb0EEvmmPvPKt
                0x80028100      0x160 video.o
 .text._Z13render_objectItL8rendtype0ELb1ELb0EEvlmPT_mmtPKt.constprop.0.isra.0
                0x80028260      0x2a0 video.o
 .text._Z13render_objectItL8rendtype3ELb1ELb0EEvlmPT_mmtPKt.constprop.0.isra.0
                0x80028500      0x280 video.o
 .text._Z13render_objectItL8rendtype3ELb1ELb1EEvlmPT_mmtPKt.constprop.0.isra.0
                0x80028780      0x2c0 video.o
 .text._Z13render_objectItL8rendtype1ELb1ELb0EEvlmPT_mmtPKt.constprop.0.isra.0
                0x80028a40      0x2a0 video.o
 .text._Z13render_objectImL8rendtype1ELb1ELb0EEvlmPT_mmtPKt.constprop.0.isra.0
                0x80028ce0      0x2a0 video.o
 .text._Z22render_scanline_bitmapIL8rendtype2EmLj4EhLj240ELj160EL11bm_rendmode1ELb1EEvmmPvPKt
                0x80028f80      0x180 video.o
 .text._Z22render_scanline_bitmapIL8rendtype2EmLj4EhLj240ELj160EL11bm_rendmode0ELb1EEvmmPvPKt
                0x80029100      0x180 video.o
 .text._Z22render_scanline_bitmapIL8rendtype2EmLj4EhLj240ELj160EL11bm_rendmode2ELb0EEvmmPvPKt
                0x80029280      0x160 video.o
 .text._Z22render_scanline_bitmapIL8rendtype2EmLj4EhLj240ELj160EL11bm_rendmode1ELb0EEvmmPvPKt
                0x800293e0      0x140 video.o
 .text._Z13render_objectItL8rendtype1ELb1ELb1EEvlmPT_mmtPKt.constprop.0.isra.0
                0x80029520      0x300 video.o
 .text._Z13render_objectItL8rendtype0ELb1ELb1EEvlmPT_mmtPKt.constprop.0.isra.0
                0x80029820      0x2c0 video.o
 .text._Z13render_objectImL8rendtype1ELb1ELb1EEvlmPT_mmtPKt.constprop.0.isra.0
                0x80029ae0      0x2e0 video.o
 .text._Z13render_objectItL8rendtype3ELb0ELb0EEvlmPT_mmtPKt.isra.0
                0x80029dc0      0x260 video.o
 .text._Z13render_objectItL8rendtype3ELb0ELb1EEvlmPT_mmtPKt.isra.0
                0x8002a020      0x280 video.o
 .text._Z13render_objectImL8rendtype1ELb0ELb0EEvlmPT_mmtPKt.isra.0
                0x8002a2a0      0x2a0 video.o
 .text._Z13render_objectItL8rendtype1ELb0ELb0EEvlmPT_mmtPKt.isra.0
                0x8002a540      0x2a0 video.o
 .text._Z13render_objectItL8rendtype0ELb0ELb0EEvlmPT_mmtPKt.isra.0
                0x8002a7e0      0x2c0 video.o
 .text._Z13render_objectImL8rendtype1ELb0ELb1EEvlmPT_mmtPKt.isra.0
                0x8002aaa0      0x2a0 video.o
 .text._Z20render_scanline_objsImL8rendtype1EEvmmmPvPKt.isra.0
                0x8002ad40     0x1940 video.o
 .text._Z13render_objectItL8rendtype1ELb0ELb1EEvlmPT_mmtPKt.isra.0
                0x8002c680      0x2a0 video.o
 .text._Z20render_scanline_objsItL8rendtype1EEvmmmPvPKt.isra.0
                0x8002c920     0x1960 video.o
 .text._Z13render_objectItL8rendtype0ELb0ELb1EEvlmPT_mmtPKt.isra.0
                0x8002e280      0x2c0 video.o
 .text._Z13render_objectImL8rendtype2ELb1ELb0EEvlmPT_mmtPKt.constprop.0.isra.0
                0x8002e540      0x320 video.o
 .text._Z13render_objectImL8rendtype2ELb1ELb1EEvlmPT_mmtPKt.constprop.0.isra.0
                0x8002e860      0x340 video.o
 .text._Z20render_scanline_textItL8rendtype1ELb0EEvmmmPvPKt
                0x8002eba0     0x1060 video.o
 .text._Z20render_scanline_textImL8rendtype1ELb0EEvmmmPvPKt
                0x8002fc00     0x1020 video.o
 .text._Z13render_objectImL8rendtype2ELb0ELb0EEvlmPT_mmtPKt.isra.0
                0x80030c20      0x340 video.o
 .text._Z20render_scanline_textItL8rendtype1ELb1EEvmmmPvPKt
                0x80030f60     0x1240 video.o
 .text._Z20render_scanline_textImL8rendtype1ELb1EEvmmmPvPKt
                0x800321a0     0x11a0 video.o
 .text._Z20render_scanline_textItL8rendtype0ELb0EEvmmmPvPKt
                0x80033340     0x1060 video.o
 .text._Z20render_scanline_textImL8rendtype2ELb0EEvmmmPvPKt
                0x800343a0     0x10e0 video.o
 .text._Z13render_objectImL8rendtype2ELb0ELb1EEvlmPT_mmtPKt.isra.0
                0x80035480      0x340 video.o
 .text._Z20render_scanline_objsImL8rendtype2EEvmmmPvPKt.isra.0
                0x800357c0     0x1b20 video.o
 .text._Z20render_scanline_textImL8rendtype2ELb1EEvmmmPvPKt
                0x800372e0     0x1240 video.o
 .text._Z20render_scanline_textItL8rendtype0ELb1EEvmmmPvPKt
                0x80038520     0x1220 video.o
 .text._Z20bitmap_render_layersIL8rendtype1ELS0_1EtEvmmPT1_m
                0x80039740      0x280 video.o
 .text._Z18tile_render_layersIL8rendtype1ELS0_1EtEvmmPT1_m
                0x800399c0      0x240 video.o
                0x800399c0                _Z18tile_render_layersIL8rendtype1ELS0_1EtEvmmPT1_m
 .text._Z20bitmap_render_layersIL8rendtype2ELS0_2EmEvmmPT1_m
                0x80039c00      0x280 video.o
 .text._Z20bitmap_render_layersIL8rendtype1ELS0_2EmEvmmPT1_m
                0x80039e80      0x2a0 video.o
 .text._Z22render_scanline_bitmapIL8rendtype2EmLj3EtLj240ELj160EL11bm_rendmode0ELb0EEvmmPvPKt
                0x8003a120      0x120 video.o
 .text._Z22render_scanline_bitmapIL8rendtype1EtLj3EtLj240ELj160EL11bm_rendmode0ELb0EEvmmPvPKt
                0x8003a240      0x120 video.o
 .text._Z22render_scanline_bitmapIL8rendtype2EmLj3EtLj240ELj160EL11bm_rendmode1ELb0EEvmmPvPKt
                0x8003a360      0x120 video.o
 .text._Z22render_scanline_bitmapIL8rendtype1EtLj3EtLj240ELj160EL11bm_rendmode1ELb0EEvmmPvPKt
                0x8003a480      0x120 video.o
 .text._Z18tile_render_layersIL8rendtype1ELS0_2EmEvmmPT1_m
                0x8003a5a0      0x2e0 video.o
                0x8003a5a0                _Z18tile_render_layersIL8rendtype1ELS0_2EmEvmmPT1_m
 .text._Z18tile_render_layersIL8rendtype2ELS0_2EmEvmmPT1_m
                0x8003a880      0x340 video.o
                0x8003a880                _Z18tile_render_layersIL8rendtype2ELS0_2EmEvmmPT1_m
 .text._Z24render_affine_backgroundItL8rendtype0ELb0ELb1ELb0ELb0EEvmmmPKhmS2_PvPKt
                0x8003abc0      0x120 video.o
 .text._Z24render_affine_backgroundItL8rendtype0ELb1ELb1ELb0ELb0EEvmmmPKhmS2_PvPKt
                0x8003ace0      0x140 video.o
 .text._Z22render_scanline_bitmapIL8rendtype2EmLj5EtLj160ELj128EL11bm_rendmode0ELb0EEvmmPvPKt
                0x8003ae20      0x140 video.o
 .text._Z22render_scanline_bitmapIL8rendtype1EtLj5EtLj160ELj128EL11bm_rendmode0ELb0EEvmmPvPKt
                0x8003af60      0x140 video.o
 .text._Z24render_affine_backgroundImL8rendtype1ELb0ELb1ELb0ELb0EEvmmmPKhmS2_PvPKt
                0x8003b0a0      0x160 video.o
 .text._Z24render_affine_backgroundItL8rendtype1ELb0ELb1ELb0ELb0EEvmmmPKhmS2_PvPKt
                0x8003b200      0x160 video.o
 .text._Z22render_scanline_bitmapIL8rendtype2EmLj5EtLj160ELj128EL11bm_rendmode1ELb0EEvmmPvPKt
                0x8003b360      0x140 video.o
 .text._Z22render_scanline_bitmapIL8rendtype1EtLj5EtLj160ELj128EL11bm_rendmode1ELb0EEvmmPvPKt
                0x8003b4a0      0x140 video.o
 .text._Z24render_affine_backgroundImL8rendtype2ELb0ELb1ELb0ELb0EEvmmmPKhmS2_PvPKt
                0x8003b5e0      0x160 video.o
 .text._Z24render_affine_backgroundItL8rendtype0ELb0ELb1ELb1ELb0EEvmmmPKhmS2_PvPKt
                0x8003b740      0x120 video.o
 .text._Z24render_affine_backgroundItL8rendtype0ELb1ELb1ELb1ELb0EEvmmmPKhmS2_PvPKt
                0x8003b860      0x140 video.o
 .text._Z24render_affine_backgroundImL8rendtype1ELb1ELb1ELb0ELb0EEvmmmPKhmS2_PvPKt
                0x8003b9a0      0x180 video.o
 .text._Z24render_affine_backgroundItL8rendtype1ELb1ELb1ELb0ELb0EEvmmmPKhmS2_PvPKt
                0x8003bb20      0x180 video.o
 .text._Z24render_affine_backgroundImL8rendtype2ELb1ELb1ELb0ELb0EEvmmmPKhmS2_PvPKt
                0x8003bca0      0x180 video.o
 .text._Z24render_affine_backgroundImL8rendtype1ELb0ELb1ELb1ELb0EEvmmmPKhmS2_PvPKt
                0x8003be20      0x160 video.o
 .text._Z24render_affine_backgroundItL8rendtype1ELb0ELb1ELb1ELb0EEvmmmPKhmS2_PvPKt
                0x8003bf80      0x160 video.o
 .text._Z24render_affine_backgroundImL8rendtype2ELb0ELb1ELb1ELb0EEvmmmPKhmS2_PvPKt
                0x8003c0e0      0x160 video.o
 .text._Z24render_affine_backgroundItL8rendtype0ELb0ELb0ELb1ELb0EEvmmmPKhmS2_PvPKt
                0x8003c240      0x160 video.o
 .text._Z24render_affine_backgroundImL8rendtype1ELb1ELb1ELb1ELb0EEvmmmPKhmS2_PvPKt
                0x8003c3a0      0x180 video.o
 .text._Z24render_affine_backgroundItL8rendtype1ELb1ELb1ELb1ELb0EEvmmmPKhmS2_PvPKt
                0x8003c520      0x180 video.o
 .text._Z22render_scanline_bitmapIL8rendtype2EmLj3EtLj240ELj160EL11bm_rendmode0ELb1EEvmmPvPKt
                0x8003c6a0      0x160 video.o
 .text._Z22render_scanline_bitmapIL8rendtype1EtLj3EtLj240ELj160EL11bm_rendmode0ELb1EEvmmPvPKt
                0x8003c800      0x160 video.o
 .text._Z24render_affine_backgroundImL8rendtype2ELb1ELb1ELb1ELb0EEvmmmPKhmS2_PvPKt
                0x8003c960      0x180 video.o
 .text._Z24render_affine_backgroundImL8rendtype1ELb0ELb0ELb1ELb0EEvmmmPKhmS2_PvPKt
                0x8003cae0      0x1a0 video.o
 .text._Z24render_affine_backgroundItL8rendtype1ELb0ELb0ELb1ELb0EEvmmmPKhmS2_PvPKt
                0x8003cc80      0x1a0 video.o
 .text._Z24render_affine_backgroundImL8rendtype2ELb0ELb0ELb1ELb0EEvmmmPKhmS2_PvPKt
                0x8003ce20      0x1a0 video.o
 .text._Z24render_affine_backgroundItL8rendtype0ELb1ELb0ELb1ELb0EEvmmmPKhmS2_PvPKt
                0x8003cfc0      0x1c0 video.o
 .text._Z22render_scanline_bitmapIL8rendtype2EmLj3EtLj240ELj160EL11bm_rendmode1ELb1EEvmmPvPKt
                0x8003d180      0x140 video.o
 .text._Z22render_scanline_bitmapIL8rendtype1EtLj3EtLj240ELj160EL11bm_rendmode1ELb1EEvmmPvPKt
                0x8003d2c0      0x140 video.o
 .text._Z24render_affine_backgroundImL8rendtype1ELb1ELb0ELb1ELb0EEvmmmPKhmS2_PvPKt
                0x8003d400      0x1e0 video.o
 .text._Z24render_affine_backgroundImL8rendtype2ELb1ELb0ELb1ELb0EEvmmmPKhmS2_PvPKt
                0x8003d5e0      0x1e0 video.o
 .text._Z24render_affine_backgroundItL8rendtype1ELb1ELb0ELb1ELb0EEvmmmPKhmS2_PvPKt
                0x8003d7c0      0x200 video.o
 .text._Z22render_scanline_bitmapIL8rendtype0EtLj4EhLj240ELj160EL11bm_rendmode2ELb1EEvmmPvPKt
                0x8003d9c0      0x140 video.o
 .text._Z22render_scanline_bitmapIL8rendtype2EmLj5EtLj160ELj128EL11bm_rendmode0ELb1EEvmmPvPKt
                0x8003db00      0x160 video.o
 .text._Z22render_scanline_bitmapIL8rendtype1EtLj5EtLj160ELj128EL11bm_rendmode0ELb1EEvmmPvPKt
                0x8003dc60      0x160 video.o
 .text._Z24render_affine_backgroundItL8rendtype0ELb0ELb0ELb0ELb0EEvmmmPKhmS2_PvPKt
                0x8003ddc0      0x160 video.o
 .text._Z22render_scanline_bitmapIL8rendtype2EmLj5EtLj160ELj128EL11bm_rendmode1ELb1EEvmmPvPKt
                0x8003df20      0x160 video.o
 .text._Z22render_scanline_bitmapIL8rendtype1EtLj5EtLj160ELj128EL11bm_rendmode1ELb1EEvmmPvPKt
                0x8003e080      0x160 video.o
 .text._Z24render_affine_backgroundItL8rendtype0ELb0ELb1ELb0ELb1EEvmmmPKhmS2_PvPKt
                0x8003e1e0      0x160 video.o
 .text._Z24render_affine_backgroundItL8rendtype0ELb1ELb1ELb0ELb1EEvmmmPKhmS2_PvPKt
                0x8003e340      0x180 video.o
 .text._Z24render_affine_backgroundImL8rendtype1ELb0ELb0ELb0ELb0EEvmmmPKhmS2_PvPKt
                0x8003e4c0      0x180 video.o
 .text._Z24render_affine_backgroundItL8rendtype1ELb0ELb0ELb0ELb0EEvmmmPKhmS2_PvPKt
                0x8003e640      0x180 video.o
 .text._Z24render_affine_backgroundImL8rendtype1ELb0ELb1ELb0ELb1EEvmmmPKhmS2_PvPKt
                0x8003e7c0      0x180 video.o
 .text._Z24render_affine_backgroundItL8rendtype1ELb0ELb1ELb0ELb1EEvmmmPKhmS2_PvPKt
                0x8003e940      0x180 video.o
 .text._Z24render_affine_backgroundImL8rendtype2ELb0ELb0ELb0ELb0EEvmmmPKhmS2_PvPKt
                0x8003eac0      0x180 video.o
 .text._Z24render_affine_backgroundItL8rendtype0ELb1ELb0ELb0ELb0EEvmmmPKhmS2_PvPKt
                0x8003ec40      0x1a0 video.o
 .text._Z24render_affine_backgroundImL8rendtype2ELb0ELb1ELb0ELb1EEvmmmPKhmS2_PvPKt
                0x8003ede0      0x1a0 video.o
 .text._Z24render_affine_backgroundItL8rendtype0ELb0ELb1ELb1ELb1EEvmmmPKhmS2_PvPKt
                0x8003ef80      0x180 video.o
 .text._Z24render_affine_backgroundItL8rendtype0ELb1ELb1ELb1ELb1EEvmmmPKhmS2_PvPKt
                0x8003f100      0x1a0 video.o
 .text._Z24render_affine_backgroundImL8rendtype1ELb1ELb1ELb0ELb1EEvmmmPKhmS2_PvPKt
                0x8003f2a0      0x1a0 video.o
 .text._Z24render_affine_backgroundItL8rendtype1ELb1ELb1ELb0ELb1EEvmmmPKhmS2_PvPKt
                0x8003f440      0x1a0 video.o
 .text._Z22render_scanline_bitmapIL8rendtype1EmLj4EhLj240ELj160EL11bm_rendmode2ELb1EEvmmPvPKt
                0x8003f5e0      0x160 video.o
 .text._Z22render_scanline_bitmapIL8rendtype1EtLj4EhLj240ELj160EL11bm_rendmode2ELb1EEvmmPvPKt
                0x8003f740      0x160 video.o
 .text._Z24render_affine_backgroundImL8rendtype2ELb1ELb1ELb0ELb1EEvmmmPKhmS2_PvPKt
                0x8003f8a0      0x1a0 video.o
 .text._Z24render_affine_backgroundImL8rendtype1ELb1ELb0ELb0ELb0EEvmmmPKhmS2_PvPKt
                0x8003fa40      0x1c0 video.o
 .text._Z24render_affine_backgroundImL8rendtype1ELb0ELb1ELb1ELb1EEvmmmPKhmS2_PvPKt
                0x8003fc00      0x1a0 video.o
 .text._Z24render_affine_backgroundItL8rendtype1ELb0ELb1ELb1ELb1EEvmmmPKhmS2_PvPKt
                0x8003fda0      0x1a0 video.o
 .text._Z24render_affine_backgroundImL8rendtype2ELb1ELb0ELb0ELb0EEvmmmPKhmS2_PvPKt
                0x8003ff40      0x1c0 video.o
 .text._Z24render_affine_backgroundItL8rendtype1ELb1ELb0ELb0ELb0EEvmmmPKhmS2_PvPKt
                0x80040100      0x1e0 video.o
 .text._Z24render_affine_backgroundImL8rendtype2ELb0ELb1ELb1ELb1EEvmmmPKhmS2_PvPKt
                0x800402e0      0x1a0 video.o
 .text._Z24render_affine_backgroundItL8rendtype0ELb0ELb0ELb1ELb1EEvmmmPKhmS2_PvPKt
                0x80040480      0x1e0 video.o
 .text._Z24render_affine_backgroundImL8rendtype1ELb1ELb1ELb1ELb1EEvmmmPKhmS2_PvPKt
                0x80040660      0x1c0 video.o
 .text._Z24render_affine_backgroundItL8rendtype1ELb1ELb1ELb1ELb1EEvmmmPKhmS2_PvPKt
                0x80040820      0x1c0 video.o
 .text._Z22render_scanline_bitmapIL8rendtype2EmLj4EhLj240ELj160EL11bm_rendmode2ELb1EEvmmPvPKt
                0x800409e0      0x160 video.o
 .text._Z24render_affine_backgroundImL8rendtype2ELb1ELb1ELb1ELb1EEvmmmPKhmS2_PvPKt
                0x80040b40      0x1c0 video.o
 .text._Z24render_affine_backgroundImL8rendtype1ELb0ELb0ELb1ELb1EEvmmmPKhmS2_PvPKt
                0x80040d00      0x200 video.o
 .text._Z24render_affine_backgroundItL8rendtype1ELb0ELb0ELb1ELb1EEvmmmPKhmS2_PvPKt
                0x80040f00      0x200 video.o
 .text._Z24render_affine_backgroundImL8rendtype2ELb0ELb0ELb1ELb1EEvmmmPKhmS2_PvPKt
                0x80041100      0x200 video.o
 .text._Z24render_affine_backgroundItL8rendtype0ELb1ELb0ELb1ELb1EEvmmmPKhmS2_PvPKt
                0x80041300      0x200 video.o
 .text._Z24render_affine_backgroundImL8rendtype1ELb1ELb0ELb1ELb1EEvmmmPKhmS2_PvPKt
                0x80041500      0x240 video.o
 .text._Z24render_affine_backgroundImL8rendtype2ELb1ELb0ELb1ELb1EEvmmmPKhmS2_PvPKt
                0x80041740      0x260 video.o
 .text._Z24render_affine_backgroundItL8rendtype1ELb1ELb0ELb1ELb1EEvmmmPKhmS2_PvPKt
                0x800419a0      0x260 video.o
 .text._Z24render_affine_backgroundItL8rendtype0ELb0ELb0ELb0ELb1EEvmmmPKhmS2_PvPKt
                0x80041c00      0x180 video.o
 .text._Z24render_affine_backgroundImL8rendtype1ELb0ELb0ELb0ELb1EEvmmmPKhmS2_PvPKt
                0x80041d80      0x1c0 video.o
 .text._Z24render_affine_backgroundItL8rendtype1ELb0ELb0ELb0ELb1EEvmmmPKhmS2_PvPKt
                0x80041f40      0x1c0 video.o
 .text._Z24render_affine_backgroundImL8rendtype2ELb0ELb0ELb0ELb1EEvmmmPKhmS2_PvPKt
                0x80042100      0x1c0 video.o
 .text._Z24render_affine_backgroundItL8rendtype0ELb1ELb0ELb0ELb1EEvmmmPKhmS2_PvPKt
                0x800422c0      0x1e0 video.o
 .text._Z24render_affine_backgroundImL8rendtype1ELb1ELb0ELb0ELb1EEvmmmPKhmS2_PvPKt
                0x800424a0      0x200 video.o
 .text._Z24render_affine_backgroundImL8rendtype2ELb1ELb0ELb0ELb1EEvmmmPKhmS2_PvPKt
                0x800426a0      0x220 video.o
 .text._Z22render_scanline_bitmapIL8rendtype1EmLj3EtLj240ELj160EL11bm_rendmode2ELb1EEvmmPvPKt
                0x800428c0      0x120 video.o
 .text._Z22render_scanline_bitmapIL8rendtype2EmLj3EtLj240ELj160EL11bm_rendmode2ELb0EEvmmPvPKt
                0x800429e0      0x120 video.o
 .text._Z22render_scanline_bitmapIL8rendtype2EmLj3EtLj240ELj160EL11bm_rendmode2ELb1EEvmmPvPKt
                0x80042b00      0x120 video.o
 .text._Z22render_scanline_bitmapIL8rendtype0EtLj3EtLj240ELj160EL11bm_rendmode2ELb1EEvmmPvPKt
                0x80042c20      0x120 video.o
 .text._Z22render_scanline_bitmapIL8rendtype1EtLj3EtLj240ELj160EL11bm_rendmode2ELb0EEvmmPvPKt
                0x80042d40      0x120 video.o
 .text._Z22render_scanline_bitmapIL8rendtype1EtLj3EtLj240ELj160EL11bm_rendmode2ELb1EEvmmPvPKt
                0x80042e60      0x120 video.o
 .text._Z22render_scanline_bitmapIL8rendtype1EmLj5EtLj160ELj128EL11bm_rendmode2ELb1EEvmmPvPKt
                0x80042f80      0x160 video.o
 .text._Z22render_scanline_bitmapIL8rendtype2EmLj5EtLj160ELj128EL11bm_rendmode2ELb0EEvmmPvPKt
                0x800430e0      0x160 video.o
 .text._Z22render_scanline_bitmapIL8rendtype2EmLj5EtLj160ELj128EL11bm_rendmode2ELb1EEvmmPvPKt
                0x80043240      0x160 video.o
 .text._Z22render_scanline_bitmapIL8rendtype0EtLj5EtLj160ELj128EL11bm_rendmode2ELb1EEvmmPvPKt
                0x800433a0      0x160 video.o
 .text._Z22render_scanline_bitmapIL8rendtype1EtLj5EtLj160ELj128EL11bm_rendmode2ELb0EEvmmPvPKt
                0x80043500      0x160 video.o
 .text._Z22render_scanline_bitmapIL8rendtype1EtLj5EtLj160ELj128EL11bm_rendmode2ELb1EEvmmPvPKt
                0x80043660      0x160 video.o
 .text.video_reload_counters
                0x800437c0      0x160 video.o
                0x800437c0                video_reload_counters
 .text._Z20render_scanline_objsItL8rendtype0EEvmmmPvPKt
                0x80043920     0x1a00 video.o
                0x80043920                _Z20render_scanline_objsItL8rendtype0EEvmmmPvPKt
 .text._Z20bitmap_render_layersIL8rendtype0ELS0_0EtEvmmPT1_m
                0x80045320      0x260 video.o
 .text._ZL27render_scanline_conditionalmmPtm
                0x80045580      0x1e0 video.o
 .text._Z20render_scanline_objsItL8rendtype3EEvmmmPvPKt.isra.0
                0x80045760     0x18a0 video.o
 .text._Z20render_window_n_passIXadL_ZL21render_windowout_passPtmmEELj1EEvS0_mm
                0x80047000      0x2a0 video.o
 .text._Z20render_window_n_passIXadL_ZL21render_windowobj_passPtmmEELj1EEvS0_mm
                0x800472a0      0x320 video.o
 .text.update_scanline
                0x800475c0      0xa00 video.o
                0x800475c0                update_scanline
 .text._Z18tile_render_layersIL8rendtype0ELS0_0EtEvmmPT1_m
                0x80047fc0      0x220 video.o
                0x80047fc0                _Z18tile_render_layersIL8rendtype0ELS0_0EtEvmmPT1_m
 .text.set_cpu_mode
                0x800481e0      0x140 cpu.o
                0x800481e0                set_cpu_mode
 .text.check_interrupt
                0x80048320       0x80 cpu.o
                0x80048320                check_interrupt
 .text.check_and_raise_interrupts
                0x800483a0       0xe0 cpu.o
                0x800483a0                check_and_raise_interrupts
 .text.flag_interrupt
                0x80048480       0x80 cpu.o
                0x80048480                flag_interrupt
 .text.execute_arm
                0x80048500    0x12020 cpu.o
                0x80048500                execute_arm
 .text.thumb_c_execute_one
                0x8005a520      0x4a0 cpu.o
                0x8005a520                thumb_c_execute_one
 .text.init_cpu
                0x8005a9c0      0x100 cpu.o
                0x8005a9c0                init_cpu
 .text.emit_pmemld_stub
                0x8005aac0      0xa40 cpu_threaded.o
 .text.emit_pmemst_stub
                0x8005b500      0x4c0 cpu_threaded.o
 .text.emit_palette_hdl
                0x8005b9c0      0x260 cpu_threaded.o
 .text.emit_openload_stub
                0x8005bc20      0x280 cpu_threaded.o
 .text.emit_phand
                0x8005bea0      0x100 cpu_threaded.o
 .text.execute_spsr_restore_body
                0x8005bfa0      0x100 cpu_threaded.o
                0x8005bfa0                execute_spsr_restore_body
 .text.execute_store_cpsr_body
                0x8005c0a0       0xe0 cpu_threaded.o
                0x8005c0a0                execute_store_cpsr_body
 .text.execute_arm_translate
                0x8005c180       0x80 cpu_threaded.o
                0x8005c180                execute_arm_translate
 .text.translate_icache_sync
                0x8005c200       0xc0 cpu_threaded.o
                0x8005c200                translate_icache_sync
 .text.flush_translation_cache_ram
                0x8005c2c0      0x1c0 cpu_threaded.o
                0x8005c2c0                flush_translation_cache_ram
 .text.translate_block_arm
                0x8005c480    0x47d00 cpu_threaded.o
                0x8005c480                translate_block_arm
 .text.block_lookup_translate_arm
                0x800a4180      0x220 cpu_threaded.o
                0x800a4180                block_lookup_translate_arm
 .text.block_lookup_address_arm
                0x800a43a0       0xa0 cpu_threaded.o
                0x800a43a0                block_lookup_address_arm
 .text.init_emitter
                0x800a4440     0x13a0 cpu_threaded.o
                0x800a4440                init_emitter
 .text.translate_block_thumb
                0x800a57e0     0xe2e0 cpu_threaded.o
                0x800a57e0                translate_block_thumb
 .text.block_lookup_translate_thumb
                0x800b3ac0      0x220 cpu_threaded.o
                0x800b3ac0                block_lookup_translate_thumb
 .text.block_lookup_address_thumb
                0x800b3ce0       0xa0 cpu_threaded.o
                0x800b3ce0                block_lookup_address_thumb
 .text.block_lookup_address_dual
                0x800b3d80       0x60 cpu_threaded.o
                0x800b3d80                block_lookup_address_dual
 .text.init_dynarec_caches
                0x800b3de0       0xa0 cpu_threaded.o
                0x800b3de0                init_dynarec_caches
 .text.init_thumb_handler_table
                0x800b3e80       0x40 n64/n64_interp.o
                0x800b3e80                init_thumb_handler_table
 .text.info_msg
                0x800b3ec0       0x20 n64/n64_main.o
                0x800b3ec0                info_msg
 .text.netpacket_poll_receive
                0x800b3ee0       0x20 n64/n64_main.o
                0x800b3ee0                netpacket_poll_receive
 .text.netpacket_send
                0x800b3f00       0x20 n64/n64_main.o
                0x800b3f00                netpacket_send
 .text.startup.main
                0x800b3f20      0x5c0 n64/n64_main.o
                0x800b3f20                main
 .text.n64_video_init
                0x800b44e0       0x60 n64/n64_video.o
                0x800b44e0                n64_video_init
 .text.n64_video_render_frame
                0x800b4540      0x100 n64/n64_video.o
                0x800b4540                n64_video_render_frame
 .text.n64_video_flip
                0x800b4640       0x40 n64/n64_video.o
                0x800b4640                n64_video_flip
 .text.n64_video_draw_text
                0x800b4680       0xa0 n64/n64_video.o
                0x800b4680                n64_video_draw_text
 .text.n64_audio_init
                0x800b4720       0x20 n64/n64_audio.o
                0x800b4720                n64_audio_init
 .text.n64_input_init
                0x800b4740       0x20 n64/n64_input.o
                0x800b4740                n64_input_init
 .text.n64_input_poll
                0x800b4760       0x20 n64/n64_input.o
                0x800b4760                n64_input_poll
 .text.n64_input_update
                0x800b4780      0x140 n64/n64_input.o
                0x800b4780                n64_input_update
 .text.scan_directory.isra.0
                0x800b48c0      0x1a0 n64/n64_storage.o
 .text.n64_storage_init
                0x800b4a60       0x20 n64/n64_storage.o
                0x800b4a60                n64_storage_init
 .text.n64_storage_browse_roms
                0x800b4a80      0x2c0 n64/n64_storage.o
                0x800b4a80                n64_storage_browse_roms
 .text.data_cache_hit_writeback
                0x800b4d40       0x60 /opt/libdragon/bin/../lib/gcc/mips64-elf/14.2.0/../../../../mips64-elf/lib/libdragon.a(n64sys.o)
                0x800b4d40                data_cache_hit_writeback
 .text.data_cache_hit_invalidate
                0x800b4da0       0x80 /opt/libdragon/bin/../lib/gcc/mips64-elf/14.2.0/../../../../mips64-elf/lib/libdragon.a(n64sys.o)
                0x800b4da0                data_cache_hit_invalidate
 .text.data_cache_hit_writeback_invalidate
                0x800b4e20       0x60 /opt/libdragon/bin/../lib/gcc/mips64-elf/14.2.0/../../../../mips64-elf/lib/libdragon.a(n64sys.o)
                0x800b4e20                data_cache_hit_writeback_invalidate
 .text.inst_cache_hit_invalidate
                0x800b4e80       0x60 /opt/libdragon/bin/../lib/gcc/mips64-elf/14.2.0/../../../../mips64-elf/lib/libdragon.a(n64sys.o)
                0x800b4e80                inst_cache_hit_invalidate
 .text.inst_cache_invalidate_all
                0x800b4ee0       0x20 /opt/libdragon/bin/../lib/gcc/mips64-elf/14.2.0/../../../../mips64-elf/lib/libdragon.a(n64sys.o)
                0x800b4ee0                inst_cache_invalidate_all
 .text.malloc_uncached
                0x800b4f00       0x60 /opt/libdragon/bin/../lib/gcc/mips64-elf/14.2.0/../../../../mips64-elf/lib/libdragon.a(n64sys.o)
                0x800b4f00                malloc_uncached
 .text.malloc_uncached_aligned
                0x800b4f60       0x80 /opt/libdragon/bin/../lib/gcc/mips64-elf/14.2.0/../../../../mips64-elf/lib/libdragon.a(n64sys.o)
                0x800b4f60                malloc_uncached_aligned
 .text.free_uncached
                0x800b4fe0       0x20 /opt/libdragon/bin/../lib/gcc/mips64-elf/14.2.0/../../../../mips64-elf/lib/libdragon.a(n64sys.o)
                0x800b4fe0                free_uncached
 .text.get_ticks
                0x800b5000       0x40 /opt/libdragon/bin/../lib/gcc/mips64-elf/14.2.0/../../../../mips64-elf/lib/libdragon.a(n64sys.o)
                0x800b5000                get_ticks
 .text.wait_ms  0x800b5040       0x40 /opt/libdragon/bin/../lib/gcc/mips64-elf/14.2.0/../../../../mips64-elf/lib/libdragon.a(n64sys.o)
                0x800b5040                wait_ms
 .text.startup.__init_cop1
                0x800b5080       0x40 /opt/libdragon/bin/../lib/gcc/mips64-elf/14.2.0/../../../../mips64-elf/lib/libdragon.a(n64sys.o)
                0x800b5080                __init_cop1
 .text.__MI_handler
                0x800b50c0      0x220 /opt/libdragon/bin/../lib/gcc/mips64-elf/14.2.0/../../../../mips64-elf/lib/libdragon.a(interrupt.o)
                0x800b50c0                __MI_handler
 .text.__MI_BB_handler
                0x800b52e0      0x2c0 /opt/libdragon/bin/../lib/gcc/mips64-elf/14.2.0/../../../../mips64-elf/lib/libdragon.a(interrupt.o)
                0x800b52e0                __MI_BB_handler
 .text.__TI_handler
                0x800b55a0       0x60 /opt/libdragon/bin/../lib/gcc/mips64-elf/14.2.0/../../../../mips64-elf/lib/libdragon.a(interrupt.o)
                0x800b55a0                __TI_handler
 .text.__CART_handler
                0x800b5600       0xe0 /opt/libdragon/bin/../lib/gcc/mips64-elf/14.2.0/../../../../mips64-elf/lib/libdragon.a(interrupt.o)
                0x800b5600                __CART_handler
 .text.__RESET_handler
                0x800b56e0       0x60 /opt/libdragon/bin/../lib/gcc/mips64-elf/14.2.0/../../../../mips64-elf/lib/libdragon.a(interrupt.o)
                0x800b56e0                __RESET_handler
 .text.register_AI_handler
                0x800b5740       0x60 /opt/libdragon/bin/../lib/gcc/mips64-elf/14.2.0/../../../../mips64-elf/lib/libdragon.a(interrupt.o)
                0x800b5740                register_AI_handler
 .text.register_VI_handler
                0x800b57a0       0x60 /opt/libdragon/bin/../lib/gcc/mips64-elf/14.2.0/../../../../mips64-elf/lib/libdragon.a(interrupt.o)
                0x800b57a0                register_VI_handler
 .text.unregister_VI_handler
                0x800b5800       0x60 /opt/libdragon/bin/../lib/gcc/mips64-elf/14.2.0/../../../../mips64-elf/lib/libdragon.a(interrupt.o)
                0x800b5800                unregister_VI_handler
 .text.register_DP_handler
                0x800b5860       0x60 /opt/libdragon/bin/../lib/gcc/mips64-elf/14.2.0/../../../../mips64-elf/lib/libdragon.a(interrupt.o)
                0x800b5860                register_DP_handler
 .text.register_SI_handler
                0x800b58c0       0x60 /opt/libdragon/bin/../lib/gcc/mips64-elf/14.2.0/../../../../mips64-elf/lib/libdragon.a(interrupt.o)
                0x800b58c0                register_SI_handler
 .text.register_SP_handler
                0x800b5920       0x60 /opt/libdragon/bin/../lib/gcc/mips64-elf/14.2.0/../../../../mips64-elf/lib/libdragon.a(interrupt.o)
                0x800b5920                register_SP_handler
 .text.register_TI_handler
                0x800b5980       0x60 /opt/libdragon/bin/../lib/gcc/mips64-elf/14.2.0/../../../../mips64-elf/lib/libdragon.a(interrupt.o)
                0x800b5980                register_TI_handler
 .text.register_RESET_handler
                0x800b59e0       0x80 /opt/libdragon/bin/../lib/gcc/mips64-elf/14.2.0/../../../../mips64-elf/lib/libdragon.a(interrupt.o)
                0x800b59e0                register_RESET_handler
 .text.set_AI_interrupt
                0x800b5a60       0x20 /opt/libdragon/bin/../lib/gcc/mips64-elf/14.2.0/../../../../mips64-elf/lib/libdragon.a(interrupt.o)
                0x800b5a60                set_AI_interrupt
 .text.set_VI_interrupt
                0x800b5a80       0x40 /opt/libdragon/bin/../lib/gcc/mips64-elf/14.2.0/../../../../mips64-elf/lib/libdragon.a(interrupt.o)
                0x800b5a80                set_VI_interrupt
 .text.set_DP_interrupt
                0x800b5ac0       0x20 /opt/libdragon/bin/../lib/gcc/mips64-elf/14.2.0/../../../../mips64-elf/lib/libdragon.a(interrupt.o)
                0x800b5ac0                set_DP_interrupt
 .text.set_SI_interrupt
                0x800b5ae0       0x20 /opt/libdragon/bin/../lib/gcc/mips64-elf/14.2.0/../../../../mips64-elf/lib/libdragon.a(interrupt.o)
                0x800b5ae0                set_SI_interrupt
 .text.set_SP_interrupt
                0x800b5b00       0x20 /opt/libdragon/bin/../lib/gcc/mips64-elf/14.2.0/../../../../mips64-elf/lib/libdragon.a(interrupt.o)
                0x800b5b00                set_SP_interrupt
 .text.set_TI_interrupt
                0x800b5b20       0x40 /opt/libdragon/bin/../lib/gcc/mips64-elf/14.2.0/../../../../mips64-elf/lib/libdragon.a(interrupt.o)
                0x800b5b20                set_TI_interrupt
 .text.startup.__init_interrupts
                0x800b5b60       0x60 /opt/libdragon/bin/../lib/gcc/mips64-elf/14.2.0/../../../../mips64-elf/lib/libdragon.a(interrupt.o)
                0x800b5b60                __init_interrupts
 .text.disable_interrupts
                0x800b5bc0       0x40 /opt/libdragon/bin/../lib/gcc/mips64-elf/14.2.0/../../../../mips64-elf/lib/libdragon.a(interrupt.o)
                0x800b5bc0                disable_interrupts
 .text.enable_interrupts
                0x800b5c00       0x80 /opt/libdragon/bin/../lib/gcc/mips64-elf/14.2.0/../../../../mips64-elf/lib/libdragon.a(interrupt.o)
                0x800b5c00                enable_interrupts
 .text.get_interrupts_state
                0x800b5c80       0x20 /opt/libdragon/bin/../lib/gcc/mips64-elf/14.2.0/../../../../mips64-elf/lib/libdragon.a(interrupt.o)
                0x800b5c80                get_interrupts_state
 .text.exception_reset_time
                0x800b5ca0       0x20 /opt/libdragon/bin/../lib/gcc/mips64-elf/14.2.0/../../../../mips64-elf/lib/libdragon.a(interrupt.o)
                0x800b5ca0                exception_reset_time
 .text.__stderr_write
                0x800b5cc0       0x80 /opt/libdragon/bin/../lib/gcc/mips64-elf/14.2.0/../../../../mips64-elf/lib/libdragon.a(debug.o)
 .text.usblog_write
                0x800b5d40       0x20 /opt/libdragon/bin/../lib/gcc/mips64-elf/14.2.0/../../../../mips64-elf/lib/libdragon.a(debug.o)
 .text.isviewer_write
                0x800b5d60       0xe0 /opt/libdragon/bin/../lib/gcc/mips64-elf/14.2.0/../../../../mips64-elf/lib/libdragon.a(debug.o)
 .text.cb.0     0x800b5e40       0xa0 /opt/libdragon/bin/../lib/gcc/mips64-elf/14.2.0/../../../../mips64-elf/lib/libdragon.a(debug.o)
 .text.debug_init_usblog
                0x800b5ee0       0xe0 /opt/libdragon/bin/../lib/gcc/mips64-elf/14.2.0/../../../../mips64-elf/lib/libdragon.a(debug.o)
                0x800b5ee0                debug_init_usblog
 .text.debug_init_isviewer
                0x800b5fc0       0xe0 /opt/libdragon/bin/../lib/gcc/mips64-elf/14.2.0/../../../../mips64-elf/lib/libdragon.a(debug.o)
                0x800b5fc0                debug_init_isviewer
 .text.debug_assert_func_f
                0x800b60a0       0xe0 /opt/libdragon/bin/../lib/gcc/mips64-elf/14.2.0/../../../../mips64-elf/lib/libdragon.a(debug.o)
                0x800b60a0                debug_assert_func_f
 .text.debug_assert_func
                0x800b6180       0x20 /opt/libdragon/bin/../lib/gcc/mips64-elf/14.2.0/../../../../mips64-elf/lib/libdragon.a(debug.o)
                0x800b6180                debug_assert_func
 .text.debug_hexdump
                0x800b61a0      0x280 /opt/libdragon/bin/../lib/gcc/mips64-elf/14.2.0/../../../../mips64-elf/lib/libdragon.a(debug.o)
                0x800b61a0                debug_hexdump
 .text.__debug_backtrace
                0x800b6420      0x120 /opt/libdragon/bin/../lib/gcc/mips64-elf/14.2.0/../../../../mips64-elf/lib/libdragon.a(debug.o)
                0x800b6420                __debug_backtrace
 .text.debug_backtrace
                0x800b6540       0x20 /opt/libdragon/bin/../lib/gcc/mips64-elf/14.2.0/../../../../mips64-elf/lib/libdragon.a(debug.o)
                0x800b6540                debug_backtrace
 .text.usb_64drive_read
                0x800b6560       0x60 /opt/libdragon/bin/../lib/gcc/mips64-elf/14.2.0/../../../../mips64-elf/lib/libdragon.a(usb.o)
 .text.usb_64drive_poll
                0x800b65c0      0x1a0 /opt/libdragon/bin/../lib/gcc/mips64-elf/14.2.0/../../../../mips64-elf/lib/libdragon.a(usb.o)
 .text.usb_everdrive_usbbusy
                0x800b6760       0xe0 /opt/libdragon/bin/../lib/gcc/mips64-elf/14.2.0/../../../../mips64-elf/lib/libdragon.a(usb.o)
 .text.usb_everdrive_readusb
                0x800b6840       0xc0 /opt/libdragon/bin/../lib/gcc/mips64-elf/14.2.0/../../../../mips64-elf/lib/libdragon.a(usb.o)
 .text.usb_everdrive_poll
                0x800b6900      0x220 /opt/libdragon/bin/../lib/gcc/mips64-elf/14.2.0/../../../../mips64-elf/lib/libdragon.a(usb.o)
 .text.usb_everdrive_write
                0x800b6b20      0x1c0 /opt/libdragon/bin/../lib/gcc/mips64-elf/14.2.0/../../../../mips64-elf/lib/libdragon.a(usb.o)
 .text.usb_everdrive_read
                0x800b6ce0       0x60 /opt/libdragon/bin/../lib/gcc/mips64-elf/14.2.0/../../../../mips64-elf/lib/libdragon.a(usb.o)
 .text.usb_sc64_read
                0x800b6d40       0x60 /opt/libdragon/bin/../lib/gcc/mips64-elf/14.2.0/../../../../mips64-elf/lib/libdragon.a(usb.o)
 .text.usb_sc64_poll
                0x800b6da0      0x160 /opt/libdragon/bin/../lib/gcc/mips64-elf/14.2.0/../../../../mips64-elf/lib/libdragon.a(usb.o)
 .text.usb_write
                0x800b6f00       0x40 /opt/libdragon/bin/../lib/gcc/mips64-elf/14.2.0/../../../../mips64-elf/lib/libdragon.a(usb.o)
                0x800b6f00                usb_write
 .text.usb_sendheartbeat
                0x800b6f40       0x60 /opt/libdragon/bin/../lib/gcc/mips64-elf/14.2.0/../../../../mips64-elf/lib/libdragon.a(usb.o)
                0x800b6f40                usb_sendheartbeat
 .text.usb_initialize
                0x800b6fa0      0x1e0 /opt/libdragon/bin/../lib/gcc/mips64-elf/14.2.0/../../../../mips64-elf/lib/libdragon.a(usb.o)
                0x800b6fa0                usb_initialize
 .text.usb_64drive_wait
                0x800b7180       0xc0 /opt/libdragon/bin/../lib/gcc/mips64-elf/14.2.0/../../../../mips64-elf/lib/libdragon.a(usb.o)
                0x800b7180                usb_64drive_wait
 .text.usb_64drive_write
                0x800b7240      0x240 /opt/libdragon/bin/../lib/gcc/mips64-elf/14.2.0/../../../../mips64-elf/lib/libdragon.a(usb.o)
 .text.usb_sc64_execute_cmd
                0x800b7480       0xc0 /opt/libdragon/bin/../lib/gcc/mips64-elf/14.2.0/../../../../mips64-elf/lib/libdragon.a(usb.o)
                0x800b7480                usb_sc64_execute_cmd
 .text.usb_sc64_write
                0x800b7540      0x2c0 /opt/libdragon/bin/../lib/gcc/mips64-elf/14.2.0/../../../../mips64-elf/lib/libdragon.a(usb.o)
 .text.get_next_token
                0x800b7800       0xc0 /opt/libdragon/bin/../lib/gcc/mips64-elf/14.2.0/../../../../mips64-elf/lib/libdragon.a(dragonfs.o)
 .text.__fstat  0x800b78c0       0x40 /opt/libdragon/bin/../lib/gcc/mips64-elf/14.2.0/../../../../mips64-elf/lib/libdragon.a(dragonfs.o)
 .text.lookup_file
                0x800b7900      0x260 /opt/libdragon/bin/../lib/gcc/mips64-elf/14.2.0/../../../../mips64-elf/lib/libdragon.a(dragonfs.o)
 .text.__close  0x800b7b60       0x40 /opt/libdragon/bin/../lib/gcc/mips64-elf/14.2.0/../../../../mips64-elf/lib/libdragon.a(dragonfs.o)
 .text.__ioctl  0x800b7ba0       0x60 /opt/libdragon/bin/../lib/gcc/mips64-elf/14.2.0/../../../../mips64-elf/lib/libdragon.a(dragonfs.o)
 .text.recurse_path
                0x800b7c00      0x3e0 /opt/libdragon/bin/../lib/gcc/mips64-elf/14.2.0/../../../../mips64-elf/lib/libdragon.a(dragonfs.o)
 .text.__findnext
                0x800b7fe0      0x100 /opt/libdragon/bin/../lib/gcc/mips64-elf/14.2.0/../../../../mips64-elf/lib/libdragon.a(dragonfs.o)
 .text.__dfs_findfirst
                0x800b80e0       0xe0 /opt/libdragon/bin/../lib/gcc/mips64-elf/14.2.0/../../../../mips64-elf/lib/libdragon.a(dragonfs.o)
 .text.__findfirst
                0x800b81c0       0x60 /opt/libdragon/bin/../lib/gcc/mips64-elf/14.2.0/../../../../mips64-elf/lib/libdragon.a(dragonfs.o)
 .text.__lseek  0x800b8220       0xa0 /opt/libdragon/bin/../lib/gcc/mips64-elf/14.2.0/../../../../mips64-elf/lib/libdragon.a(dragonfs.o)
 .text.dfs_open
                0x800b82c0      0x1a0 /opt/libdragon/bin/../lib/gcc/mips64-elf/14.2.0/../../../../mips64-elf/lib/libdragon.a(dragonfs.o)
                0x800b82c0                dfs_open
 .text.__open   0x800b8460       0xc0 /opt/libdragon/bin/../lib/gcc/mips64-elf/14.2.0/../../../../mips64-elf/lib/libdragon.a(dragonfs.o)
 .text.dfs_read
                0x800b8520      0x1a0 /opt/libdragon/bin/../lib/gcc/mips64-elf/14.2.0/../../../../mips64-elf/lib/libdragon.a(dragonfs.o)
                0x800b8520                dfs_read
 .text.__read   0x800b86c0       0x20 /opt/libdragon/bin/../lib/gcc/mips64-elf/14.2.0/../../../../mips64-elf/lib/libdragon.a(dragonfs.o)
 .text.dfs_init
                0x800b86e0      0x220 /opt/libdragon/bin/../lib/gcc/mips64-elf/14.2.0/../../../../mips64-elf/lib/libdragon.a(dragonfs.o)
                0x800b86e0                dfs_init
 .text.audio_callback.part.0
                0x800b8900      0x1e0 /opt/libdragon/bin/../lib/gcc/mips64-elf/14.2.0/../../../../mips64-elf/lib/libdragon.a(audio.o)
 .text.audio_callback
                0x800b8ae0       0x60 /opt/libdragon/bin/../lib/gcc/mips64-elf/14.2.0/../../../../mips64-elf/lib/libdragon.a(audio.o)
 .text.audio_init
                0x800b8b40      0x200 /opt/libdragon/bin/../lib/gcc/mips64-elf/14.2.0/../../../../mips64-elf/lib/libdragon.a(audio.o)
                0x800b8b40                audio_init
 .text.__display_callback
                0x800b8d40      0x140 /opt/libdragon/bin/../lib/gcc/mips64-elf/14.2.0/../../../../mips64-elf/lib/libdragon.a(display.o)
 .text.display_show.part.0
                0x800b8e80      0x1a0 /opt/libdragon/bin/../lib/gcc/mips64-elf/14.2.0/../../../../mips64-elf/lib/libdragon.a(display.o)
 .text.display_init
                0x800b9020      0x5c0 /opt/libdragon/bin/../lib/gcc/mips64-elf/14.2.0/../../../../mips64-elf/lib/libdragon.a(display.o)
                0x800b9020                display_init
 .text.display_close
                0x800b95e0      0x100 /opt/libdragon/bin/../lib/gcc/mips64-elf/14.2.0/../../../../mips64-elf/lib/libdragon.a(display.o)
                0x800b95e0                display_close
 .text.display_try_get
                0x800b96e0       0xc0 /opt/libdragon/bin/../lib/gcc/mips64-elf/14.2.0/../../../../mips64-elf/lib/libdragon.a(display.o)
                0x800b96e0                display_try_get
 .text.display_get
                0x800b97a0      0x100 /opt/libdragon/bin/../lib/gcc/mips64-elf/14.2.0/../../../../mips64-elf/lib/libdragon.a(display.o)
                0x800b97a0                display_get
 .text.display_show
                0x800b98a0       0x20 /opt/libdragon/bin/../lib/gcc/mips64-elf/14.2.0/../../../../mips64-elf/lib/libdragon.a(display.o)
                0x800b98a0                display_show
 .text.display_show_force
                0x800b98c0       0x40 /opt/libdragon/bin/../lib/gcc/mips64-elf/14.2.0/../../../../mips64-elf/lib/libdragon.a(display.o)
                0x800b98c0                display_show_force
 .text.display_get_bitdepth
                0x800b9900       0x20 /opt/libdragon/bin/../lib/gcc/mips64-elf/14.2.0/../../../../mips64-elf/lib/libdragon.a(display.o)
                0x800b9900                display_get_bitdepth
 .text.tex_format_name
                0x800b9920       0x40 /opt/libdragon/bin/../lib/gcc/mips64-elf/14.2.0/../../../../mips64-elf/lib/libdragon.a(surface.o)
                0x800b9920                tex_format_name
 .text.surface_alloc
                0x800b9960       0xe0 /opt/libdragon/bin/../lib/gcc/mips64-elf/14.2.0/../../../../mips64-elf/lib/libdragon.a(surface.o)
                0x800b9960                surface_alloc
 .text.surface_free
                0x800b9a40       0x80 /opt/libdragon/bin/../lib/gcc/mips64-elf/14.2.0/../../../../mips64-elf/lib/libdragon.a(surface.o)
                0x800b9a40                surface_free
 .text.graphics_draw_character.part.0
                0x800b9ac0      0x4e0 /opt/libdragon/bin/../lib/gcc/mips64-elf/14.2.0/../../../../mips64-elf/lib/libdragon.a(graphics.o)
 .text.graphics_set_color
                0x800b9fa0       0x20 /opt/libdragon/bin/../lib/gcc/mips64-elf/14.2.0/../../../../mips64-elf/lib/libdragon.a(graphics.o)
                0x800b9fa0                graphics_set_color
 .text.graphics_draw_box
                0x800b9fc0      0x120 /opt/libdragon/bin/../lib/gcc/mips64-elf/14.2.0/../../../../mips64-elf/lib/libdragon.a(graphics.o)
                0x800b9fc0                graphics_draw_box
 .text.graphics_fill_screen
                0x800ba0e0       0x80 /opt/libdragon/bin/../lib/gcc/mips64-elf/14.2.0/../../../../mips64-elf/lib/libdragon.a(graphics.o)
                0x800ba0e0                graphics_fill_screen
 .text.graphics_set_default_font
                0x800ba160       0x20 /opt/libdragon/bin/../lib/gcc/mips64-elf/14.2.0/../../../../mips64-elf/lib/libdragon.a(graphics.o)
                0x800ba160                graphics_set_default_font
 .text.graphics_draw_character
                0x800ba180       0x20 /opt/libdragon/bin/../lib/gcc/mips64-elf/14.2.0/../../../../mips64-elf/lib/libdragon.a(graphics.o)
                0x800ba180                graphics_draw_character
 .text.graphics_draw_text
                0x800ba1a0      0x120 /opt/libdragon/bin/../lib/gcc/mips64-elf/14.2.0/../../../../mips64-elf/lib/libdragon.a(graphics.o)
                0x800ba1a0                graphics_draw_text
 .text.rsp_load_code
                0x800ba2c0      0x100 /opt/libdragon/bin/../lib/gcc/mips64-elf/14.2.0/../../../../mips64-elf/lib/libdragon.a(rsp.o)
                0x800ba2c0                rsp_load_code
 .text.rsp_load_data
                0x800ba3c0       0xe0 /opt/libdragon/bin/../lib/gcc/mips64-elf/14.2.0/../../../../mips64-elf/lib/libdragon.a(rsp.o)
                0x800ba3c0                rsp_load_data
 .text.rsp_load
                0x800ba4a0       0x60 /opt/libdragon/bin/../lib/gcc/mips64-elf/14.2.0/../../../../mips64-elf/lib/libdragon.a(rsp.o)
                0x800ba4a0                rsp_load
 .text.rsp_read_code
                0x800ba500       0xe0 /opt/libdragon/bin/../lib/gcc/mips64-elf/14.2.0/../../../../mips64-elf/lib/libdragon.a(rsp.o)
                0x800ba500                rsp_read_code
 .text.rsp_read_data
                0x800ba5e0       0xe0 /opt/libdragon/bin/../lib/gcc/mips64-elf/14.2.0/../../../../mips64-elf/lib/libdragon.a(rsp.o)
                0x800ba5e0                rsp_read_data
 .text.__rsp_run_async
                0x800ba6c0       0x40 /opt/libdragon/bin/../lib/gcc/mips64-elf/14.2.0/../../../../mips64-elf/lib/libdragon.a(rsp.o)
                0x800ba6c0                __rsp_run_async
 .text.__rsp_crash
                0x800ba700      0xc40 /opt/libdragon/bin/../lib/gcc/mips64-elf/14.2.0/../../../../mips64-elf/lib/libdragon.a(rsp.o)
                0x800ba700                __rsp_crash
 .text.__rsp_check_assert
                0x800bb340       0x80 /opt/libdragon/bin/../lib/gcc/mips64-elf/14.2.0/../../../../mips64-elf/lib/libdragon.a(rsp.o)
                0x800bb340                __rsp_check_assert
 .text.rsp_wait
                0x800bb3c0      0x100 /opt/libdragon/bin/../lib/gcc/mips64-elf/14.2.0/../../../../mips64-elf/lib/libdragon.a(rsp.o)
                0x800bb3c0                rsp_wait
 .text.rsp_run  0x800bb4c0       0x60 /opt/libdragon/bin/../lib/gcc/mips64-elf/14.2.0/../../../../mips64-elf/lib/libdragon.a(rsp.o)
                0x800bb4c0                rsp_run
 .text.cb.2     0x800bb520       0x60 /opt/libdragon/bin/../lib/gcc/mips64-elf/14.2.0/../../../../mips64-elf/lib/libdragon.a(inspector.o)
 .text.cb.1     0x800bb580       0x60 /opt/libdragon/bin/../lib/gcc/mips64-elf/14.2.0/../../../../mips64-elf/lib/libdragon.a(inspector.o)
 .text.cb.0     0x800bb5e0      0x120 /opt/libdragon/bin/../lib/gcc/mips64-elf/14.2.0/../../../../mips64-elf/lib/libdragon.a(inspector.o)
 .text.cb.3     0x800bb700      0x120 /opt/libdragon/bin/../lib/gcc/mips64-elf/14.2.0/../../../../mips64-elf/lib/libdragon.a(inspector.o)
 .text.inspector_stdout
                0x800bb820      0x300 /opt/libdragon/bin/../lib/gcc/mips64-elf/14.2.0/../../../../mips64-elf/lib/libdragon.a(inspector.o)
 .text.title    0x800bbb20       0xa0 /opt/libdragon/bin/../lib/gcc/mips64-elf/14.2.0/../../../../mips64-elf/lib/libdragon.a(inspector.o)
 .text.mips_disasm
                0x800bbbc0      0x820 /opt/libdragon/bin/../lib/gcc/mips64-elf/14.2.0/../../../../mips64-elf/lib/libdragon.a(inspector.o)
 .text.inspector
                0x800bc3e0      0xcc0 /opt/libdragon/bin/../lib/gcc/mips64-elf/14.2.0/../../../../mips64-elf/lib/libdragon.a(inspector.o)
 .text.handler.4
                0x800bd0a0       0x40 /opt/libdragon/bin/../lib/gcc/mips64-elf/14.2.0/../../../../mips64-elf/lib/libdragon.a(inspector.o)
 .text.__inspector_exception
                0x800bd0e0       0x20 /opt/libdragon/bin/../lib/gcc/mips64-elf/14.2.0/../../../../mips64-elf/lib/libdragon.a(inspector.o)
                0x800bd0e0                __inspector_exception
 .text.__inspector_assertion
                0x800bd100       0x20 /opt/libdragon/bin/../lib/gcc/mips64-elf/14.2.0/../../../../mips64-elf/lib/libdragon.a(inspector.o)
                0x800bd100                __inspector_assertion
 .text.startup.__inspector_init
                0x800bd120       0x20 /opt/libdragon/bin/../lib/gcc/mips64-elf/14.2.0/../../../../mips64-elf/lib/libdragon.a(inspector.o)
                0x800bd120                __inspector_init
 .text.dma_write_raw_async.part.0
                0x800bd140       0x40 /opt/libdragon/bin/../lib/gcc/mips64-elf/14.2.0/../../../../mips64-elf/lib/libdragon.a(dma.o)
 .text.dma_read_async
                0x800bd180      0x4e0 /opt/libdragon/bin/../lib/gcc/mips64-elf/14.2.0/../../../../mips64-elf/lib/libdragon.a(dma.o)
                0x800bd180                dma_read_async
 .text.dma_read
                0x800bd660       0x40 /opt/libdragon/bin/../lib/gcc/mips64-elf/14.2.0/../../../../mips64-elf/lib/libdragon.a(dma.o)
                0x800bd660                dma_read
 .text.dma_write
                0x800bd6a0       0xa0 /opt/libdragon/bin/../lib/gcc/mips64-elf/14.2.0/../../../../mips64-elf/lib/libdragon.a(dma.o)
                0x800bd6a0                dma_write
 .text.io_read  0x800bd740       0x60 /opt/libdragon/bin/../lib/gcc/mips64-elf/14.2.0/../../../../mips64-elf/lib/libdragon.a(dma.o)
                0x800bd740                io_read
 .text.io_write
                0x800bd7a0       0x60 /opt/libdragon/bin/../lib/gcc/mips64-elf/14.2.0/../../../../mips64-elf/lib/libdragon.a(dma.o)
                0x800bd7a0                io_write
 .text.cb.0     0x800bd800       0x40 /opt/libdragon/bin/../lib/gcc/mips64-elf/14.2.0/../../../../mips64-elf/lib/libdragon.a(exception.o)
 .text.cb.1     0x800bd840       0x80 /opt/libdragon/bin/../lib/gcc/mips64-elf/14.2.0/../../../../mips64-elf/lib/libdragon.a(exception.o)
 .text.is_unmapped_kx64
                0x800bd8c0      0x1e0 /opt/libdragon/bin/../lib/gcc/mips64-elf/14.2.0/../../../../mips64-elf/lib/libdragon.a(exception.o)
 .text.__get_exception_name.isra.0
                0x800bdaa0      0x440 /opt/libdragon/bin/../lib/gcc/mips64-elf/14.2.0/../../../../mips64-elf/lib/libdragon.a(exception.o)
 .text.__exception_dump_header
                0x800bdee0      0x340 /opt/libdragon/bin/../lib/gcc/mips64-elf/14.2.0/../../../../mips64-elf/lib/libdragon.a(exception.o)
                0x800bdee0                __exception_dump_header
 .text.__exception_dump_gpr
                0x800be220      0x180 /opt/libdragon/bin/../lib/gcc/mips64-elf/14.2.0/../../../../mips64-elf/lib/libdragon.a(exception.o)
                0x800be220                __exception_dump_gpr
 .text.__exception_dump_fpr
                0x800be3a0      0x2e0 /opt/libdragon/bin/../lib/gcc/mips64-elf/14.2.0/../../../../mips64-elf/lib/libdragon.a(exception.o)
                0x800be3a0                __exception_dump_fpr
 .text.exception_default_handler
                0x800be680      0x1a0 /opt/libdragon/bin/../lib/gcc/mips64-elf/14.2.0/../../../../mips64-elf/lib/libdragon.a(exception.o)
                0x800be680                exception_default_handler
 .text.__onCriticalException
                0x800be820       0x80 /opt/libdragon/bin/../lib/gcc/mips64-elf/14.2.0/../../../../mips64-elf/lib/libdragon.a(exception.o)
                0x800be820                __onCriticalException
 .text.register_syscall_handler
                0x800be8a0      0x1a0 /opt/libdragon/bin/../lib/gcc/mips64-elf/14.2.0/../../../../mips64-elf/lib/libdragon.a(exception.o)
                0x800be8a0                register_syscall_handler
 .text.__onSyscallException
                0x800bea40      0x180 /opt/libdragon/bin/../lib/gcc/mips64-elf/14.2.0/../../../../mips64-elf/lib/libdragon.a(exception.o)
                0x800bea40                __onSyscallException
 .text.__register_frame_info
                0x800bebc0       0x20 /opt/libdragon/bin/../lib/gcc/mips64-elf/14.2.0/../../../../mips64-elf/lib/libdragon.a(do_ctors.o)
                0x800bebc0                __register_frame_info
 .text.__wrap___do_global_ctors
                0x800bebe0       0xe0 /opt/libdragon/bin/../lib/gcc/mips64-elf/14.2.0/../../../../mips64-elf/lib/libdragon.a(do_ctors.o)
                0x800bebe0                __wrap___do_global_ctors
 .text.controller_read
                0x800becc0       0x20 /opt/libdragon/bin/../lib/gcc/mips64-elf/14.2.0/../../../../mips64-elf/lib/libdragon.a(controller.o)
                0x800becc0                controller_read
 .text.joybus_accessory_calculate_addr_checksum
                0x800bece0       0x60 /opt/libdragon/bin/../lib/gcc/mips64-elf/14.2.0/../../../../mips64-elf/lib/libdragon.a(joybus_accessory.o)
                0x800bece0                joybus_accessory_calculate_addr_checksum
 .text.joybus_accessory_calculate_data_crc
                0x800bed40       0xa0 /opt/libdragon/bin/../lib/gcc/mips64-elf/14.2.0/../../../../mips64-elf/lib/libdragon.a(joybus_accessory.o)
                0x800bed40                joybus_accessory_calculate_data_crc
 .text.joybus_accessory_compare_data_crc
                0x800bede0       0x60 /opt/libdragon/bin/../lib/gcc/mips64-elf/14.2.0/../../../../mips64-elf/lib/libdragon.a(joybus_accessory.o)
                0x800bede0                joybus_accessory_compare_data_crc
 .text.joybus_accessory_read_async
                0x800bee40       0xe0 /opt/libdragon/bin/../lib/gcc/mips64-elf/14.2.0/../../../../mips64-elf/lib/libdragon.a(joybus_accessory.o)
                0x800bee40                joybus_accessory_read_async
 .text.joybus_accessory_write_async